******************************************************************************
                  TI ARM Linker PC v20.2.7                     
******************************************************************************
>> Linked Mon May 27 10:11:59 2024

OUTPUT FILE NAME:   <ls31_spi_boot.out>
ENTRY POINT SYMBOL: "_c_int00"  address: 00002770


MEMORY CONFIGURATION

         name            origin    length      used     unused   attr    fill
----------------------  --------  ---------  --------  --------  ----  --------
  VECTORS               00000000   00000020  00000020  00000000     X
  FLASH_API             00000020   000014e0  00000f28  000005b8  R  X
  FLASH0                00001500   002feb00  0000288c  002fc274  R  X
  STACK                 08000000   00002000  00000000  00002000  RW  
  SRAM                  08002000   0002d000  000010ae  0002bf52  RW  


SEGMENT ALLOCATION MAP

run origin  load origin   length   init length attrs members
----------  ----------- ---------- ----------- ----- -------
00000000    00000000    00000020   00000020    r-x
  00000000    00000000    00000020   00000020    r-x .intvecs
00001500    00001500    00002890   00002890    r-x
  00001500    00001500    00002430   00002430    r-x .text
  00003930    00003930    00000424   00000424    r-- .const
  00003d58    00003d58    00000038   00000038    r-- .cinit
08002000    00000020    00000f28   00000f28    r-x
  08002000    00000020    00000f28   00000f28    r-x flashAPI
08002f28    08002f28    00000189   00000000    rw-
  08002f28    08002f28    00000155   00000000    rw- .bss
  08003080    08003080    00000031   00000000    rw- .data


SECTION ALLOCATION MAP

 output                                  attributes/
section   page    origin      length       input sections
--------  ----  ----------  ----------   ----------------
.intvecs   0    00000000    00000020     
                  00000000    00000020     sys_intvecs.obj (.intvecs)

flashAPI   0    00000020    00000f28     RUN ADDR = 08002000
                  00000020    00000008     Fapi_UserDefinedFunctions.obj (.text)
                  00000028    0000071c     bl_flash.obj (.text)
                  00000744    00000260     F021_API_CortexR4_BE.lib : FlashStateMachine.InitializeFlashBanks.obj (.text:Fapi_initializeFlashBanks)
                  000009a4    0000017c                              : FlashStateMachine.SetActiveBank.obj (.text:Fapi_setActiveFlashBank)
                  00000b20    00000178                              : Program.obj (.text:Fapi_issueProgrammingCommand)
                  00000c98    00000070                              : FlashStateMachine.EnableMainSectors.obj (.text:Fapi_enableMainBankSectors)
                  00000d08    00000068                              : Read.Common.obj (.text:_Fapi_enterMarginMode)
                  00000d70    00000040                              : Read.MarginByByte.obj (.text:Fapi_doMarginReadByByte)
                  00000db0    0000003c                              : FlashStateMachine.IssueFsmCommand.obj (.text:_Fapi_issueFsmCommand)
                  00000dec    00000036                              : Utilities.CalculateFletcher.obj (.text:Fapi_calculateFletcherChecksum)
                  00000e22    00000002     --HOLE-- [fill = 0]
                  00000e24    00000030                              : Async.WithAddress.obj (.text:Fapi_issueAsyncCommandWithAddress)
                  00000e54    00000030                              : Utilities.WaitDelay.obj (.text:Fapi_waitDelay)
                  00000e84    0000002c                              : Read.Common.obj (.text:_Fapi_exitMarginMode)
                  00000eb0    00000022                              : Read.FlushPipeline.obj (.text:Fapi_flushPipeline)
                  00000ed2    0000001c                              : FlashStateMachine.InitializeFlashBanks.obj (.text:_Fapi_divideUnsignedLong)
                  00000eee    00000002     --HOLE-- [fill = 0]
                  00000ef0    00000014                              : Utilities.CalculateEcc.obj (.text:Fapi_calculateEcc)
                  00000f04    00000010                              : Utilities.GetNumberOfSectors.obj (.text:Fapi_getNumberOfBankSectors)
                  00000f14    00000010                              : FlashStateMachine.ScaleFclk.obj (.text:_scaleEEFclk)
                  00000f24    00000010                              : FlashStateMachine.ScaleFclk.obj (.text:_scaleMainFclk)
                  00000f34    0000000c                              : Read.WdService.obj (.text:_Fapi_checkWdService)
                  00000f40    00000008     Fapi_UserDefinedFunctions.obj (.tramp.Fapi_serviceWatchdogTimer.1)

.text      0    00001500    00002430     
                  00001500    00000610     bl_spi.obj (.text)
                  00001b10    000004ec     hw_sci.obj (.text)
                  00001ffc    00000470     hw_spi.obj (.text)
                  0000246c    00000304     system.obj (.text)
                  00002770    000002d0     sys_startup.obj (.text:retain)
                  00002a40    00000288     sys_core.obj (.text)
                  00002cc8    00000228     bl_spi_packet.obj (.text)
                  00002ef0    000001b6     rtsv7R4_T_be_eabi.lib : fd_add_t2.asm.obj (.text)
                  000030a6    00000136                           : fd_div_t2.asm.obj (.text)
                  000031dc    00000130     hw_esm.obj (.text:retain)
                  0000330c    00000118     bl_main.obj (.text)
                  00003424    00000110     sci_common.obj (.text)
                  00003534    000000ec     bl_check.obj (.text)
                  00003620    000000dc     bl_led_demo.obj (.text)
                  000036fc    0000009c     rtsv7R4_T_be_eabi.lib : memcpy_t2.asm.obj (.text)
                  00003798    0000006c                           : copy_decompress_lzss.c.obj (.text:decompress:lzss:__TI_decompress_lzss)
                  00003804    0000004c                           : cpy_tbl.c.obj (.text:copy_in)
                  00003850    00000042                           : fd_tou_t2.asm.obj (.text)
                  00003892    00000002     --HOLE-- [fill = 0]
                  00003894    00000020     notification.obj (.text)
                  000038b4    00000020     rtsv7R4_T_be_eabi.lib : u_tofd_t2.asm.obj (.text)
                  000038d4    0000001c                           : copy_zero_init.c.obj (.text:decompress:ZI:__TI_zero_init_nomemset:__TI_zero_init_nomemset)
                  000038f0    0000000e                           : copy_decompress_none.c.obj (.text:decompress:none:__TI_decompress_none)
                  000038fe    00000004                           : exit.c.obj (.text:abort:abort)
                  00003902    00000002     --HOLE-- [fill = 0]
                  00003904    00000004     sys_phantom.obj (.text:retain)
                  00003908    00000008     bl_flash.obj (.tramp.Fapi_UpdateStatusProgram.1)
                  00003910    00000008     bl_flash.obj (.tramp.Fapi_BlockProgram.1)
                  00003918    00000008     bl_flash.obj (.tramp.Fapi_BlockErase.1)
                  00003920    00000008     bl_flash.obj (.tramp.BLInternalFlashStartAddrCheck.1)
                  00003928    00000008     bl_flash.obj (.tramp.BLInternalFlashFirstSectorSizeGet.1)

.const     0    00003930    00000424     
                  00003930    0000021c     bl_flash.obj (.const:flash_sector)
                  00003b4c    00000204     sys_startup.obj (.const:s_vim_init)
                  00003d50    00000002     bl_spi_packet.obj (.const:.string:g_pucACK)
                  00003d52    00000002     bl_spi_packet.obj (.const:.string:g_pucNAK)

.cinit     0    00003d58    00000038     
                  00003d58    00000011     (.cinit..data.load) [load image, compression = lzss]
                  00003d69    00000003     --HOLE-- [fill = 0]
                  00003d6c    0000000c     (__TI_handler_table)
                  00003d78    00000008     (.cinit..bss.load) [load image, compression = zero_init]
                  00003d80    00000010     (__TI_cinit_table)

.bss       0    08002f28    00000155     UNINITIALIZED
                  08002f28    00000100     (.common:g_pulDataBuffer)
                  08003028    00000018     (.common:g_sciTransfer)
                  08003040    00000018     (.common:g_spiPacket)
                  08003058    00000010     (.common:g_spiDataFormat)
                  08003068    00000004     bl_main.obj (.bss)
                  0800306c    00000004     (.common:g_pucDataBuffer)
                  08003070    00000004     (.common:g_ulForced)
                  08003074    00000004     (.common:g_ulTransferAddress)
                  08003078    00000004     (.common:g_ulTransferSize)
                  0800307c    00000001     (.common:g_ucStatus)

.data      0    08003080    00000031     UNINITIALIZED
                  08003080    00000020     bl_main.obj (.data:g_pulUpdateSuccess)
                  080030a0    00000008     F021_API_CortexR4_BE.lib : FlashStateMachine.ScaleFclk.obj (.data)
                  080030a8    00000008     bl_main.obj (.data)
                  080030b0    00000001     F021_API_CortexR4_BE.lib : FlashStateMachine.SetActiveBank.obj (.data)

__llvm_prf_cnts 
*          0    08002000    00000000     UNINITIALIZED

MODULE SUMMARY

       Module                                       code    ro data   rw data
       ------                                       ----    -------   -------
    .\
       bl_flash.obj                                 3680    540       0      
       bl_spi.obj                                   1552    0         1      
       hw_sci.obj                                   1260    0         24     
       sys_startup.obj                              720     516       0      
       hw_spi.obj                                   1136    0         40     
       system.obj                                   772     0         0      
       sys_core.obj                                 648     0         0      
       bl_main.obj                                  280     0         312    
       bl_spi_packet.obj                            552     4         0      
       hw_esm.obj                                   304     0         0      
       sci_common.obj                               272     0         0      
       bl_check.obj                                 236     0         4      
       bl_led_demo.obj                              220     0         0      
       Fapi_UserDefinedFunctions.obj                32      0         0      
       notification.obj                             32      0         0      
       sys_intvecs.obj                              32      0         0      
       sys_phantom.obj                              4       0         0      
    +--+--------------------------------------------+-------+---------+---------+
       Total:                                       11732   1060      381    
                                                                             
    ..\..\..\lib\F021_API_CortexR4_BE.lib
       FlashStateMachine.InitializeFlashBanks.obj   1272    0         0      
       FlashStateMachine.SetActiveBank.obj          760     0         1      
       Program.obj                                  752     0         0      
       Read.Common.obj                              296     0         0      
       FlashStateMachine.EnableMainSectors.obj      224     0         0      
       Read.MarginByByte.obj                        128     0         0      
       FlashStateMachine.IssueFsmCommand.obj        120     0         0      
       Utilities.CalculateFletcher.obj              108     0         0      
       Async.WithAddress.obj                        96      0         0      
       Utilities.WaitDelay.obj                      96      0         0      
       FlashStateMachine.ScaleFclk.obj              64      0         8      
       Read.FlushPipeline.obj                       68      0         0      
       Utilities.CalculateEcc.obj                   40      0         0      
       Utilities.GetNumberOfSectors.obj             32      0         0      
       Read.WdService.obj                           24      0         0      
    +--+--------------------------------------------+-------+---------+---------+
       Total:                                       4080    0         9      
                                                                             
    D:/CCS12.7.0.00007_win64/ccs/tools/compiler/ti-cgt-arm_20.2.7.LTS/lib/rtsv7R4_T_be_eabi.lib
       fd_add_t2.asm.obj                            438     0         0      
       fd_div_t2.asm.obj                            310     0         0      
       memcpy_t2.asm.obj                            156     0         0      
       copy_decompress_lzss.c.obj                   108     0         0      
       cpy_tbl.c.obj                                76      0         0      
       fd_tou_t2.asm.obj                            66      0         0      
       u_tofd_t2.asm.obj                            32      0         0      
       copy_zero_init.c.obj                         28      0         0      
       copy_decompress_none.c.obj                   14      0         0      
       exit.c.obj                                   4       0         0      
    +--+--------------------------------------------+-------+---------+---------+
       Total:                                       1232    0         0      
                                                                             
       Linker Generated:                            0       53        0      
    +--+--------------------------------------------+-------+---------+---------+
       Grand Total:                                 17044   1113      390    


LINKER GENERATED COPY TABLES

__TI_cinit_table @ 00003d80 records: 2, size/record: 8, table size: 16
	.data: load addr=00003d58, load size=00000011 bytes, run addr=08003080, run size=00000031 bytes, compression=lzss
	.bss: load addr=00003d78, load size=00000008 bytes, run addr=08002f28, run size=00000155 bytes, compression=zero_init


LINKER GENERATED HANDLER TABLE

__TI_handler_table @ 00003d6c records: 3, size/record: 4, table size: 12
	index: 0, handler: __TI_decompress_lzss
	index: 1, handler: __TI_decompress_none
	index: 2, handler: __TI_zero_init

VENEERS

callee name               veneer name
   callee addr  veneer addr  call addr  call info
--------------  -----------  ---------  ----------------
Fapi_serviceWatchdogTimer  $Ven$TA$L$PI$$Fapi_serviceWatchdogTimer
   08002000     08002f20     08002f1a   F021_API_CortexR4_BE.lib : Read.WdService.obj (.text:_Fapi_checkWdService)

[1 trampolines]
[1 trampoline calls]


FAR CALL TRAMPOLINES

callee name               trampoline name
   callee addr  tramp addr   call addr  call info
--------------  -----------  ---------  ----------------
Fapi_UpdateStatusProgram  $Tramp$AA$L$PI$$Fapi_UpdateStatusProgram
   08002520     00003908     00001a14   bl_spi.obj (.text)
Fapi_BlockProgram         $Tramp$AA$L$PI$$Fapi_BlockProgram
   080023d8     00003910     00001960   bl_spi.obj (.text)
Fapi_BlockErase           $Tramp$AA$L$PI$$Fapi_BlockErase
   08002170     00003918     00001774   bl_spi.obj (.text)
                             000018f8   bl_spi.obj (.text)
BLInternalFlashStartAddrCheck  $Tramp$AA$L$PI$$BLInternalFlashStartAddrCheck
   08002058     00003920     00001724   bl_spi.obj (.text)
BLInternalFlashFirstSectorSizeGet  $Tramp$AA$L$PI$$BLInternalFlashFirstSectorSizeGet
   08002008     00003928     000015cc   bl_spi.obj (.text)

[5 trampolines]
[6 trampoline calls]


GLOBAL SYMBOLS: SORTED ALPHABETICALLY BY Name 

address   name                             
-------   ----                             
00002d2c  AckPacket                        
08002008  BLInternalFlashFirstSectorSizeGet
08002030  BLInternalFlashSizeGet           
08002058  BLInternalFlashStartAddrCheck    
000038ff  C$$EXIT                          
000035b4  CheckForceUpdate                 
00003534  CheckGPIOForceUpdate             
00002cc8  CheckSum                         
000033ac  ConfigureSPIDevice               
08002170  Fapi_BlockErase                  
080023d8  Fapi_BlockProgram                
08002678  Fapi_BlockRead                   
08002520  Fapi_UpdateStatusProgram         
08002ed1  Fapi_calculateEcc                
08002dcd  Fapi_calculateFletcherChecksum   
08002d51  Fapi_doMarginReadByByte          
08002c79  Fapi_enableMainBankSectors       
08002e91  Fapi_flushPipeline               
08002ee5  Fapi_getNumberOfBankSectors      
08002725  Fapi_initializeFlashBanks        
08002e05  Fapi_issueAsyncCommandWithAddress
08002b01  Fapi_issueProgrammingCommand     
08002000  Fapi_serviceWatchdogTimer        
08002985  Fapi_setActiveFlashBank          
08002e35  Fapi_waitDelay                   
0800262c  Flash_Erase_Check                
080025dc  Flash_Program_Check              
00002d48  NakPacket                        
00002d64  ReceivePacket                    
UNDEFED   SHT$$INIT_ARRAY$$Base            
UNDEFED   SHT$$INIT_ARRAY$$Limit           
00001554  SPIReceive                       
00001500  SPISend                          
00002e30  SendPacket                       
00003504  UART_putChar                     
000034c4  UART_putString                   
00003424  UART_send32BitData               
000015a8  UpdaterSPI                       
08002f15  _Fapi_checkWdService             
08002ce9  _Fapi_enterMarginMode            
08002e65  _Fapi_exitMarginMode             
08002d91  _Fapi_issueFsmCommand            
00003d80  __TI_CINIT_Base                  
00003d90  __TI_CINIT_Limit                 
00003d6c  __TI_Handler_Table_Base          
00003d78  __TI_Handler_Table_Limit         
00002cc0  __TI_PINIT_Base                  
00002cc4  __TI_PINIT_Limit                 
00003799  __TI_decompress_lzss             
000038f1  __TI_decompress_none             
ffffffff  __TI_pprof_out_hndl              
ffffffff  __TI_prof_data_size              
ffffffff  __TI_prof_data_start             
00000000  __TI_static_base__               
000038d5  __TI_zero_init_nomemset          
00003851  __aeabi_d2uiz                    
00002efb  __aeabi_dadd                     
000030a7  __aeabi_ddiv                     
00002ef1  __aeabi_dsub                     
000036fd  __aeabi_memcpy                   
000036fd  __aeabi_memcpy4                  
000036fd  __aeabi_memcpy8                  
000038b5  __aeabi_ui2d                     
ffffffff  __binit__                        
ffffffff  __c_args__                       
08002000  __start___llvm_prf_cnts          
08002000  __stop___llvm_prf_cnts           
00002770  _c_int00                         
00002aec  _copyAPI2RAM_                    
00002b84  _coreDisableEventBusExport_      
00002be8  _coreDisableFlashEcc_            
00002bb4  _coreDisableRamEcc_              
00002b6c  _coreEnableEventBusExport_       
00002bcc  _coreEnableFlashEcc_             
00002c00  _coreEnableIrqVicOffset_         
00002b9c  _coreEnableRamEcc_               
00002b68  _coreEnableVfp_                  
00002a40  _coreInitRegisters_              
00002b1c  _coreInitStackPointer_           
00002c20  _disable_FIQ_interrupt_          
00002c28  _disable_IRQ_interrupt_          
00002c18  _disable_interrupt_              
00002c30  _enable_interrupt_               
00002c38  _esmCcmErrorsClear_              
08002ef5  _scaleEEFclk                     
08002f05  _scaleMainFclk                   
000038ff  abort                            
00000020  api_load                         
08002000  api_run                          
00000f28  api_size                         
ffffffff  binit                            
00003805  copy_in                          
0000330c  delay                            
00003894  esmGroup1Notification            
000038a4  esmGroup2Notification            
000031dc  esmHighInterrupt                 
00003930  flash_sector                     
0800306c  g_pucDataBuffer                  
08002f28  g_pulDataBuffer                  
08003080  g_pulUpdateSuccess               
08003028  g_sciTransfer                    
08003058  g_spiDataFormat                  
08003040  g_spiPacket                      
0800307c  g_ucStatus                       
08003070  g_ulForced                       
08003074  g_ulTransferAddress              
08003078  g_ulTransferSize                 
080030ac  g_ulUpdateBufferSize             
080030a8  g_ulUpdateStatusAddr             
0000334c  main                             
00002598  mapClocks                        
000036fd  memcpy                           
00002544  periphInit                       
00003904  phantomInterrupt                 
00003620  run_LED_StartUp                  
00001b10  sciInit                          
00001e4c  sciIsRxReady                     
00001cec  sciIsTxReady                     
00001ed0  sciReceive                       
00001e98  sciReceiveByte                   
00001e68  sciRxError                       
00001d38  sciSend                          
00001d08  sciSendByte                      
00001c68  sciSetBaudrate                   
00001c48  sciSetFunctional                 
00002504  setupFlash                       
0000246c  setupPLL                         
000021b0  spiGetData                       
00001ffc  spiInit                          
00002110  spiReceiveData                   
00002384  spiSendData                      
000020f0  spiSetFunctional                 
000022dc  spiTransmitData                  
0000267c  systemInit                       
000026ec  systemPowerDown                  
000024bc  trimLPO                          


GLOBAL SYMBOLS: SORTED BY Symbol Address 

address   name                             
-------   ----                             
00000000  __TI_static_base__               
00000020  api_load                         
00000f28  api_size                         
00001500  SPISend                          
00001554  SPIReceive                       
000015a8  UpdaterSPI                       
00001b10  sciInit                          
00001c48  sciSetFunctional                 
00001c68  sciSetBaudrate                   
00001cec  sciIsTxReady                     
00001d08  sciSendByte                      
00001d38  sciSend                          
00001e4c  sciIsRxReady                     
00001e68  sciRxError                       
00001e98  sciReceiveByte                   
00001ed0  sciReceive                       
00001ffc  spiInit                          
000020f0  spiSetFunctional                 
00002110  spiReceiveData                   
000021b0  spiGetData                       
000022dc  spiTransmitData                  
00002384  spiSendData                      
0000246c  setupPLL                         
000024bc  trimLPO                          
00002504  setupFlash                       
00002544  periphInit                       
00002598  mapClocks                        
0000267c  systemInit                       
000026ec  systemPowerDown                  
00002770  _c_int00                         
00002a40  _coreInitRegisters_              
00002aec  _copyAPI2RAM_                    
00002b1c  _coreInitStackPointer_           
00002b68  _coreEnableVfp_                  
00002b6c  _coreEnableEventBusExport_       
00002b84  _coreDisableEventBusExport_      
00002b9c  _coreEnableRamEcc_               
00002bb4  _coreDisableRamEcc_              
00002bcc  _coreEnableFlashEcc_             
00002be8  _coreDisableFlashEcc_            
00002c00  _coreEnableIrqVicOffset_         
00002c18  _disable_interrupt_              
00002c20  _disable_FIQ_interrupt_          
00002c28  _disable_IRQ_interrupt_          
00002c30  _enable_interrupt_               
00002c38  _esmCcmErrorsClear_              
00002cc0  __TI_PINIT_Base                  
00002cc4  __TI_PINIT_Limit                 
00002cc8  CheckSum                         
00002d2c  AckPacket                        
00002d48  NakPacket                        
00002d64  ReceivePacket                    
00002e30  SendPacket                       
00002ef1  __aeabi_dsub                     
00002efb  __aeabi_dadd                     
000030a7  __aeabi_ddiv                     
000031dc  esmHighInterrupt                 
0000330c  delay                            
0000334c  main                             
000033ac  ConfigureSPIDevice               
00003424  UART_send32BitData               
000034c4  UART_putString                   
00003504  UART_putChar                     
00003534  CheckGPIOForceUpdate             
000035b4  CheckForceUpdate                 
00003620  run_LED_StartUp                  
000036fd  __aeabi_memcpy                   
000036fd  __aeabi_memcpy4                  
000036fd  __aeabi_memcpy8                  
000036fd  memcpy                           
00003799  __TI_decompress_lzss             
00003805  copy_in                          
00003851  __aeabi_d2uiz                    
00003894  esmGroup1Notification            
000038a4  esmGroup2Notification            
000038b5  __aeabi_ui2d                     
000038d5  __TI_zero_init_nomemset          
000038f1  __TI_decompress_none             
000038ff  C$$EXIT                          
000038ff  abort                            
00003904  phantomInterrupt                 
00003930  flash_sector                     
00003d6c  __TI_Handler_Table_Base          
00003d78  __TI_Handler_Table_Limit         
00003d80  __TI_CINIT_Base                  
00003d90  __TI_CINIT_Limit                 
08002000  Fapi_serviceWatchdogTimer        
08002000  __start___llvm_prf_cnts          
08002000  __stop___llvm_prf_cnts           
08002000  api_run                          
08002008  BLInternalFlashFirstSectorSizeGet
08002030  BLInternalFlashSizeGet           
08002058  BLInternalFlashStartAddrCheck    
08002170  Fapi_BlockErase                  
080023d8  Fapi_BlockProgram                
08002520  Fapi_UpdateStatusProgram         
080025dc  Flash_Program_Check              
0800262c  Flash_Erase_Check                
08002678  Fapi_BlockRead                   
08002725  Fapi_initializeFlashBanks        
08002985  Fapi_setActiveFlashBank          
08002b01  Fapi_issueProgrammingCommand     
08002c79  Fapi_enableMainBankSectors       
08002ce9  _Fapi_enterMarginMode            
08002d51  Fapi_doMarginReadByByte          
08002d91  _Fapi_issueFsmCommand            
08002dcd  Fapi_calculateFletcherChecksum   
08002e05  Fapi_issueAsyncCommandWithAddress
08002e35  Fapi_waitDelay                   
08002e65  _Fapi_exitMarginMode             
08002e91  Fapi_flushPipeline               
08002ed1  Fapi_calculateEcc                
08002ee5  Fapi_getNumberOfBankSectors      
08002ef5  _scaleEEFclk                     
08002f05  _scaleMainFclk                   
08002f15  _Fapi_checkWdService             
08002f28  g_pulDataBuffer                  
08003028  g_sciTransfer                    
08003040  g_spiPacket                      
08003058  g_spiDataFormat                  
0800306c  g_pucDataBuffer                  
08003070  g_ulForced                       
08003074  g_ulTransferAddress              
08003078  g_ulTransferSize                 
0800307c  g_ucStatus                       
08003080  g_pulUpdateSuccess               
080030a8  g_ulUpdateStatusAddr             
080030ac  g_ulUpdateBufferSize             
ffffffff  __TI_pprof_out_hndl              
ffffffff  __TI_prof_data_size              
ffffffff  __TI_prof_data_start             
ffffffff  __binit__                        
ffffffff  __c_args__                       
ffffffff  binit                            
UNDEFED   SHT$$INIT_ARRAY$$Base            
UNDEFED   SHT$$INIT_ARRAY$$Limit           

[136 symbols]
