<?xml version="1.0" encoding="ISO-8859-1" ?>
<link_info>
   <banner>TI ARM Linker PC v20.2.7.LTS</banner>
   <copyright>Copyright (c) 1996-2018 Texas Instruments Incorporated</copyright>
   <link_time>0x6653ebef</link_time>
   <link_errors>0x0</link_errors>
   <output_file>ls31_spi_boot.out</output_file>
   <entry_point>
      <name>_c_int00</name>
      <address>0x2770</address>
   </entry_point>
   <input_file_list>
      <input_file id="fl-2">
         <path>.\</path>
         <kind>object</kind>
         <file>Fapi_UserDefinedFunctions.obj</file>
         <name>Fapi_UserDefinedFunctions.obj</name>
      </input_file>
      <input_file id="fl-3">
         <path>.\</path>
         <kind>object</kind>
         <file>bl_check.obj</file>
         <name>bl_check.obj</name>
      </input_file>
      <input_file id="fl-4">
         <path>.\</path>
         <kind>object</kind>
         <file>bl_dcan.obj</file>
         <name>bl_dcan.obj</name>
      </input_file>
      <input_file id="fl-5">
         <path>.\</path>
         <kind>object</kind>
         <file>bl_flash.obj</file>
         <name>bl_flash.obj</name>
      </input_file>
      <input_file id="fl-6">
         <path>.\</path>
         <kind>object</kind>
         <file>bl_led_demo.obj</file>
         <name>bl_led_demo.obj</name>
      </input_file>
      <input_file id="fl-7">
         <path>.\</path>
         <kind>object</kind>
         <file>bl_main.obj</file>
         <name>bl_main.obj</name>
      </input_file>
      <input_file id="fl-8">
         <path>.\</path>
         <kind>object</kind>
         <file>bl_spi.obj</file>
         <name>bl_spi.obj</name>
      </input_file>
      <input_file id="fl-9">
         <path>.\</path>
         <kind>object</kind>
         <file>bl_spi_packet.obj</file>
         <name>bl_spi_packet.obj</name>
      </input_file>
      <input_file id="fl-a">
         <path>.\</path>
         <kind>object</kind>
         <file>bl_uart.obj</file>
         <name>bl_uart.obj</name>
      </input_file>
      <input_file id="fl-b">
         <path>.\</path>
         <kind>object</kind>
         <file>bl_ymodem.obj</file>
         <name>bl_ymodem.obj</name>
      </input_file>
      <input_file id="fl-c">
         <path>.\</path>
         <kind>object</kind>
         <file>hw_dcan.obj</file>
         <name>hw_dcan.obj</name>
      </input_file>
      <input_file id="fl-d">
         <path>.\</path>
         <kind>object</kind>
         <file>hw_esm.obj</file>
         <name>hw_esm.obj</name>
      </input_file>
      <input_file id="fl-e">
         <path>.\</path>
         <kind>object</kind>
         <file>hw_gio.obj</file>
         <name>hw_gio.obj</name>
      </input_file>
      <input_file id="fl-f">
         <path>.\</path>
         <kind>object</kind>
         <file>hw_pinmux.obj</file>
         <name>hw_pinmux.obj</name>
      </input_file>
      <input_file id="fl-10">
         <path>.\</path>
         <kind>object</kind>
         <file>hw_sci.obj</file>
         <name>hw_sci.obj</name>
      </input_file>
      <input_file id="fl-11">
         <path>.\</path>
         <kind>object</kind>
         <file>hw_spi.obj</file>
         <name>hw_spi.obj</name>
      </input_file>
      <input_file id="fl-12">
         <path>.\</path>
         <kind>object</kind>
         <file>notification.obj</file>
         <name>notification.obj</name>
      </input_file>
      <input_file id="fl-13">
         <path>.\</path>
         <kind>object</kind>
         <file>sci_common.obj</file>
         <name>sci_common.obj</name>
      </input_file>
      <input_file id="fl-14">
         <path>.\</path>
         <kind>object</kind>
         <file>sw_hw_ver.obj</file>
         <name>sw_hw_ver.obj</name>
      </input_file>
      <input_file id="fl-15">
         <path>.\</path>
         <kind>object</kind>
         <file>sys_core.obj</file>
         <name>sys_core.obj</name>
      </input_file>
      <input_file id="fl-16">
         <path>.\</path>
         <kind>object</kind>
         <file>sys_intvecs.obj</file>
         <name>sys_intvecs.obj</name>
      </input_file>
      <input_file id="fl-17">
         <path>.\</path>
         <kind>object</kind>
         <file>sys_phantom.obj</file>
         <name>sys_phantom.obj</name>
      </input_file>
      <input_file id="fl-18">
         <path>.\</path>
         <kind>object</kind>
         <file>sys_startup.obj</file>
         <name>sys_startup.obj</name>
      </input_file>
      <input_file id="fl-19">
         <path>.\</path>
         <kind>object</kind>
         <file>system.obj</file>
         <name>system.obj</name>
      </input_file>
      <input_file id="fl-1a">
         <path>.\</path>
         <kind>object</kind>
         <file>ymodem_crc16.obj</file>
         <name>ymodem_crc16.obj</name>
      </input_file>
      <input_file id="fl-20">
         <kind>object</kind>
         <file>&lt;internal&gt;</file>
         <name>&lt;internal&gt;</name>
      </input_file>
      <input_file id="fl-21">
         <path>..\..\..\lib\</path>
         <kind>archive</kind>
         <file>F021_API_CortexR4_BE.lib</file>
         <name>Async.WithAddress.obj</name>
      </input_file>
      <input_file id="fl-22">
         <path>..\..\..\lib\</path>
         <kind>archive</kind>
         <file>F021_API_CortexR4_BE.lib</file>
         <name>FlashStateMachine.EnableMainSectors.obj</name>
      </input_file>
      <input_file id="fl-23">
         <path>..\..\..\lib\</path>
         <kind>archive</kind>
         <file>F021_API_CortexR4_BE.lib</file>
         <name>FlashStateMachine.InitializeFlashBanks.obj</name>
      </input_file>
      <input_file id="fl-24">
         <path>..\..\..\lib\</path>
         <kind>archive</kind>
         <file>F021_API_CortexR4_BE.lib</file>
         <name>FlashStateMachine.IssueFsmCommand.obj</name>
      </input_file>
      <input_file id="fl-25">
         <path>..\..\..\lib\</path>
         <kind>archive</kind>
         <file>F021_API_CortexR4_BE.lib</file>
         <name>FlashStateMachine.ScaleFclk.obj</name>
      </input_file>
      <input_file id="fl-26">
         <path>..\..\..\lib\</path>
         <kind>archive</kind>
         <file>F021_API_CortexR4_BE.lib</file>
         <name>FlashStateMachine.SetActiveBank.obj</name>
      </input_file>
      <input_file id="fl-27">
         <path>..\..\..\lib\</path>
         <kind>archive</kind>
         <file>F021_API_CortexR4_BE.lib</file>
         <name>Program.obj</name>
      </input_file>
      <input_file id="fl-28">
         <path>..\..\..\lib\</path>
         <kind>archive</kind>
         <file>F021_API_CortexR4_BE.lib</file>
         <name>Read.MarginByByte.obj</name>
      </input_file>
      <input_file id="fl-29">
         <path>..\..\..\lib\</path>
         <kind>archive</kind>
         <file>F021_API_CortexR4_BE.lib</file>
         <name>Read.WdService.obj</name>
      </input_file>
      <input_file id="fl-2a">
         <path>..\..\..\lib\</path>
         <kind>archive</kind>
         <file>F021_API_CortexR4_BE.lib</file>
         <name>Utilities.CalculateEcc.obj</name>
      </input_file>
      <input_file id="fl-2b">
         <path>..\..\..\lib\</path>
         <kind>archive</kind>
         <file>F021_API_CortexR4_BE.lib</file>
         <name>Utilities.CalculateFletcher.obj</name>
      </input_file>
      <input_file id="fl-2c">
         <path>..\..\..\lib\</path>
         <kind>archive</kind>
         <file>F021_API_CortexR4_BE.lib</file>
         <name>Utilities.GetNumberOfSectors.obj</name>
      </input_file>
      <input_file id="fl-2d">
         <path>..\..\..\lib\</path>
         <kind>archive</kind>
         <file>F021_API_CortexR4_BE.lib</file>
         <name>Read.Common.obj</name>
      </input_file>
      <input_file id="fl-2e">
         <path>..\..\..\lib\</path>
         <kind>archive</kind>
         <file>F021_API_CortexR4_BE.lib</file>
         <name>Read.FlushPipeline.obj</name>
      </input_file>
      <input_file id="fl-2f">
         <path>..\..\..\lib\</path>
         <kind>archive</kind>
         <file>F021_API_CortexR4_BE.lib</file>
         <name>Utilities.WaitDelay.obj</name>
      </input_file>
      <input_file id="fl-30">
         <path>..\..\..\lib\</path>
         <kind>archive</kind>
         <file>F021_API_CortexR4_BE.lib</file>
         <name>FlashStateMachine.Hercules.IsEccAddress.obj</name>
      </input_file>
      <input_file id="fl-31">
         <path>D:\CCS12.7.0.00007_win64\ccs\tools\compiler\ti-cgt-arm_20.2.7.LTS\lib\</path>
         <kind>archive</kind>
         <file>rtsv7R4_T_be_eabi.lib</file>
         <name>fd_add_t2.asm.obj</name>
      </input_file>
      <input_file id="fl-32">
         <path>D:\CCS12.7.0.00007_win64\ccs\tools\compiler\ti-cgt-arm_20.2.7.LTS\lib\</path>
         <kind>archive</kind>
         <file>rtsv7R4_T_be_eabi.lib</file>
         <name>fd_div_t2.asm.obj</name>
      </input_file>
      <input_file id="fl-33">
         <path>D:\CCS12.7.0.00007_win64\ccs\tools\compiler\ti-cgt-arm_20.2.7.LTS\lib\</path>
         <kind>archive</kind>
         <file>rtsv7R4_T_be_eabi.lib</file>
         <name>fd_tou_t2.asm.obj</name>
      </input_file>
      <input_file id="fl-34">
         <path>D:\CCS12.7.0.00007_win64\ccs\tools\compiler\ti-cgt-arm_20.2.7.LTS\lib\</path>
         <kind>archive</kind>
         <file>rtsv7R4_T_be_eabi.lib</file>
         <name>u_tofd_t2.asm.obj</name>
      </input_file>
      <input_file id="fl-35">
         <path>D:\CCS12.7.0.00007_win64\ccs\tools\compiler\ti-cgt-arm_20.2.7.LTS\lib\</path>
         <kind>archive</kind>
         <file>rtsv7R4_T_be_eabi.lib</file>
         <name>cpy_tbl.c.obj</name>
      </input_file>
      <input_file id="fl-36">
         <path>D:\CCS12.7.0.00007_win64\ccs\tools\compiler\ti-cgt-arm_20.2.7.LTS\lib\</path>
         <kind>archive</kind>
         <file>rtsv7R4_T_be_eabi.lib</file>
         <name>copy_zero_init.c.obj</name>
      </input_file>
      <input_file id="fl-37">
         <path>D:\CCS12.7.0.00007_win64\ccs\tools\compiler\ti-cgt-arm_20.2.7.LTS\lib\</path>
         <kind>archive</kind>
         <file>rtsv7R4_T_be_eabi.lib</file>
         <name>copy_decompress_none.c.obj</name>
      </input_file>
      <input_file id="fl-38">
         <path>D:\CCS12.7.0.00007_win64\ccs\tools\compiler\ti-cgt-arm_20.2.7.LTS\lib\</path>
         <kind>archive</kind>
         <file>rtsv7R4_T_be_eabi.lib</file>
         <name>copy_decompress_lzss.c.obj</name>
      </input_file>
      <input_file id="fl-39">
         <path>D:\CCS12.7.0.00007_win64\ccs\tools\compiler\ti-cgt-arm_20.2.7.LTS\lib\</path>
         <kind>archive</kind>
         <file>rtsv7R4_T_be_eabi.lib</file>
         <name>exit.c.obj</name>
      </input_file>
      <input_file id="fl-3a">
         <path>D:\CCS12.7.0.00007_win64\ccs\tools\compiler\ti-cgt-arm_20.2.7.LTS\lib\</path>
         <kind>archive</kind>
         <file>rtsv7R4_T_be_eabi.lib</file>
         <name>_lock.c.obj</name>
      </input_file>
      <input_file id="fl-3b">
         <path>D:\CCS12.7.0.00007_win64\ccs\tools\compiler\ti-cgt-arm_20.2.7.LTS\lib\</path>
         <kind>archive</kind>
         <file>rtsv7R4_T_be_eabi.lib</file>
         <name>memcpy_t2.asm.obj</name>
      </input_file>
      <input_file id="fl-3c">
         <path>D:\CCS12.7.0.00007_win64\ccs\tools\compiler\ti-cgt-arm_20.2.7.LTS\lib\</path>
         <kind>archive</kind>
         <file>rtsv7R4_T_be_eabi.lib</file>
         <name>memset_t2.asm.obj</name>
      </input_file>
   </input_file_list>
   <object_component_list>
      <object_component id="oc-31">
         <name>.intvecs</name>
         <load_address>0x0</load_address>
         <run_address>0x0</run_address>
         <size>0x20</size>
         <input_file_ref idref="fl-16"/>
      </object_component>
      <object_component id="oc-277">
         <name>.text</name>
         <load_address>0x20</load_address>
         <run_address>0x8002000</run_address>
         <size>0x8</size>
         <input_file_ref idref="fl-2"/>
      </object_component>
      <object_component id="oc-137">
         <name>.text</name>
         <load_address>0x28</load_address>
         <run_address>0x8002008</run_address>
         <size>0x71c</size>
         <input_file_ref idref="fl-5"/>
      </object_component>
      <object_component id="oc-184">
         <name>.text:Fapi_initializeFlashBanks</name>
         <load_address>0x744</load_address>
         <run_address>0x8002724</run_address>
         <size>0x260</size>
         <input_file_ref idref="fl-23"/>
      </object_component>
      <object_component id="oc-18a">
         <name>.text:Fapi_setActiveFlashBank</name>
         <load_address>0x9a4</load_address>
         <run_address>0x8002984</run_address>
         <size>0x17c</size>
         <input_file_ref idref="fl-26"/>
      </object_component>
      <object_component id="oc-19c">
         <name>.text:Fapi_issueProgrammingCommand</name>
         <load_address>0xb20</load_address>
         <run_address>0x8002b00</run_address>
         <size>0x178</size>
         <input_file_ref idref="fl-27"/>
      </object_component>
      <object_component id="oc-190">
         <name>.text:Fapi_enableMainBankSectors</name>
         <load_address>0xc98</load_address>
         <run_address>0x8002c78</run_address>
         <size>0x70</size>
         <input_file_ref idref="fl-22"/>
      </object_component>
      <object_component id="oc-227">
         <name>.text:_Fapi_enterMarginMode</name>
         <load_address>0xd08</load_address>
         <run_address>0x8002ce8</run_address>
         <size>0x68</size>
         <input_file_ref idref="fl-2d"/>
      </object_component>
      <object_component id="oc-1a2">
         <name>.text:Fapi_doMarginReadByByte</name>
         <load_address>0xd70</load_address>
         <run_address>0x8002d50</run_address>
         <size>0x40</size>
         <input_file_ref idref="fl-28"/>
      </object_component>
      <object_component id="oc-212">
         <name>.text:_Fapi_issueFsmCommand</name>
         <load_address>0xdb0</load_address>
         <run_address>0x8002d90</run_address>
         <size>0x3c</size>
         <input_file_ref idref="fl-24"/>
      </object_component>
      <object_component id="oc-1e3">
         <name>.text:Fapi_calculateFletcherChecksum</name>
         <load_address>0xdec</load_address>
         <run_address>0x8002dcc</run_address>
         <size>0x36</size>
         <input_file_ref idref="fl-2b"/>
      </object_component>
      <object_component id="oc-196">
         <name>.text:Fapi_issueAsyncCommandWithAddress</name>
         <load_address>0xe24</load_address>
         <run_address>0x8002e04</run_address>
         <size>0x30</size>
         <input_file_ref idref="fl-21"/>
      </object_component>
      <object_component id="oc-28c">
         <name>.text:Fapi_waitDelay</name>
         <load_address>0xe54</load_address>
         <run_address>0x8002e34</run_address>
         <size>0x30</size>
         <input_file_ref idref="fl-2f"/>
      </object_component>
      <object_component id="oc-233">
         <name>.text:_Fapi_exitMarginMode</name>
         <load_address>0xe84</load_address>
         <run_address>0x8002e64</run_address>
         <size>0x2c</size>
         <input_file_ref idref="fl-2d"/>
      </object_component>
      <object_component id="oc-26f">
         <name>.text:Fapi_flushPipeline</name>
         <load_address>0xeb0</load_address>
         <run_address>0x8002e90</run_address>
         <size>0x22</size>
         <input_file_ref idref="fl-2e"/>
      </object_component>
      <object_component id="oc-1e9">
         <name>.text:_Fapi_divideUnsignedLong</name>
         <load_address>0xed2</load_address>
         <run_address>0x8002eb2</run_address>
         <size>0x1c</size>
         <input_file_ref idref="fl-23"/>
      </object_component>
      <object_component id="oc-21a">
         <name>.text:Fapi_calculateEcc</name>
         <load_address>0xef0</load_address>
         <run_address>0x8002ed0</run_address>
         <size>0x14</size>
         <input_file_ref idref="fl-2a"/>
      </object_component>
      <object_component id="oc-20a">
         <name>.text:Fapi_getNumberOfBankSectors</name>
         <load_address>0xf04</load_address>
         <run_address>0x8002ee4</run_address>
         <size>0x10</size>
         <input_file_ref idref="fl-2c"/>
      </object_component>
      <object_component id="oc-1f5">
         <name>.text:_scaleEEFclk</name>
         <load_address>0xf14</load_address>
         <run_address>0x8002ef4</run_address>
         <size>0x10</size>
         <input_file_ref idref="fl-25"/>
      </object_component>
      <object_component id="oc-1ef">
         <name>.text:_scaleMainFclk</name>
         <load_address>0xf24</load_address>
         <run_address>0x8002f04</run_address>
         <size>0x10</size>
         <input_file_ref idref="fl-25"/>
      </object_component>
      <object_component id="oc-22d">
         <name>.text:_Fapi_checkWdService</name>
         <load_address>0xf34</load_address>
         <run_address>0x8002f14</run_address>
         <size>0xc</size>
         <input_file_ref idref="fl-29"/>
      </object_component>
      <object_component id="oc-2c6">
         <name>.tramp.Fapi_serviceWatchdogTimer.1</name>
         <load_address>0xf40</load_address>
         <run_address>0x8002f20</run_address>
         <size>0x8</size>
         <input_file_ref idref="fl-2"/>
      </object_component>
      <object_component id="oc-bf">
         <name>.text</name>
         <load_address>0x1500</load_address>
         <run_address>0x1500</run_address>
         <size>0x610</size>
         <input_file_ref idref="fl-8"/>
      </object_component>
      <object_component id="oc-ad">
         <name>.text</name>
         <load_address>0x1b10</load_address>
         <run_address>0x1b10</run_address>
         <size>0x4ec</size>
         <input_file_ref idref="fl-10"/>
      </object_component>
      <object_component id="oc-c5">
         <name>.text</name>
         <load_address>0x1ffc</load_address>
         <run_address>0x1ffc</run_address>
         <size>0x470</size>
         <input_file_ref idref="fl-11"/>
      </object_component>
      <object_component id="oc-64">
         <name>.text</name>
         <load_address>0x246c</load_address>
         <run_address>0x246c</run_address>
         <size>0x304</size>
         <input_file_ref idref="fl-19"/>
      </object_component>
      <object_component id="oc-1f">
         <name>.text:retain</name>
         <load_address>0x2770</load_address>
         <run_address>0x2770</run_address>
         <size>0x2d0</size>
         <input_file_ref idref="fl-18"/>
      </object_component>
      <object_component id="oc-5f">
         <name>.text</name>
         <load_address>0x2a40</load_address>
         <run_address>0x2a40</run_address>
         <size>0x288</size>
         <input_file_ref idref="fl-15"/>
      </object_component>
      <object_component id="oc-143">
         <name>.text</name>
         <load_address>0x2cc8</load_address>
         <run_address>0x2cc8</run_address>
         <size>0x228</size>
         <input_file_ref idref="fl-9"/>
      </object_component>
      <object_component id="oc-11d">
         <name>.text</name>
         <load_address>0x2ef0</load_address>
         <run_address>0x2ef0</run_address>
         <size>0x1b6</size>
         <input_file_ref idref="fl-31"/>
      </object_component>
      <object_component id="oc-118">
         <name>.text</name>
         <load_address>0x30a6</load_address>
         <run_address>0x30a6</run_address>
         <size>0x136</size>
         <input_file_ref idref="fl-32"/>
      </object_component>
      <object_component id="oc-28">
         <name>.text:retain</name>
         <load_address>0x31dc</load_address>
         <run_address>0x31dc</run_address>
         <size>0x130</size>
         <input_file_ref idref="fl-d"/>
      </object_component>
      <object_component id="oc-70">
         <name>.text</name>
         <load_address>0x330c</load_address>
         <run_address>0x330c</run_address>
         <size>0x118</size>
         <input_file_ref idref="fl-7"/>
      </object_component>
      <object_component id="oc-b3">
         <name>.text</name>
         <load_address>0x3424</load_address>
         <run_address>0x3424</run_address>
         <size>0x110</size>
         <input_file_ref idref="fl-13"/>
      </object_component>
      <object_component id="oc-b9">
         <name>.text</name>
         <load_address>0x3534</load_address>
         <run_address>0x3534</run_address>
         <size>0xec</size>
         <input_file_ref idref="fl-3"/>
      </object_component>
      <object_component id="oc-13d">
         <name>.text</name>
         <load_address>0x3620</load_address>
         <run_address>0x3620</run_address>
         <size>0xdc</size>
         <input_file_ref idref="fl-6"/>
      </object_component>
      <object_component id="oc-47">
         <name>.text</name>
         <load_address>0x36fc</load_address>
         <run_address>0x36fc</run_address>
         <size>0x9c</size>
         <input_file_ref idref="fl-3b"/>
      </object_component>
      <object_component id="oc-12">
         <name>.text:decompress:lzss:__TI_decompress_lzss</name>
         <load_address>0x3798</load_address>
         <run_address>0x3798</run_address>
         <size>0x6c</size>
         <input_file_ref idref="fl-38"/>
      </object_component>
      <object_component id="oc-6a">
         <name>.text:copy_in</name>
         <load_address>0x3804</load_address>
         <run_address>0x3804</run_address>
         <size>0x4c</size>
         <input_file_ref idref="fl-35"/>
      </object_component>
      <object_component id="oc-122">
         <name>.text</name>
         <load_address>0x3850</load_address>
         <run_address>0x3850</run_address>
         <size>0x42</size>
         <input_file_ref idref="fl-33"/>
      </object_component>
      <object_component id="oc-83">
         <name>.text</name>
         <load_address>0x3894</load_address>
         <run_address>0x3894</run_address>
         <size>0x20</size>
         <input_file_ref idref="fl-12"/>
      </object_component>
      <object_component id="oc-113">
         <name>.text</name>
         <load_address>0x38b4</load_address>
         <run_address>0x38b4</run_address>
         <size>0x20</size>
         <input_file_ref idref="fl-34"/>
      </object_component>
      <object_component id="oc-53">
         <name>.text:decompress:ZI:__TI_zero_init_nomemset:__TI_zero_init_nomemset</name>
         <load_address>0x38d4</load_address>
         <run_address>0x38d4</run_address>
         <size>0x1c</size>
         <input_file_ref idref="fl-36"/>
      </object_component>
      <object_component id="oc-18">
         <name>.text:decompress:none:__TI_decompress_none</name>
         <load_address>0x38f0</load_address>
         <run_address>0x38f0</run_address>
         <size>0xe</size>
         <input_file_ref idref="fl-37"/>
      </object_component>
      <object_component id="oc-d0">
         <name>.text:abort:abort</name>
         <load_address>0x38fe</load_address>
         <run_address>0x38fe</run_address>
         <size>0x4</size>
         <input_file_ref idref="fl-39"/>
      </object_component>
      <object_component id="oc-36">
         <name>.text:retain</name>
         <load_address>0x3904</load_address>
         <run_address>0x3904</run_address>
         <size>0x4</size>
         <input_file_ref idref="fl-17"/>
      </object_component>
      <object_component id="oc-2cb">
         <name>.tramp.Fapi_UpdateStatusProgram.1</name>
         <load_address>0x3908</load_address>
         <run_address>0x3908</run_address>
         <size>0x8</size>
         <input_file_ref idref="fl-5"/>
      </object_component>
      <object_component id="oc-2ca">
         <name>.tramp.Fapi_BlockProgram.1</name>
         <load_address>0x3910</load_address>
         <run_address>0x3910</run_address>
         <size>0x8</size>
         <input_file_ref idref="fl-5"/>
      </object_component>
      <object_component id="oc-2c9">
         <name>.tramp.Fapi_BlockErase.1</name>
         <load_address>0x3918</load_address>
         <run_address>0x3918</run_address>
         <size>0x8</size>
         <input_file_ref idref="fl-5"/>
      </object_component>
      <object_component id="oc-2c8">
         <name>.tramp.BLInternalFlashStartAddrCheck.1</name>
         <load_address>0x3920</load_address>
         <run_address>0x3920</run_address>
         <size>0x8</size>
         <input_file_ref idref="fl-5"/>
      </object_component>
      <object_component id="oc-2c7">
         <name>.tramp.BLInternalFlashFirstSectorSizeGet.1</name>
         <load_address>0x3928</load_address>
         <run_address>0x3928</run_address>
         <size>0x8</size>
         <input_file_ref idref="fl-5"/>
      </object_component>
      <object_component id="oc-1a8">
         <name>.const:flash_sector</name>
         <load_address>0x3930</load_address>
         <run_address>0x3930</run_address>
         <size>0x21c</size>
         <input_file_ref idref="fl-5"/>
      </object_component>
      <object_component id="oc-2e">
         <name>.const:s_vim_init</name>
         <load_address>0x3b4c</load_address>
         <run_address>0x3b4c</run_address>
         <size>0x204</size>
         <input_file_ref idref="fl-18"/>
      </object_component>
      <object_component id="oc-1ae">
         <name>.const:.string:g_pucACK</name>
         <load_address>0x3d50</load_address>
         <run_address>0x3d50</run_address>
         <size>0x2</size>
         <input_file_ref idref="fl-9"/>
      </object_component>
      <object_component id="oc-1b1">
         <name>.const:.string:g_pucNAK</name>
         <load_address>0x3d52</load_address>
         <run_address>0x3d52</run_address>
         <size>0x2</size>
         <input_file_ref idref="fl-9"/>
      </object_component>
      <object_component id="oc-2c3">
         <name>.cinit..data.load</name>
         <load_address>0x3d58</load_address>
         <run_address>0x3d58</run_address>
         <size>0x11</size>
      </object_component>
      <object_component id="oc-2c1">
         <name>__TI_handler_table</name>
         <load_address>0x3d6c</load_address>
         <run_address>0x3d6c</run_address>
         <size>0xc</size>
      </object_component>
      <object_component id="oc-2c4">
         <name>.cinit..bss.load</name>
         <load_address>0x3d78</load_address>
         <run_address>0x3d78</run_address>
         <size>0x8</size>
      </object_component>
      <object_component id="oc-2c2">
         <name>__TI_cinit_table</name>
         <load_address>0x3d80</load_address>
         <run_address>0x3d80</run_address>
         <size>0x10</size>
      </object_component>
      <object_component id="oc-133">
         <name>.data:g_pulUpdateSuccess</name>
         <load_address>0x8003080</load_address>
         <run_address>0x8003080</run_address>
         <size>0x20</size>
         <input_file_ref idref="fl-7"/>
      </object_component>
      <object_component id="oc-130">
         <name>.data</name>
         <load_address>0x80030a8</load_address>
         <run_address>0x80030a8</run_address>
         <size>0x8</size>
         <input_file_ref idref="fl-7"/>
      </object_component>
      <object_component id="oc-250">
         <name>.data</name>
         <load_address>0x80030a0</load_address>
         <run_address>0x80030a0</run_address>
         <size>0x8</size>
         <input_file_ref idref="fl-25"/>
      </object_component>
      <object_component id="oc-207">
         <name>.data</name>
         <load_address>0x80030b0</load_address>
         <run_address>0x80030b0</run_address>
         <size>0x1</size>
         <input_file_ref idref="fl-26"/>
      </object_component>
      <object_component id="oc-cb">
         <name>.bss</name>
         <uninitialized>true</uninitialized>
         <run_address>0x8003068</run_address>
         <size>0x4</size>
         <input_file_ref idref="fl-7"/>
      </object_component>
      <object_component id="oc-12d">
         <name>.common:g_ulForced</name>
         <uninitialized>true</uninitialized>
         <run_address>0x8003070</run_address>
         <size>0x4</size>
      </object_component>
      <object_component id="oc-14e">
         <name>.common:g_ulTransferSize</name>
         <uninitialized>true</uninitialized>
         <run_address>0x8003078</run_address>
         <size>0x4</size>
      </object_component>
      <object_component id="oc-cc">
         <name>.common:g_ulTransferAddress</name>
         <uninitialized>true</uninitialized>
         <run_address>0x8003074</run_address>
         <size>0x4</size>
      </object_component>
      <object_component id="oc-14a">
         <name>.common:g_pulDataBuffer</name>
         <uninitialized>true</uninitialized>
         <run_address>0x8002f28</run_address>
         <size>0x100</size>
      </object_component>
      <object_component id="oc-149">
         <name>.common:g_pucDataBuffer</name>
         <uninitialized>true</uninitialized>
         <run_address>0x800306c</run_address>
         <size>0x4</size>
      </object_component>
      <object_component id="oc-14b">
         <name>.common:g_ucStatus</name>
         <uninitialized>true</uninitialized>
         <run_address>0x800307c</run_address>
         <size>0x1</size>
      </object_component>
      <object_component id="oc-127">
         <name>.common:g_sciTransfer</name>
         <uninitialized>true</uninitialized>
         <run_address>0x8003028</run_address>
         <size>0x18</size>
      </object_component>
      <object_component id="oc-155">
         <name>.common:g_spiPacket</name>
         <uninitialized>true</uninitialized>
         <run_address>0x8003040</run_address>
         <size>0x18</size>
      </object_component>
      <object_component id="oc-158">
         <name>.common:g_spiDataFormat</name>
         <uninitialized>true</uninitialized>
         <run_address>0x8003058</run_address>
         <size>0x10</size>
      </object_component>
      <object_component id="oc-16b">
         <name>.debug_info</name>
         <load_address>0x0</load_address>
         <run_address>0x0</run_address>
         <size>0x2f4</size>
         <input_file_ref idref="fl-2"/>
      </object_component>
      <object_component id="oc-278">
         <name>.debug_info</name>
         <load_address>0x2f4</load_address>
         <run_address>0x2f4</run_address>
         <size>0x30d</size>
         <input_file_ref idref="fl-2"/>
      </object_component>
      <object_component id="oc-1d4">
         <name>.debug_info</name>
         <load_address>0x601</load_address>
         <run_address>0x601</run_address>
         <size>0xe57</size>
         <input_file_ref idref="fl-2"/>
      </object_component>
      <object_component id="oc-e8">
         <name>.debug_info</name>
         <load_address>0x1458</load_address>
         <run_address>0x1458</run_address>
         <size>0x26b</size>
         <input_file_ref idref="fl-2"/>
      </object_component>
      <object_component id="oc-1d9">
         <name>.debug_info</name>
         <load_address>0x16c3</load_address>
         <run_address>0x16c3</run_address>
         <size>0x26d5</size>
         <input_file_ref idref="fl-2"/>
      </object_component>
      <object_component id="oc-42">
         <name>.debug_info</name>
         <load_address>0x3d98</load_address>
         <run_address>0x3d98</run_address>
         <size>0x84</size>
         <input_file_ref idref="fl-2"/>
      </object_component>
      <object_component id="oc-dc">
         <name>.debug_info</name>
         <load_address>0x3e1c</load_address>
         <run_address>0x3e1c</run_address>
         <size>0x2a4</size>
         <input_file_ref idref="fl-2"/>
      </object_component>
      <object_component id="oc-78">
         <name>.debug_info</name>
         <load_address>0x40c0</load_address>
         <run_address>0x40c0</run_address>
         <size>0xbb</size>
         <input_file_ref idref="fl-2"/>
      </object_component>
      <object_component id="oc-12e">
         <name>.debug_info</name>
         <load_address>0x417b</load_address>
         <run_address>0x417b</run_address>
         <size>0x2b3</size>
         <input_file_ref idref="fl-3"/>
      </object_component>
      <object_component id="oc-bd">
         <name>.debug_info</name>
         <load_address>0x442e</load_address>
         <run_address>0x442e</run_address>
         <size>0x440</size>
         <input_file_ref idref="fl-3"/>
      </object_component>
      <object_component id="oc-f2">
         <name>.debug_info</name>
         <load_address>0x486e</load_address>
         <run_address>0x486e</run_address>
         <size>0x1d1</size>
         <input_file_ref idref="fl-3"/>
      </object_component>
      <object_component id="oc-15c">
         <name>.debug_info</name>
         <load_address>0x4a3f</load_address>
         <run_address>0x4a3f</run_address>
         <size>0x292</size>
         <input_file_ref idref="fl-3"/>
      </object_component>
      <object_component id="oc-1ac">
         <name>.debug_info</name>
         <load_address>0x4cd1</load_address>
         <run_address>0x4cd1</run_address>
         <size>0x503</size>
         <input_file_ref idref="fl-5"/>
      </object_component>
      <object_component id="oc-1a9">
         <name>.debug_info</name>
         <load_address>0x51d4</load_address>
         <run_address>0x51d4</run_address>
         <size>0x1aa</size>
         <input_file_ref idref="fl-5"/>
      </object_component>
      <object_component id="oc-139">
         <name>.debug_info</name>
         <load_address>0x537e</load_address>
         <run_address>0x537e</run_address>
         <size>0x16fc</size>
         <input_file_ref idref="fl-5"/>
      </object_component>
      <object_component id="oc-23f">
         <name>.debug_info</name>
         <load_address>0x6a7a</load_address>
         <run_address>0x6a7a</run_address>
         <size>0x11d</size>
         <input_file_ref idref="fl-5"/>
      </object_component>
      <object_component id="oc-13f">
         <name>.debug_info</name>
         <load_address>0x6b97</load_address>
         <run_address>0x6b97</run_address>
         <size>0x31c</size>
         <input_file_ref idref="fl-6"/>
      </object_component>
      <object_component id="oc-ff">
         <name>.debug_info</name>
         <load_address>0x6eb3</load_address>
         <run_address>0x6eb3</run_address>
         <size>0x2c</size>
         <input_file_ref idref="fl-6"/>
      </object_component>
      <object_component id="oc-cd">
         <name>.debug_info</name>
         <load_address>0x6edf</load_address>
         <run_address>0x6edf</run_address>
         <size>0x3e4</size>
         <input_file_ref idref="fl-7"/>
      </object_component>
      <object_component id="oc-134">
         <name>.debug_info</name>
         <load_address>0x72c3</load_address>
         <run_address>0x72c3</run_address>
         <size>0x1b5</size>
         <input_file_ref idref="fl-7"/>
      </object_component>
      <object_component id="oc-131">
         <name>.debug_info</name>
         <load_address>0x7478</load_address>
         <run_address>0x7478</run_address>
         <size>0x1f2</size>
         <input_file_ref idref="fl-7"/>
      </object_component>
      <object_component id="oc-73">
         <name>.debug_info</name>
         <load_address>0x766a</load_address>
         <run_address>0x766a</run_address>
         <size>0x5f7</size>
         <input_file_ref idref="fl-7"/>
      </object_component>
      <object_component id="oc-150">
         <name>.debug_info</name>
         <load_address>0x7c61</load_address>
         <run_address>0x7c61</run_address>
         <size>0x505</size>
         <input_file_ref idref="fl-7"/>
      </object_component>
      <object_component id="oc-ed">
         <name>.debug_info</name>
         <load_address>0x8166</load_address>
         <run_address>0x8166</run_address>
         <size>0xedd</size>
         <input_file_ref idref="fl-7"/>
      </object_component>
      <object_component id="oc-14c">
         <name>.debug_info</name>
         <load_address>0x9043</load_address>
         <run_address>0x9043</run_address>
         <size>0x752</size>
         <input_file_ref idref="fl-8"/>
      </object_component>
      <object_component id="oc-c1">
         <name>.debug_info</name>
         <load_address>0x9795</load_address>
         <run_address>0x9795</run_address>
         <size>0x952</size>
         <input_file_ref idref="fl-8"/>
      </object_component>
      <object_component id="oc-1b8">
         <name>.debug_info</name>
         <load_address>0xa0e7</load_address>
         <run_address>0xa0e7</run_address>
         <size>0x26d5</size>
         <input_file_ref idref="fl-8"/>
      </object_component>
      <object_component id="oc-1b5">
         <name>.debug_info</name>
         <load_address>0xc7bc</load_address>
         <run_address>0xc7bc</run_address>
         <size>0x297</size>
         <input_file_ref idref="fl-9"/>
      </object_component>
      <object_component id="oc-1af">
         <name>.debug_info</name>
         <load_address>0xca53</load_address>
         <run_address>0xca53</run_address>
         <size>0x1a6</size>
         <input_file_ref idref="fl-9"/>
      </object_component>
      <object_component id="oc-1b2">
         <name>.debug_info</name>
         <load_address>0xcbf9</load_address>
         <run_address>0xcbf9</run_address>
         <size>0x1a6</size>
         <input_file_ref idref="fl-9"/>
      </object_component>
      <object_component id="oc-145">
         <name>.debug_info</name>
         <load_address>0xcd9f</load_address>
         <run_address>0xcd9f</run_address>
         <size>0xa66</size>
         <input_file_ref idref="fl-9"/>
      </object_component>
      <object_component id="oc-2a">
         <name>.debug_info</name>
         <load_address>0xd805</load_address>
         <run_address>0xd805</run_address>
         <size>0x342</size>
         <input_file_ref idref="fl-d"/>
      </object_component>
      <object_component id="oc-128">
         <name>.debug_info</name>
         <load_address>0xdb47</load_address>
         <run_address>0xdb47</run_address>
         <size>0x247</size>
         <input_file_ref idref="fl-10"/>
      </object_component>
      <object_component id="oc-ae">
         <name>.debug_info</name>
         <load_address>0xdd8e</load_address>
         <run_address>0xdd8e</run_address>
         <size>0x10a4</size>
         <input_file_ref idref="fl-10"/>
      </object_component>
      <object_component id="oc-177">
         <name>.debug_info</name>
         <load_address>0xee32</load_address>
         <run_address>0xee32</run_address>
         <size>0x69</size>
         <input_file_ref idref="fl-10"/>
      </object_component>
      <object_component id="oc-156">
         <name>.debug_info</name>
         <load_address>0xee9b</load_address>
         <run_address>0xee9b</run_address>
         <size>0x292</size>
         <input_file_ref idref="fl-11"/>
      </object_component>
      <object_component id="oc-c9">
         <name>.debug_info</name>
         <load_address>0xf12d</load_address>
         <run_address>0xf12d</run_address>
         <size>0xc5a</size>
         <input_file_ref idref="fl-11"/>
      </object_component>
      <object_component id="oc-1bf">
         <name>.debug_info</name>
         <load_address>0xfd87</load_address>
         <run_address>0xfd87</run_address>
         <size>0x69</size>
         <input_file_ref idref="fl-11"/>
      </object_component>
      <object_component id="oc-87">
         <name>.debug_info</name>
         <load_address>0xfdf0</load_address>
         <run_address>0xfdf0</run_address>
         <size>0x485</size>
         <input_file_ref idref="fl-12"/>
      </object_component>
      <object_component id="oc-12c">
         <name>.debug_info</name>
         <load_address>0x10275</load_address>
         <run_address>0x10275</run_address>
         <size>0x21f</size>
         <input_file_ref idref="fl-13"/>
      </object_component>
      <object_component id="oc-b4">
         <name>.debug_info</name>
         <load_address>0x10494</load_address>
         <run_address>0x10494</run_address>
         <size>0x628</size>
         <input_file_ref idref="fl-13"/>
      </object_component>
      <object_component id="oc-60">
         <name>.debug_info</name>
         <load_address>0x10abc</load_address>
         <run_address>0x10abc</run_address>
         <size>0xbde</size>
         <input_file_ref idref="fl-15"/>
      </object_component>
      <object_component id="oc-32">
         <name>.debug_info</name>
         <load_address>0x1169a</load_address>
         <run_address>0x1169a</run_address>
         <size>0x230</size>
         <input_file_ref idref="fl-16"/>
      </object_component>
      <object_component id="oc-37">
         <name>.debug_info</name>
         <load_address>0x118ca</load_address>
         <run_address>0x118ca</run_address>
         <size>0x2c3</size>
         <input_file_ref idref="fl-17"/>
      </object_component>
      <object_component id="oc-7d">
         <name>.debug_info</name>
         <load_address>0x11b8d</load_address>
         <run_address>0x11b8d</run_address>
         <size>0x57a</size>
         <input_file_ref idref="fl-18"/>
      </object_component>
      <object_component id="oc-2f">
         <name>.debug_info</name>
         <load_address>0x12107</load_address>
         <run_address>0x12107</run_address>
         <size>0x1a8</size>
         <input_file_ref idref="fl-18"/>
      </object_component>
      <object_component id="oc-22">
         <name>.debug_info</name>
         <load_address>0x122af</load_address>
         <run_address>0x122af</run_address>
         <size>0x47a</size>
         <input_file_ref idref="fl-18"/>
      </object_component>
      <object_component id="oc-e3">
         <name>.debug_info</name>
         <load_address>0x12729</load_address>
         <run_address>0x12729</run_address>
         <size>0x2bc</size>
         <input_file_ref idref="fl-18"/>
      </object_component>
      <object_component id="oc-7e">
         <name>.debug_info</name>
         <load_address>0x129e5</load_address>
         <run_address>0x129e5</run_address>
         <size>0x5c</size>
         <input_file_ref idref="fl-18"/>
      </object_component>
      <object_component id="oc-66">
         <name>.debug_info</name>
         <load_address>0x12a41</load_address>
         <run_address>0x12a41</run_address>
         <size>0xa49</size>
         <input_file_ref idref="fl-19"/>
      </object_component>
      <object_component id="oc-219">
         <name>.debug_info</name>
         <load_address>0x1348a</load_address>
         <run_address>0x1348a</run_address>
         <size>0x253</size>
         <input_file_ref idref="fl-21"/>
      </object_component>
      <object_component id="oc-19a">
         <name>.debug_info</name>
         <load_address>0x136dd</load_address>
         <run_address>0x136dd</run_address>
         <size>0x24a</size>
         <input_file_ref idref="fl-21"/>
      </object_component>
      <object_component id="oc-1fc">
         <name>.debug_info</name>
         <load_address>0x13927</load_address>
         <run_address>0x13927</run_address>
         <size>0xe55</size>
         <input_file_ref idref="fl-21"/>
      </object_component>
      <object_component id="oc-25c">
         <name>.debug_info</name>
         <load_address>0x1477c</load_address>
         <run_address>0x1477c</run_address>
         <size>0x26d5</size>
         <input_file_ref idref="fl-21"/>
      </object_component>
      <object_component id="oc-257">
         <name>.debug_info</name>
         <load_address>0x16e51</load_address>
         <run_address>0x16e51</run_address>
         <size>0x1bff</size>
         <input_file_ref idref="fl-21"/>
      </object_component>
      <object_component id="oc-201">
         <name>.debug_info</name>
         <load_address>0x18a50</load_address>
         <run_address>0x18a50</run_address>
         <size>0x18b</size>
         <input_file_ref idref="fl-21"/>
      </object_component>
      <object_component id="oc-211">
         <name>.debug_info</name>
         <load_address>0x18bdb</load_address>
         <run_address>0x18bdb</run_address>
         <size>0x266</size>
         <input_file_ref idref="fl-22"/>
      </object_component>
      <object_component id="oc-193">
         <name>.debug_info</name>
         <load_address>0x18e41</load_address>
         <run_address>0x18e41</run_address>
         <size>0x26a</size>
         <input_file_ref idref="fl-22"/>
      </object_component>
      <object_component id="oc-206">
         <name>.debug_info</name>
         <load_address>0x190ab</load_address>
         <run_address>0x190ab</run_address>
         <size>0x2d4</size>
         <input_file_ref idref="fl-23"/>
      </object_component>
      <object_component id="oc-1ed">
         <name>.debug_info</name>
         <load_address>0x1937f</load_address>
         <run_address>0x1937f</run_address>
         <size>0x232</size>
         <input_file_ref idref="fl-23"/>
      </object_component>
      <object_component id="oc-187">
         <name>.debug_info</name>
         <load_address>0x195b1</load_address>
         <run_address>0x195b1</run_address>
         <size>0x3f8</size>
         <input_file_ref idref="fl-23"/>
      </object_component>
      <object_component id="oc-268">
         <name>.debug_info</name>
         <load_address>0x199a9</load_address>
         <run_address>0x199a9</run_address>
         <size>0x218</size>
         <input_file_ref idref="fl-24"/>
      </object_component>
      <object_component id="oc-216">
         <name>.debug_info</name>
         <load_address>0x19bc1</load_address>
         <run_address>0x19bc1</run_address>
         <size>0x1b7</size>
         <input_file_ref idref="fl-24"/>
      </object_component>
      <object_component id="oc-252">
         <name>.debug_info</name>
         <load_address>0x19d78</load_address>
         <run_address>0x19d78</run_address>
         <size>0x278</size>
         <input_file_ref idref="fl-25"/>
      </object_component>
      <object_component id="oc-1f2">
         <name>.debug_info</name>
         <load_address>0x19ff0</load_address>
         <run_address>0x19ff0</run_address>
         <size>0x1d6</size>
         <input_file_ref idref="fl-25"/>
      </object_component>
      <object_component id="oc-1f8">
         <name>.debug_info</name>
         <load_address>0x1a1c6</load_address>
         <run_address>0x1a1c6</run_address>
         <size>0x1ce</size>
         <input_file_ref idref="fl-25"/>
      </object_component>
      <object_component id="oc-209">
         <name>.debug_info</name>
         <load_address>0x1a394</load_address>
         <run_address>0x1a394</run_address>
         <size>0x27c</size>
         <input_file_ref idref="fl-26"/>
      </object_component>
      <object_component id="oc-18b">
         <name>.debug_info</name>
         <load_address>0x1a610</load_address>
         <run_address>0x1a610</run_address>
         <size>0x328</size>
         <input_file_ref idref="fl-26"/>
      </object_component>
      <object_component id="oc-221">
         <name>.debug_info</name>
         <load_address>0x1a938</load_address>
         <run_address>0x1a938</run_address>
         <size>0x296</size>
         <input_file_ref idref="fl-27"/>
      </object_component>
      <object_component id="oc-19d">
         <name>.debug_info</name>
         <load_address>0x1abce</load_address>
         <run_address>0x1abce</run_address>
         <size>0x61b</size>
         <input_file_ref idref="fl-27"/>
      </object_component>
      <object_component id="oc-222">
         <name>.debug_info</name>
         <load_address>0x1b1e9</load_address>
         <run_address>0x1b1e9</run_address>
         <size>0x72</size>
         <input_file_ref idref="fl-27"/>
      </object_component>
      <object_component id="oc-23a">
         <name>.debug_info</name>
         <load_address>0x1b25b</load_address>
         <run_address>0x1b25b</run_address>
         <size>0x2cd</size>
         <input_file_ref idref="fl-28"/>
      </object_component>
      <object_component id="oc-1a5">
         <name>.debug_info</name>
         <load_address>0x1b528</load_address>
         <run_address>0x1b528</run_address>
         <size>0x2fb</size>
         <input_file_ref idref="fl-28"/>
      </object_component>
      <object_component id="oc-27e">
         <name>.debug_info</name>
         <load_address>0x1b823</load_address>
         <run_address>0x1b823</run_address>
         <size>0x243</size>
         <input_file_ref idref="fl-29"/>
      </object_component>
      <object_component id="oc-22e">
         <name>.debug_info</name>
         <load_address>0x1ba66</load_address>
         <run_address>0x1ba66</run_address>
         <size>0x1a1</size>
         <input_file_ref idref="fl-29"/>
      </object_component>
      <object_component id="oc-26c">
         <name>.debug_info</name>
         <load_address>0x1bc07</load_address>
         <run_address>0x1bc07</run_address>
         <size>0x212</size>
         <input_file_ref idref="fl-2a"/>
      </object_component>
      <object_component id="oc-21e">
         <name>.debug_info</name>
         <load_address>0x1be19</load_address>
         <run_address>0x1be19</run_address>
         <size>0x1c9</size>
         <input_file_ref idref="fl-2a"/>
      </object_component>
      <object_component id="oc-24e">
         <name>.debug_info</name>
         <load_address>0x1bfe2</load_address>
         <run_address>0x1bfe2</run_address>
         <size>0x212</size>
         <input_file_ref idref="fl-2b"/>
      </object_component>
      <object_component id="oc-1e4">
         <name>.debug_info</name>
         <load_address>0x1c1f4</load_address>
         <run_address>0x1c1f4</run_address>
         <size>0x223</size>
         <input_file_ref idref="fl-2b"/>
      </object_component>
      <object_component id="oc-264">
         <name>.debug_info</name>
         <load_address>0x1c417</load_address>
         <run_address>0x1c417</run_address>
         <size>0x213</size>
         <input_file_ref idref="fl-2c"/>
      </object_component>
      <object_component id="oc-20b">
         <name>.debug_info</name>
         <load_address>0x1c62a</load_address>
         <run_address>0x1c62a</run_address>
         <size>0x1b0</size>
         <input_file_ref idref="fl-2c"/>
      </object_component>
      <object_component id="oc-276">
         <name>.debug_info</name>
         <load_address>0x1c7da</load_address>
         <run_address>0x1c7da</run_address>
         <size>0x281</size>
         <input_file_ref idref="fl-2d"/>
      </object_component>
      <object_component id="oc-236">
         <name>.debug_info</name>
         <load_address>0x1ca5b</load_address>
         <run_address>0x1ca5b</run_address>
         <size>0x1a8</size>
         <input_file_ref idref="fl-2d"/>
      </object_component>
      <object_component id="oc-22a">
         <name>.debug_info</name>
         <load_address>0x1cc03</load_address>
         <run_address>0x1cc03</run_address>
         <size>0x22f</size>
         <input_file_ref idref="fl-2d"/>
      </object_component>
      <object_component id="oc-293">
         <name>.debug_info</name>
         <load_address>0x1ce32</load_address>
         <run_address>0x1ce32</run_address>
         <size>0x236</size>
         <input_file_ref idref="fl-2e"/>
      </object_component>
      <object_component id="oc-272">
         <name>.debug_info</name>
         <load_address>0x1d068</load_address>
         <run_address>0x1d068</run_address>
         <size>0x185</size>
         <input_file_ref idref="fl-2e"/>
      </object_component>
      <object_component id="oc-29a">
         <name>.debug_info</name>
         <load_address>0x1d1ed</load_address>
         <run_address>0x1d1ed</run_address>
         <size>0x20a</size>
         <input_file_ref idref="fl-2f"/>
      </object_component>
      <object_component id="oc-28d">
         <name>.debug_info</name>
         <load_address>0x1d3f7</load_address>
         <run_address>0x1d3f7</run_address>
         <size>0x1d2</size>
         <input_file_ref idref="fl-2f"/>
      </object_component>
      <object_component id="oc-11e">
         <name>.debug_info</name>
         <load_address>0x1d5c9</load_address>
         <run_address>0x1d5c9</run_address>
         <size>0x14c</size>
         <input_file_ref idref="fl-31"/>
      </object_component>
      <object_component id="oc-119">
         <name>.debug_info</name>
         <load_address>0x1d715</load_address>
         <run_address>0x1d715</run_address>
         <size>0x13a</size>
         <input_file_ref idref="fl-32"/>
      </object_component>
      <object_component id="oc-125">
         <name>.debug_info</name>
         <load_address>0x1d84f</load_address>
         <run_address>0x1d84f</run_address>
         <size>0x139</size>
         <input_file_ref idref="fl-33"/>
      </object_component>
      <object_component id="oc-114">
         <name>.debug_info</name>
         <load_address>0x1d988</load_address>
         <run_address>0x1d988</run_address>
         <size>0x12e</size>
         <input_file_ref idref="fl-34"/>
      </object_component>
      <object_component id="oc-ac">
         <name>.debug_info</name>
         <load_address>0x1dab6</load_address>
         <run_address>0x1dab6</run_address>
         <size>0x21a</size>
         <input_file_ref idref="fl-35"/>
      </object_component>
      <object_component id="oc-6e">
         <name>.debug_info</name>
         <load_address>0x1dcd0</load_address>
         <run_address>0x1dcd0</run_address>
         <size>0x18e</size>
         <input_file_ref idref="fl-35"/>
      </object_component>
      <object_component id="oc-109">
         <name>.debug_info</name>
         <load_address>0x1de5e</load_address>
         <run_address>0x1de5e</run_address>
         <size>0x2c</size>
         <input_file_ref idref="fl-35"/>
      </object_component>
      <object_component id="oc-1de">
         <name>.debug_info</name>
         <load_address>0x1de8a</load_address>
         <run_address>0x1de8a</run_address>
         <size>0x39</size>
         <input_file_ref idref="fl-35"/>
      </object_component>
      <object_component id="oc-16c">
         <name>.debug_info</name>
         <load_address>0x1dec3</load_address>
         <run_address>0x1dec3</run_address>
         <size>0x39</size>
         <input_file_ref idref="fl-35"/>
      </object_component>
      <object_component id="oc-10e">
         <name>.debug_info</name>
         <load_address>0x1defc</load_address>
         <run_address>0x1defc</run_address>
         <size>0xcd</size>
         <input_file_ref idref="fl-35"/>
      </object_component>
      <object_component id="oc-a2">
         <name>.debug_info</name>
         <load_address>0x1dfc9</load_address>
         <run_address>0x1dfc9</run_address>
         <size>0x1a6</size>
         <input_file_ref idref="fl-36"/>
      </object_component>
      <object_component id="oc-56">
         <name>.debug_info</name>
         <load_address>0x1e16f</load_address>
         <run_address>0x1e16f</run_address>
         <size>0x1d2</size>
         <input_file_ref idref="fl-36"/>
      </object_component>
      <object_component id="oc-9d">
         <name>.debug_info</name>
         <load_address>0x1e341</load_address>
         <run_address>0x1e341</run_address>
         <size>0x46</size>
         <input_file_ref idref="fl-36"/>
      </object_component>
      <object_component id="oc-52">
         <name>.debug_info</name>
         <load_address>0x1e387</load_address>
         <run_address>0x1e387</run_address>
         <size>0x175</size>
         <input_file_ref idref="fl-37"/>
      </object_component>
      <object_component id="oc-1b">
         <name>.debug_info</name>
         <load_address>0x1e4fc</load_address>
         <run_address>0x1e4fc</run_address>
         <size>0x1d5</size>
         <input_file_ref idref="fl-37"/>
      </object_component>
      <object_component id="oc-4d">
         <name>.debug_info</name>
         <load_address>0x1e6d1</load_address>
         <run_address>0x1e6d1</run_address>
         <size>0x46</size>
         <input_file_ref idref="fl-37"/>
      </object_component>
      <object_component id="oc-95">
         <name>.debug_info</name>
         <load_address>0x1e717</load_address>
         <run_address>0x1e717</run_address>
         <size>0x2c</size>
         <input_file_ref idref="fl-37"/>
      </object_component>
      <object_component id="oc-93">
         <name>.debug_info</name>
         <load_address>0x1e743</load_address>
         <run_address>0x1e743</run_address>
         <size>0x170</size>
         <input_file_ref idref="fl-38"/>
      </object_component>
      <object_component id="oc-13">
         <name>.debug_info</name>
         <load_address>0x1e8b3</load_address>
         <run_address>0x1e8b3</run_address>
         <size>0x250</size>
         <input_file_ref idref="fl-38"/>
      </object_component>
      <object_component id="oc-3d">
         <name>.debug_info</name>
         <load_address>0x1eb03</load_address>
         <run_address>0x1eb03</run_address>
         <size>0x60</size>
         <input_file_ref idref="fl-38"/>
      </object_component>
      <object_component id="oc-f8">
         <name>.debug_info</name>
         <load_address>0x1eb63</load_address>
         <run_address>0x1eb63</run_address>
         <size>0x46</size>
         <input_file_ref idref="fl-38"/>
      </object_component>
      <object_component id="oc-8e">
         <name>.debug_info</name>
         <load_address>0x1eba9</load_address>
         <run_address>0x1eba9</run_address>
         <size>0x39</size>
         <input_file_ref idref="fl-38"/>
      </object_component>
      <object_component id="oc-d1">
         <name>.debug_info</name>
         <load_address>0x1ebe2</load_address>
         <run_address>0x1ebe2</run_address>
         <size>0x122</size>
         <input_file_ref idref="fl-39"/>
      </object_component>
      <object_component id="oc-4a">
         <name>.debug_info</name>
         <load_address>0x1ed04</load_address>
         <run_address>0x1ed04</run_address>
         <size>0x119</size>
         <input_file_ref idref="fl-3b"/>
      </object_component>
      <object_component id="oc-2cc">
         <name>.debug_info</name>
         <load_address>0x1ee1d</load_address>
         <run_address>0x1ee1d</run_address>
         <size>0x32c</size>
      </object_component>
      <object_component id="oc-1d3">
         <name>.debug_line</name>
         <load_address>0x0</load_address>
         <run_address>0x0</run_address>
         <size>0x20</size>
         <input_file_ref idref="fl-2"/>
      </object_component>
      <object_component id="oc-27b">
         <name>.debug_line</name>
         <load_address>0x20</load_address>
         <run_address>0x20</run_address>
         <size>0xc7</size>
         <input_file_ref idref="fl-2"/>
      </object_component>
      <object_component id="oc-1d7">
         <name>.debug_line</name>
         <load_address>0xe7</load_address>
         <run_address>0xe7</run_address>
         <size>0xa7</size>
         <input_file_ref idref="fl-2"/>
      </object_component>
      <object_component id="oc-eb">
         <name>.debug_line</name>
         <load_address>0x18e</load_address>
         <run_address>0x18e</run_address>
         <size>0x7a</size>
         <input_file_ref idref="fl-2"/>
      </object_component>
      <object_component id="oc-1dc">
         <name>.debug_line</name>
         <load_address>0x208</load_address>
         <run_address>0x208</run_address>
         <size>0xb2</size>
         <input_file_ref idref="fl-2"/>
      </object_component>
      <object_component id="oc-45">
         <name>.debug_line</name>
         <load_address>0x2ba</load_address>
         <run_address>0x2ba</run_address>
         <size>0x20</size>
         <input_file_ref idref="fl-2"/>
      </object_component>
      <object_component id="oc-df">
         <name>.debug_line</name>
         <load_address>0x2da</load_address>
         <run_address>0x2da</run_address>
         <size>0x7e</size>
         <input_file_ref idref="fl-2"/>
      </object_component>
      <object_component id="oc-7b">
         <name>.debug_line</name>
         <load_address>0x358</load_address>
         <run_address>0x358</run_address>
         <size>0x7b</size>
         <input_file_ref idref="fl-2"/>
      </object_component>
      <object_component id="oc-17f">
         <name>.debug_line</name>
         <load_address>0x3d3</load_address>
         <run_address>0x3d3</run_address>
         <size>0xa1</size>
         <input_file_ref idref="fl-3"/>
      </object_component>
      <object_component id="oc-bb">
         <name>.debug_line</name>
         <load_address>0x474</load_address>
         <run_address>0x474</run_address>
         <size>0xe9</size>
         <input_file_ref idref="fl-3"/>
      </object_component>
      <object_component id="oc-f5">
         <name>.debug_line</name>
         <load_address>0x55d</load_address>
         <run_address>0x55d</run_address>
         <size>0x9f</size>
         <input_file_ref idref="fl-3"/>
      </object_component>
      <object_component id="oc-15f">
         <name>.debug_line</name>
         <load_address>0x5fc</load_address>
         <run_address>0x5fc</run_address>
         <size>0x9f</size>
         <input_file_ref idref="fl-3"/>
      </object_component>
      <object_component id="oc-23e">
         <name>.debug_line</name>
         <load_address>0x69b</load_address>
         <run_address>0x69b</run_address>
         <size>0xaf</size>
         <input_file_ref idref="fl-5"/>
      </object_component>
      <object_component id="oc-23c">
         <name>.debug_line</name>
         <load_address>0x74a</load_address>
         <run_address>0x74a</run_address>
         <size>0xa6</size>
         <input_file_ref idref="fl-5"/>
      </object_component>
      <object_component id="oc-138">
         <name>.debug_line</name>
         <load_address>0x7f0</load_address>
         <run_address>0x7f0</run_address>
         <size>0x2cc</size>
         <input_file_ref idref="fl-5"/>
      </object_component>
      <object_component id="oc-242">
         <name>.debug_line</name>
         <load_address>0xabc</load_address>
         <run_address>0xabc</run_address>
         <size>0xa6</size>
         <input_file_ref idref="fl-5"/>
      </object_component>
      <object_component id="oc-13e">
         <name>.debug_line</name>
         <load_address>0xb62</load_address>
         <run_address>0xb62</run_address>
         <size>0xe4</size>
         <input_file_ref idref="fl-6"/>
      </object_component>
      <object_component id="oc-102">
         <name>.debug_line</name>
         <load_address>0xc46</load_address>
         <run_address>0xc46</run_address>
         <size>0x76</size>
         <input_file_ref idref="fl-6"/>
      </object_component>
      <object_component id="oc-15b">
         <name>.debug_line</name>
         <load_address>0xcbc</load_address>
         <run_address>0xcbc</run_address>
         <size>0x321</size>
         <input_file_ref idref="fl-7"/>
      </object_component>
      <object_component id="oc-183">
         <name>.debug_line</name>
         <load_address>0xfdd</load_address>
         <run_address>0xfdd</run_address>
         <size>0xa0</size>
         <input_file_ref idref="fl-7"/>
      </object_component>
      <object_component id="oc-181">
         <name>.debug_line</name>
         <load_address>0x107d</load_address>
         <run_address>0x107d</run_address>
         <size>0xa0</size>
         <input_file_ref idref="fl-7"/>
      </object_component>
      <object_component id="oc-71">
         <name>.debug_line</name>
         <load_address>0x111d</load_address>
         <run_address>0x111d</run_address>
         <size>0xfd</size>
         <input_file_ref idref="fl-7"/>
      </object_component>
      <object_component id="oc-153">
         <name>.debug_line</name>
         <load_address>0x121a</load_address>
         <run_address>0x121a</run_address>
         <size>0x9f</size>
         <input_file_ref idref="fl-7"/>
      </object_component>
      <object_component id="oc-f0">
         <name>.debug_line</name>
         <load_address>0x12b9</load_address>
         <run_address>0x12b9</run_address>
         <size>0x9f</size>
         <input_file_ref idref="fl-7"/>
      </object_component>
      <object_component id="oc-1b7">
         <name>.debug_line</name>
         <load_address>0x1358</load_address>
         <run_address>0x1358</run_address>
         <size>0x32c</size>
         <input_file_ref idref="fl-8"/>
      </object_component>
      <object_component id="oc-c0">
         <name>.debug_line</name>
         <load_address>0x1684</load_address>
         <run_address>0x1684</run_address>
         <size>0x1b0</size>
         <input_file_ref idref="fl-8"/>
      </object_component>
      <object_component id="oc-1bb">
         <name>.debug_line</name>
         <load_address>0x1834</load_address>
         <run_address>0x1834</run_address>
         <size>0xb2</size>
         <input_file_ref idref="fl-8"/>
      </object_component>
      <object_component id="oc-249">
         <name>.debug_line</name>
         <load_address>0x18e6</load_address>
         <run_address>0x18e6</run_address>
         <size>0x9f</size>
         <input_file_ref idref="fl-9"/>
      </object_component>
      <object_component id="oc-245">
         <name>.debug_line</name>
         <load_address>0x1985</load_address>
         <run_address>0x1985</run_address>
         <size>0xa6</size>
         <input_file_ref idref="fl-9"/>
      </object_component>
      <object_component id="oc-247">
         <name>.debug_line</name>
         <load_address>0x1a2b</load_address>
         <run_address>0x1a2b</run_address>
         <size>0xa6</size>
         <input_file_ref idref="fl-9"/>
      </object_component>
      <object_component id="oc-148">
         <name>.debug_line</name>
         <load_address>0x1ad1</load_address>
         <run_address>0x1ad1</run_address>
         <size>0x165</size>
         <input_file_ref idref="fl-9"/>
      </object_component>
      <object_component id="oc-2c">
         <name>.debug_line</name>
         <load_address>0x1c36</load_address>
         <run_address>0x1c36</run_address>
         <size>0xd7</size>
         <input_file_ref idref="fl-d"/>
      </object_component>
      <object_component id="oc-176">
         <name>.debug_line</name>
         <load_address>0x1d0d</load_address>
         <run_address>0x1d0d</run_address>
         <size>0x9f</size>
         <input_file_ref idref="fl-10"/>
      </object_component>
      <object_component id="oc-b1">
         <name>.debug_line</name>
         <load_address>0x1dac</load_address>
         <run_address>0x1dac</run_address>
         <size>0x208</size>
         <input_file_ref idref="fl-10"/>
      </object_component>
      <object_component id="oc-17a">
         <name>.debug_line</name>
         <load_address>0x1fb4</load_address>
         <run_address>0x1fb4</run_address>
         <size>0x9f</size>
         <input_file_ref idref="fl-10"/>
      </object_component>
      <object_component id="oc-1be">
         <name>.debug_line</name>
         <load_address>0x2053</load_address>
         <run_address>0x2053</run_address>
         <size>0x9f</size>
         <input_file_ref idref="fl-11"/>
      </object_component>
      <object_component id="oc-c6">
         <name>.debug_line</name>
         <load_address>0x20f2</load_address>
         <run_address>0x20f2</run_address>
         <size>0x18b</size>
         <input_file_ref idref="fl-11"/>
      </object_component>
      <object_component id="oc-1c2">
         <name>.debug_line</name>
         <load_address>0x227d</load_address>
         <run_address>0x227d</run_address>
         <size>0x9f</size>
         <input_file_ref idref="fl-11"/>
      </object_component>
      <object_component id="oc-86">
         <name>.debug_line</name>
         <load_address>0x231c</load_address>
         <run_address>0x231c</run_address>
         <size>0xc8</size>
         <input_file_ref idref="fl-12"/>
      </object_component>
      <object_component id="oc-17d">
         <name>.debug_line</name>
         <load_address>0x23e4</load_address>
         <run_address>0x23e4</run_address>
         <size>0x20</size>
         <input_file_ref idref="fl-13"/>
      </object_component>
      <object_component id="oc-b7">
         <name>.debug_line</name>
         <load_address>0x2404</load_address>
         <run_address>0x2404</run_address>
         <size>0x11e</size>
         <input_file_ref idref="fl-13"/>
      </object_component>
      <object_component id="oc-63">
         <name>.debug_line</name>
         <load_address>0x2522</load_address>
         <run_address>0x2522</run_address>
         <size>0x22b</size>
         <input_file_ref idref="fl-15"/>
      </object_component>
      <object_component id="oc-35">
         <name>.debug_line</name>
         <load_address>0x274d</load_address>
         <run_address>0x274d</run_address>
         <size>0xb8</size>
         <input_file_ref idref="fl-16"/>
      </object_component>
      <object_component id="oc-3a">
         <name>.debug_line</name>
         <load_address>0x2805</load_address>
         <run_address>0x2805</run_address>
         <size>0xb6</size>
         <input_file_ref idref="fl-17"/>
      </object_component>
      <object_component id="oc-e2">
         <name>.debug_line</name>
         <load_address>0x28bb</load_address>
         <run_address>0x28bb</run_address>
         <size>0x224</size>
         <input_file_ref idref="fl-18"/>
      </object_component>
      <object_component id="oc-8b">
         <name>.debug_line</name>
         <load_address>0x2adf</load_address>
         <run_address>0x2adf</run_address>
         <size>0xa4</size>
         <input_file_ref idref="fl-18"/>
      </object_component>
      <object_component id="oc-21">
         <name>.debug_line</name>
         <load_address>0x2b83</load_address>
         <run_address>0x2b83</run_address>
         <size>0x12d</size>
         <input_file_ref idref="fl-18"/>
      </object_component>
      <object_component id="oc-e6">
         <name>.debug_line</name>
         <load_address>0x2cb0</load_address>
         <run_address>0x2cb0</run_address>
         <size>0xa0</size>
         <input_file_ref idref="fl-18"/>
      </object_component>
      <object_component id="oc-81">
         <name>.debug_line</name>
         <load_address>0x2d50</load_address>
         <run_address>0x2d50</run_address>
         <size>0xa4</size>
         <input_file_ref idref="fl-18"/>
      </object_component>
      <object_component id="oc-69">
         <name>.debug_line</name>
         <load_address>0x2df4</load_address>
         <run_address>0x2df4</run_address>
         <size>0x18f</size>
         <input_file_ref idref="fl-19"/>
      </object_component>
      <object_component id="oc-26a">
         <name>.debug_line</name>
         <load_address>0x2f83</load_address>
         <run_address>0x2f83</run_address>
         <size>0x47</size>
         <input_file_ref idref="fl-21"/>
      </object_component>
      <object_component id="oc-198">
         <name>.debug_line</name>
         <load_address>0x2fca</load_address>
         <run_address>0x2fca</run_address>
         <size>0x5e</size>
         <input_file_ref idref="fl-21"/>
      </object_component>
      <object_component id="oc-1ff">
         <name>.debug_line</name>
         <load_address>0x3028</load_address>
         <run_address>0x3028</run_address>
         <size>0x3f</size>
         <input_file_ref idref="fl-21"/>
      </object_component>
      <object_component id="oc-25f">
         <name>.debug_line</name>
         <load_address>0x3067</load_address>
         <run_address>0x3067</run_address>
         <size>0x4a</size>
         <input_file_ref idref="fl-21"/>
      </object_component>
      <object_component id="oc-25a">
         <name>.debug_line</name>
         <load_address>0x30b1</load_address>
         <run_address>0x30b1</run_address>
         <size>0x4f</size>
         <input_file_ref idref="fl-21"/>
      </object_component>
      <object_component id="oc-204">
         <name>.debug_line</name>
         <load_address>0x3100</load_address>
         <run_address>0x3100</run_address>
         <size>0x59</size>
         <input_file_ref idref="fl-21"/>
      </object_component>
      <object_component id="oc-266">
         <name>.debug_line</name>
         <load_address>0x3159</load_address>
         <run_address>0x3159</run_address>
         <size>0x47</size>
         <input_file_ref idref="fl-22"/>
      </object_component>
      <object_component id="oc-195">
         <name>.debug_line</name>
         <load_address>0x31a0</load_address>
         <run_address>0x31a0</run_address>
         <size>0x8f</size>
         <input_file_ref idref="fl-22"/>
      </object_component>
      <object_component id="oc-256">
         <name>.debug_line</name>
         <load_address>0x322f</load_address>
         <run_address>0x322f</run_address>
         <size>0x6e</size>
         <input_file_ref idref="fl-23"/>
      </object_component>
      <object_component id="oc-1ec">
         <name>.debug_line</name>
         <load_address>0x329d</load_address>
         <run_address>0x329d</run_address>
         <size>0x79</size>
         <input_file_ref idref="fl-23"/>
      </object_component>
      <object_component id="oc-189">
         <name>.debug_line</name>
         <load_address>0x3316</load_address>
         <run_address>0x3316</run_address>
         <size>0x19b</size>
         <input_file_ref idref="fl-23"/>
      </object_component>
      <object_component id="oc-289">
         <name>.debug_line</name>
         <load_address>0x34b1</load_address>
         <run_address>0x34b1</run_address>
         <size>0x20</size>
         <input_file_ref idref="fl-24"/>
      </object_component>
      <object_component id="oc-213">
         <name>.debug_line</name>
         <load_address>0x34d1</load_address>
         <run_address>0x34d1</run_address>
         <size>0x69</size>
         <input_file_ref idref="fl-24"/>
      </object_component>
      <object_component id="oc-285">
         <name>.debug_line</name>
         <load_address>0x353a</load_address>
         <run_address>0x353a</run_address>
         <size>0x20</size>
         <input_file_ref idref="fl-25"/>
      </object_component>
      <object_component id="oc-1f0">
         <name>.debug_line</name>
         <load_address>0x355a</load_address>
         <run_address>0x355a</run_address>
         <size>0x63</size>
         <input_file_ref idref="fl-25"/>
      </object_component>
      <object_component id="oc-1f7">
         <name>.debug_line</name>
         <load_address>0x35bd</load_address>
         <run_address>0x35bd</run_address>
         <size>0x65</size>
         <input_file_ref idref="fl-25"/>
      </object_component>
      <object_component id="oc-262">
         <name>.debug_line</name>
         <load_address>0x3622</load_address>
         <run_address>0x3622</run_address>
         <size>0x47</size>
         <input_file_ref idref="fl-26"/>
      </object_component>
      <object_component id="oc-18e">
         <name>.debug_line</name>
         <load_address>0x3669</load_address>
         <run_address>0x3669</run_address>
         <size>0xea</size>
         <input_file_ref idref="fl-26"/>
      </object_component>
      <object_component id="oc-26e">
         <name>.debug_line</name>
         <load_address>0x3753</load_address>
         <run_address>0x3753</run_address>
         <size>0x6e</size>
         <input_file_ref idref="fl-27"/>
      </object_component>
      <object_component id="oc-1a1">
         <name>.debug_line</name>
         <load_address>0x37c1</load_address>
         <run_address>0x37c1</run_address>
         <size>0x170</size>
         <input_file_ref idref="fl-27"/>
      </object_component>
      <object_component id="oc-225">
         <name>.debug_line</name>
         <load_address>0x3931</load_address>
         <run_address>0x3931</run_address>
         <size>0x37</size>
         <input_file_ref idref="fl-27"/>
      </object_component>
      <object_component id="oc-281">
         <name>.debug_line</name>
         <load_address>0x3968</load_address>
         <run_address>0x3968</run_address>
         <size>0x3a</size>
         <input_file_ref idref="fl-28"/>
      </object_component>
      <object_component id="oc-1a3">
         <name>.debug_line</name>
         <load_address>0x39a2</load_address>
         <run_address>0x39a2</run_address>
         <size>0x79</size>
         <input_file_ref idref="fl-28"/>
      </object_component>
      <object_component id="oc-298">
         <name>.debug_line</name>
         <load_address>0x3a1b</load_address>
         <run_address>0x3a1b</run_address>
         <size>0x47</size>
         <input_file_ref idref="fl-29"/>
      </object_component>
      <object_component id="oc-231">
         <name>.debug_line</name>
         <load_address>0x3a62</load_address>
         <run_address>0x3a62</run_address>
         <size>0x53</size>
         <input_file_ref idref="fl-29"/>
      </object_component>
      <object_component id="oc-28b">
         <name>.debug_line</name>
         <load_address>0x3ab5</load_address>
         <run_address>0x3ab5</run_address>
         <size>0x20</size>
         <input_file_ref idref="fl-2a"/>
      </object_component>
      <object_component id="oc-21d">
         <name>.debug_line</name>
         <load_address>0x3ad5</load_address>
         <run_address>0x3ad5</run_address>
         <size>0x5e</size>
         <input_file_ref idref="fl-2a"/>
      </object_component>
      <object_component id="oc-283">
         <name>.debug_line</name>
         <load_address>0x3b33</load_address>
         <run_address>0x3b33</run_address>
         <size>0x20</size>
         <input_file_ref idref="fl-2b"/>
      </object_component>
      <object_component id="oc-1e7">
         <name>.debug_line</name>
         <load_address>0x3b53</load_address>
         <run_address>0x3b53</run_address>
         <size>0x71</size>
         <input_file_ref idref="fl-2b"/>
      </object_component>
      <object_component id="oc-287">
         <name>.debug_line</name>
         <load_address>0x3bc4</load_address>
         <run_address>0x3bc4</run_address>
         <size>0x20</size>
         <input_file_ref idref="fl-2c"/>
      </object_component>
      <object_component id="oc-20e">
         <name>.debug_line</name>
         <load_address>0x3be4</load_address>
         <run_address>0x3be4</run_address>
         <size>0x5e</size>
         <input_file_ref idref="fl-2c"/>
      </object_component>
      <object_component id="oc-295">
         <name>.debug_line</name>
         <load_address>0x3c42</load_address>
         <run_address>0x3c42</run_address>
         <size>0x47</size>
         <input_file_ref idref="fl-2d"/>
      </object_component>
      <object_component id="oc-238">
         <name>.debug_line</name>
         <load_address>0x3c89</load_address>
         <run_address>0x3c89</run_address>
         <size>0x5a</size>
         <input_file_ref idref="fl-2d"/>
      </object_component>
      <object_component id="oc-22c">
         <name>.debug_line</name>
         <load_address>0x3ce3</load_address>
         <run_address>0x3ce3</run_address>
         <size>0x78</size>
         <input_file_ref idref="fl-2d"/>
      </object_component>
[...]
         <name>__TI_CINIT_Limit</name>
         <value>0x3d90</value>
      </symbol>
      <symbol id="sm-8">
         <name>__TI_Handler_Table_Base</name>
         <value>0x3d6c</value>
      </symbol>
      <symbol id="sm-9">
         <name>__TI_Handler_Table_Limit</name>
         <value>0x3d78</value>
      </symbol>
      <symbol id="sm-a">
         <name>binit</name>
         <value>0xffffffff</value>
      </symbol>
      <symbol id="sm-b">
         <name>__binit__</name>
         <value>0xffffffff</value>
      </symbol>
      <symbol id="sm-c">
         <name>__c_args__</name>
         <value>0xffffffff</value>
      </symbol>
      <symbol id="sm-d">
         <name>__TI_pprof_out_hndl</name>
         <value>0xffffffff</value>
      </symbol>
      <symbol id="sm-e">
         <name>__TI_prof_data_start</name>
         <value>0xffffffff</value>
      </symbol>
      <symbol id="sm-f">
         <name>__TI_prof_data_size</name>
         <value>0xffffffff</value>
      </symbol>
      <symbol id="sm-4e">
         <name>Fapi_serviceWatchdogTimer</name>
         <value>0x8002000</value>
         <object_component_ref idref="oc-277"/>
      </symbol>
      <symbol id="sm-79">
         <name>g_ulForced</name>
         <value>0x8003070</value>
      </symbol>
      <symbol id="sm-7a">
         <name>CheckForceUpdate</name>
         <value>0x35b4</value>
         <object_component_ref idref="oc-b9"/>
      </symbol>
      <symbol id="sm-7b">
         <name>CheckGPIOForceUpdate</name>
         <value>0x3534</value>
         <object_component_ref idref="oc-b9"/>
      </symbol>
      <symbol id="sm-da">
         <name>Flash_Erase_Check</name>
         <value>0x800262c</value>
         <object_component_ref idref="oc-137"/>
      </symbol>
      <symbol id="sm-db">
         <name>Fapi_BlockRead</name>
         <value>0x8002678</value>
         <object_component_ref idref="oc-137"/>
      </symbol>
      <symbol id="sm-dc">
         <name>Flash_Program_Check</name>
         <value>0x80025dc</value>
         <object_component_ref idref="oc-137"/>
      </symbol>
      <symbol id="sm-dd">
         <name>flash_sector</name>
         <value>0x3930</value>
         <object_component_ref idref="oc-1a8"/>
      </symbol>
      <symbol id="sm-de">
         <name>Fapi_BlockErase</name>
         <value>0x8002170</value>
         <object_component_ref idref="oc-137"/>
      </symbol>
      <symbol id="sm-df">
         <name>BLInternalFlashSizeGet</name>
         <value>0x8002030</value>
         <object_component_ref idref="oc-137"/>
      </symbol>
      <symbol id="sm-e0">
         <name>Fapi_BlockProgram</name>
         <value>0x80023d8</value>
         <object_component_ref idref="oc-137"/>
      </symbol>
      <symbol id="sm-e1">
         <name>Fapi_UpdateStatusProgram</name>
         <value>0x8002520</value>
         <object_component_ref idref="oc-137"/>
      </symbol>
      <symbol id="sm-e2">
         <name>BLInternalFlashStartAddrCheck</name>
         <value>0x8002058</value>
         <object_component_ref idref="oc-137"/>
      </symbol>
      <symbol id="sm-e3">
         <name>BLInternalFlashFirstSectorSizeGet</name>
         <value>0x8002008</value>
         <object_component_ref idref="oc-137"/>
      </symbol>
      <symbol id="sm-10c">
         <name>run_LED_StartUp</name>
         <value>0x3620</value>
         <object_component_ref idref="oc-13d"/>
      </symbol>
      <symbol id="sm-141">
         <name>g_ulTransferSize</name>
         <value>0x8003078</value>
      </symbol>
      <symbol id="sm-142">
         <name>g_ulTransferAddress</name>
         <value>0x8003074</value>
      </symbol>
      <symbol id="sm-143">
         <name>g_pulDataBuffer</name>
         <value>0x8002f28</value>
      </symbol>
      <symbol id="sm-144">
         <name>g_pucDataBuffer</name>
         <value>0x800306c</value>
      </symbol>
      <symbol id="sm-145">
         <name>g_ulUpdateStatusAddr</name>
         <value>0x80030a8</value>
         <object_component_ref idref="oc-130"/>
      </symbol>
      <symbol id="sm-146">
         <name>main</name>
         <value>0x334c</value>
         <object_component_ref idref="oc-70"/>
      </symbol>
      <symbol id="sm-147">
         <name>delay</name>
         <value>0x330c</value>
         <object_component_ref idref="oc-70"/>
      </symbol>
      <symbol id="sm-148">
         <name>g_pulUpdateSuccess</name>
         <value>0x8003080</value>
         <object_component_ref idref="oc-133"/>
      </symbol>
      <symbol id="sm-149">
         <name>ConfigureSPIDevice</name>
         <value>0x33ac</value>
         <object_component_ref idref="oc-70"/>
      </symbol>
      <symbol id="sm-14a">
         <name>g_ulUpdateBufferSize</name>
         <value>0x80030ac</value>
         <object_component_ref idref="oc-130"/>
      </symbol>
      <symbol id="sm-186">
         <name>g_ucStatus</name>
         <value>0x800307c</value>
      </symbol>
      <symbol id="sm-187">
         <name>UpdaterSPI</name>
         <value>0x15a8</value>
         <object_component_ref idref="oc-bf"/>
      </symbol>
      <symbol id="sm-188">
         <name>SPIReceive</name>
         <value>0x1554</value>
         <object_component_ref idref="oc-bf"/>
      </symbol>
      <symbol id="sm-189">
         <name>SPISend</name>
         <value>0x1500</value>
         <object_component_ref idref="oc-bf"/>
      </symbol>
      <symbol id="sm-1b7">
         <name>ReceivePacket</name>
         <value>0x2d64</value>
         <object_component_ref idref="oc-143"/>
      </symbol>
      <symbol id="sm-1b8">
         <name>CheckSum</name>
         <value>0x2cc8</value>
         <object_component_ref idref="oc-143"/>
      </symbol>
      <symbol id="sm-1b9">
         <name>SendPacket</name>
         <value>0x2e30</value>
         <object_component_ref idref="oc-143"/>
      </symbol>
      <symbol id="sm-1ba">
         <name>AckPacket</name>
         <value>0x2d2c</value>
         <object_component_ref idref="oc-143"/>
      </symbol>
      <symbol id="sm-1bb">
         <name>NakPacket</name>
         <value>0x2d48</value>
         <object_component_ref idref="oc-143"/>
      </symbol>
      <symbol id="sm-1d3">
         <name>esmHighInterrupt</name>
         <value>0x31dc</value>
         <object_component_ref idref="oc-28"/>
      </symbol>
      <symbol id="sm-21a">
         <name>g_sciTransfer</name>
         <value>0x8003028</value>
      </symbol>
      <symbol id="sm-21b">
         <name>sciIsTxReady</name>
         <value>0x1cec</value>
         <object_component_ref idref="oc-ad"/>
      </symbol>
      <symbol id="sm-21c">
         <name>sciIsRxReady</name>
         <value>0x1e4c</value>
         <object_component_ref idref="oc-ad"/>
      </symbol>
      <symbol id="sm-21d">
         <name>sciSetBaudrate</name>
         <value>0x1c68</value>
         <object_component_ref idref="oc-ad"/>
      </symbol>
      <symbol id="sm-21e">
         <name>sciInit</name>
         <value>0x1b10</value>
         <object_component_ref idref="oc-ad"/>
      </symbol>
      <symbol id="sm-21f">
         <name>sciReceive</name>
         <value>0x1ed0</value>
         <object_component_ref idref="oc-ad"/>
      </symbol>
      <symbol id="sm-220">
         <name>sciSetFunctional</name>
         <value>0x1c48</value>
         <object_component_ref idref="oc-ad"/>
      </symbol>
      <symbol id="sm-221">
         <name>sciSend</name>
         <value>0x1d38</value>
         <object_component_ref idref="oc-ad"/>
      </symbol>
      <symbol id="sm-222">
         <name>sciRxError</name>
         <value>0x1e68</value>
         <object_component_ref idref="oc-ad"/>
      </symbol>
      <symbol id="sm-223">
         <name>sciReceiveByte</name>
         <value>0x1e98</value>
         <object_component_ref idref="oc-ad"/>
      </symbol>
      <symbol id="sm-224">
         <name>sciSendByte</name>
         <value>0x1d08</value>
         <object_component_ref idref="oc-ad"/>
      </symbol>
      <symbol id="sm-25d">
         <name>g_spiPacket</name>
         <value>0x8003040</value>
      </symbol>
      <symbol id="sm-25e">
         <name>g_spiDataFormat</name>
         <value>0x8003058</value>
      </symbol>
      <symbol id="sm-25f">
         <name>spiInit</name>
         <value>0x1ffc</value>
         <object_component_ref idref="oc-c5"/>
      </symbol>
      <symbol id="sm-260">
         <name>spiGetData</name>
         <value>0x21b0</value>
         <object_component_ref idref="oc-c5"/>
      </symbol>
      <symbol id="sm-261">
         <name>spiSetFunctional</name>
         <value>0x20f0</value>
         <object_component_ref idref="oc-c5"/>
      </symbol>
      <symbol id="sm-262">
         <name>spiSendData</name>
         <value>0x2384</value>
         <object_component_ref idref="oc-c5"/>
      </symbol>
      <symbol id="sm-263">
         <name>spiReceiveData</name>
         <value>0x2110</value>
         <object_component_ref idref="oc-c5"/>
      </symbol>
      <symbol id="sm-264">
         <name>spiTransmitData</name>
         <value>0x22dc</value>
         <object_component_ref idref="oc-c5"/>
      </symbol>
      <symbol id="sm-26f">
         <name>esmGroup2Notification</name>
         <value>0x38a4</value>
         <object_component_ref idref="oc-83"/>
      </symbol>
      <symbol id="sm-270">
         <name>esmGroup1Notification</name>
         <value>0x3894</value>
         <object_component_ref idref="oc-83"/>
      </symbol>
      <symbol id="sm-286">
         <name>UART_putChar</name>
         <value>0x3504</value>
         <object_component_ref idref="oc-b3"/>
      </symbol>
      <symbol id="sm-287">
         <name>UART_putString</name>
         <value>0x34c4</value>
         <object_component_ref idref="oc-b3"/>
      </symbol>
      <symbol id="sm-288">
         <name>UART_send32BitData</name>
         <value>0x3424</value>
         <object_component_ref idref="oc-b3"/>
      </symbol>
      <symbol id="sm-2b2">
         <name>_disable_IRQ_interrupt_</name>
         <value>0x2c28</value>
         <object_component_ref idref="oc-5f"/>
      </symbol>
      <symbol id="sm-2b3">
         <name>_disable_interrupt_</name>
         <value>0x2c18</value>
         <object_component_ref idref="oc-5f"/>
      </symbol>
      <symbol id="sm-2b4">
         <name>_coreDisableEventBusExport_</name>
         <value>0x2b84</value>
         <object_component_ref idref="oc-5f"/>
      </symbol>
      <symbol id="sm-2b5">
         <name>_coreDisableFlashEcc_</name>
         <value>0x2be8</value>
         <object_component_ref idref="oc-5f"/>
      </symbol>
      <symbol id="sm-2b6">
         <name>__TI_PINIT_Base</name>
         <value>0x2cc0</value>
         <object_component_ref idref="oc-5f"/>
      </symbol>
      <symbol id="sm-2b7">
         <name>_coreInitRegisters_</name>
         <value>0x2a40</value>
         <object_component_ref idref="oc-5f"/>
      </symbol>
      <symbol id="sm-2b8">
         <name>_coreEnableRamEcc_</name>
         <value>0x2b9c</value>
         <object_component_ref idref="oc-5f"/>
      </symbol>
      <symbol id="sm-2b9">
         <name>_enable_interrupt_</name>
         <value>0x2c30</value>
         <object_component_ref idref="oc-5f"/>
      </symbol>
      <symbol id="sm-2ba">
         <name>_coreDisableRamEcc_</name>
         <value>0x2bb4</value>
         <object_component_ref idref="oc-5f"/>
      </symbol>
      <symbol id="sm-2bb">
         <name>__TI_PINIT_Limit</name>
         <value>0x2cc4</value>
         <object_component_ref idref="oc-5f"/>
      </symbol>
      <symbol id="sm-2bc">
         <name>_copyAPI2RAM_</name>
         <value>0x2aec</value>
         <object_component_ref idref="oc-5f"/>
      </symbol>
      <symbol id="sm-2bd">
         <name>_coreEnableFlashEcc_</name>
         <value>0x2bcc</value>
         <object_component_ref idref="oc-5f"/>
      </symbol>
      <symbol id="sm-2be">
         <name>_disable_FIQ_interrupt_</name>
         <value>0x2c20</value>
         <object_component_ref idref="oc-5f"/>
      </symbol>
      <symbol id="sm-2bf">
         <name>_coreInitStackPointer_</name>
         <value>0x2b1c</value>
         <object_component_ref idref="oc-5f"/>
      </symbol>
      <symbol id="sm-2c0">
         <name>_esmCcmErrorsClear_</name>
         <value>0x2c38</value>
         <object_component_ref idref="oc-5f"/>
      </symbol>
      <symbol id="sm-2c1">
         <name>_coreEnableIrqVicOffset_</name>
         <value>0x2c00</value>
         <object_component_ref idref="oc-5f"/>
      </symbol>
      <symbol id="sm-2c2">
         <name>_coreEnableVfp_</name>
         <value>0x2b68</value>
         <object_component_ref idref="oc-5f"/>
      </symbol>
      <symbol id="sm-2c3">
         <name>_coreEnableEventBusExport_</name>
         <value>0x2b6c</value>
         <object_component_ref idref="oc-5f"/>
      </symbol>
      <symbol id="sm-2d7">
         <name>phantomInterrupt</name>
         <value>0x3904</value>
         <object_component_ref idref="oc-36"/>
      </symbol>
      <symbol id="sm-31a">
         <name>_c_int00</name>
         <value>0x2770</value>
         <object_component_ref idref="oc-1f"/>
      </symbol>
      <symbol id="sm-342">
         <name>trimLPO</name>
         <value>0x24bc</value>
         <object_component_ref idref="oc-64"/>
      </symbol>
      <symbol id="sm-343">
         <name>systemInit</name>
         <value>0x267c</value>
         <object_component_ref idref="oc-64"/>
      </symbol>
      <symbol id="sm-344">
         <name>periphInit</name>
         <value>0x2544</value>
         <object_component_ref idref="oc-64"/>
      </symbol>
      <symbol id="sm-345">
         <name>setupFlash</name>
         <value>0x2504</value>
         <object_component_ref idref="oc-64"/>
      </symbol>
      <symbol id="sm-346">
         <name>setupPLL</name>
         <value>0x246c</value>
         <object_component_ref idref="oc-64"/>
      </symbol>
      <symbol id="sm-347">
         <name>mapClocks</name>
         <value>0x2598</value>
         <object_component_ref idref="oc-64"/>
      </symbol>
      <symbol id="sm-348">
         <name>systemPowerDown</name>
         <value>0x26ec</value>
         <object_component_ref idref="oc-64"/>
      </symbol>
      <symbol id="sm-36e">
         <name>Fapi_issueAsyncCommandWithAddress</name>
         <value>0x8002e05</value>
         <object_component_ref idref="oc-196"/>
      </symbol>
      <symbol id="sm-37f">
         <name>Fapi_enableMainBankSectors</name>
         <value>0x8002c79</value>
         <object_component_ref idref="oc-190"/>
      </symbol>
      <symbol id="sm-3a2">
         <name>Fapi_initializeFlashBanks</name>
         <value>0x8002725</value>
         <object_component_ref idref="oc-184"/>
      </symbol>
      <symbol id="sm-3b1">
         <name>_Fapi_issueFsmCommand</name>
         <value>0x8002d91</value>
         <object_component_ref idref="oc-212"/>
      </symbol>
      <symbol id="sm-3ce">
         <name>_scaleMainFclk</name>
         <value>0x8002f05</value>
         <object_component_ref idref="oc-1ef"/>
      </symbol>
      <symbol id="sm-3cf">
         <name>_scaleEEFclk</name>
         <value>0x8002ef5</value>
         <object_component_ref idref="oc-1f5"/>
      </symbol>
      <symbol id="sm-3e9">
         <name>Fapi_setActiveFlashBank</name>
         <value>0x8002985</value>
         <object_component_ref idref="oc-18a"/>
      </symbol>
      <symbol id="sm-40c">
         <name>Fapi_issueProgrammingCommand</name>
         <value>0x8002b01</value>
         <object_component_ref idref="oc-19c"/>
      </symbol>
      <symbol id="sm-41c">
         <name>Fapi_doMarginReadByByte</name>
         <value>0x8002d51</value>
         <object_component_ref idref="oc-1a2"/>
      </symbol>
      <symbol id="sm-42a">
         <name>_Fapi_checkWdService</name>
         <value>0x8002f15</value>
         <object_component_ref idref="oc-22d"/>
      </symbol>
      <symbol id="sm-439">
         <name>Fapi_calculateEcc</name>
         <value>0x8002ed1</value>
         <object_component_ref idref="oc-21a"/>
      </symbol>
      <symbol id="sm-448">
         <name>Fapi_calculateFletcherChecksum</name>
         <value>0x8002dcd</value>
         <object_component_ref idref="oc-1e3"/>
      </symbol>
      <symbol id="sm-457">
         <name>Fapi_getNumberOfBankSectors</name>
         <value>0x8002ee5</value>
         <object_component_ref idref="oc-20a"/>
      </symbol>
      <symbol id="sm-474">
         <name>_Fapi_enterMarginMode</name>
         <value>0x8002ce9</value>
         <object_component_ref idref="oc-227"/>
      </symbol>
      <symbol id="sm-475">
         <name>_Fapi_exitMarginMode</name>
         <value>0x8002e65</value>
         <object_component_ref idref="oc-233"/>
      </symbol>
      <symbol id="sm-482">
         <name>Fapi_flushPipeline</name>
         <value>0x8002e91</value>
         <object_component_ref idref="oc-26f"/>
      </symbol>
      <symbol id="sm-492">
         <name>Fapi_waitDelay</name>
         <value>0x8002e35</value>
         <object_component_ref idref="oc-28c"/>
      </symbol>
      <symbol id="sm-4aa">
         <name>__aeabi_dsub</name>
         <value>0x2ef1</value>
         <object_component_ref idref="oc-11d"/>
      </symbol>
      <symbol id="sm-4ab">
         <name>__aeabi_dadd</name>
         <value>0x2efb</value>
         <object_component_ref idref="oc-11d"/>
      </symbol>
      <symbol id="sm-4bf">
         <name>__aeabi_ddiv</name>
         <value>0x30a7</value>
         <object_component_ref idref="oc-118"/>
      </symbol>
      <symbol id="sm-4c9">
         <name>__aeabi_d2uiz</name>
         <value>0x3851</value>
         <object_component_ref idref="oc-122"/>
      </symbol>
      <symbol id="sm-4d3">
         <name>__aeabi_ui2d</name>
         <value>0x38b5</value>
         <object_component_ref idref="oc-113"/>
      </symbol>
      <symbol id="sm-4fc">
         <name>copy_in</name>
         <value>0x3805</value>
         <object_component_ref idref="oc-6a"/>
      </symbol>
      <symbol id="sm-510">
         <name>__TI_zero_init_nomemset</name>
         <value>0x38d5</value>
         <object_component_ref idref="oc-53"/>
      </symbol>
      <symbol id="sm-527">
         <name>__TI_decompress_none</name>
         <value>0x38f1</value>
         <object_component_ref idref="oc-18"/>
      </symbol>
      <symbol id="sm-54a">
         <name>__TI_decompress_lzss</name>
         <value>0x3799</value>
         <object_component_ref idref="oc-12"/>
      </symbol>
      <symbol id="sm-555">
         <name>C$$EXIT</name>
         <value>0x38ff</value>
         <object_component_ref idref="oc-d0"/>
      </symbol>
      <symbol id="sm-556">
         <name>abort</name>
         <value>0x38ff</value>
         <object_component_ref idref="oc-d0"/>
      </symbol>
      <symbol id="sm-572">
         <name>memcpy</name>
         <value>0x36fd</value>
         <object_component_ref idref="oc-47"/>
      </symbol>
      <symbol id="sm-573">
         <name>__aeabi_memcpy</name>
         <value>0x36fd</value>
         <object_component_ref idref="oc-47"/>
      </symbol>
      <symbol id="sm-574">
         <name>__aeabi_memcpy8</name>
         <value>0x36fd</value>
         <object_component_ref idref="oc-47"/>
      </symbol>
      <symbol id="sm-575">
         <name>__aeabi_memcpy4</name>
         <value>0x36fd</value>
         <object_component_ref idref="oc-47"/>
      </symbol>
      <symbol id="sm-577">
         <name>__TI_static_base__</name>
         <value>0x0</value>
      </symbol>
      <symbol id="sm-57c">
         <name>SHT$$INIT_ARRAY$$Base</name>
         <value>0x0</value>
      </symbol>
      <symbol id="sm-57d">
         <name>SHT$$INIT_ARRAY$$Limit</name>
         <value>0x0</value>
      </symbol>
   </symbol_table>
   <title>Link successful</title>
</link_info>
