<?xml version="1.0" encoding="ISO-8859-1" ?>
<link_info>
   <banner>TI ARM Linker PC v20.2.7.LTS</banner>
   <copyright>Copyright (c) 1996-2018 Texas Instruments Incorporated</copyright>
   <link_time>0x6655b133</link_time>
   <link_errors>0x1</link_errors>
   <output_file>ls31_uart_boot.out</output_file>
   <entry_point>
      <name>_c_int00</name>
      <address>0x3ce8</address>
   </entry_point>
   <input_file_list>
      <input_file id="fl-2">
         <path>.\</path>
         <kind>object</kind>
         <file>Fapi_UserDefinedFunctions.obj</file>
         <name>Fapi_UserDefinedFunctions.obj</name>
      </input_file>
      <input_file id="fl-3">
         <path>.\</path>
         <kind>object</kind>
         <file>bl_check.obj</file>
         <name>bl_check.obj</name>
      </input_file>
      <input_file id="fl-4">
         <path>.\</path>
         <kind>object</kind>
         <file>bl_dcan.obj</file>
         <name>bl_dcan.obj</name>
      </input_file>
      <input_file id="fl-5">
         <path>.\</path>
         <kind>object</kind>
         <file>bl_flash.obj</file>
         <name>bl_flash.obj</name>
      </input_file>
      <input_file id="fl-6">
         <path>.\</path>
         <kind>object</kind>
         <file>bl_led_demo.obj</file>
         <name>bl_led_demo.obj</name>
      </input_file>
      <input_file id="fl-7">
         <path>.\</path>
         <kind>object</kind>
         <file>bl_main.obj</file>
         <name>bl_main.obj</name>
      </input_file>
      <input_file id="fl-8">
         <path>.\</path>
         <kind>object</kind>
         <file>bl_spi.obj</file>
         <name>bl_spi.obj</name>
      </input_file>
      <input_file id="fl-9">
         <path>.\</path>
         <kind>object</kind>
         <file>bl_spi_packet.obj</file>
         <name>bl_spi_packet.obj</name>
      </input_file>
      <input_file id="fl-a">
         <path>.\</path>
         <kind>object</kind>
         <file>bl_uart.obj</file>
         <name>bl_uart.obj</name>
      </input_file>
      <input_file id="fl-b">
         <path>.\</path>
         <kind>object</kind>
         <file>bl_ymodem.obj</file>
         <name>bl_ymodem.obj</name>
      </input_file>
      <input_file id="fl-c">
         <path>.\</path>
         <kind>object</kind>
         <file>hw_dcan.obj</file>
         <name>hw_dcan.obj</name>
      </input_file>
      <input_file id="fl-d">
         <path>.\</path>
         <kind>object</kind>
         <file>hw_esm.obj</file>
         <name>hw_esm.obj</name>
      </input_file>
      <input_file id="fl-e">
         <path>.\</path>
         <kind>object</kind>
         <file>hw_gio.obj</file>
         <name>hw_gio.obj</name>
      </input_file>
      <input_file id="fl-f">
         <path>.\</path>
         <kind>object</kind>
         <file>hw_pinmux.obj</file>
         <name>hw_pinmux.obj</name>
      </input_file>
      <input_file id="fl-10">
         <path>.\</path>
         <kind>object</kind>
         <file>hw_sci.obj</file>
         <name>hw_sci.obj</name>
      </input_file>
      <input_file id="fl-11">
         <path>.\</path>
         <kind>object</kind>
         <file>hw_spi.obj</file>
         <name>hw_spi.obj</name>
      </input_file>
      <input_file id="fl-12">
         <path>.\</path>
         <kind>object</kind>
         <file>notification.obj</file>
         <name>notification.obj</name>
      </input_file>
      <input_file id="fl-13">
         <path>.\</path>
         <kind>object</kind>
         <file>sci_common.obj</file>
         <name>sci_common.obj</name>
      </input_file>
      <input_file id="fl-14">
         <path>.\</path>
         <kind>object</kind>
         <file>sw_hw_ver.obj</file>
         <name>sw_hw_ver.obj</name>
      </input_file>
      <input_file id="fl-15">
         <path>.\</path>
         <kind>object</kind>
         <file>sys_core.obj</file>
         <name>sys_core.obj</name>
      </input_file>
      <input_file id="fl-16">
         <path>.\</path>
         <kind>object</kind>
         <file>sys_intvecs.obj</file>
         <name>sys_intvecs.obj</name>
      </input_file>
      <input_file id="fl-17">
         <path>.\</path>
         <kind>object</kind>
         <file>sys_phantom.obj</file>
         <name>sys_phantom.obj</name>
      </input_file>
      <input_file id="fl-18">
         <path>.\</path>
         <kind>object</kind>
         <file>sys_startup.obj</file>
         <name>sys_startup.obj</name>
      </input_file>
      <input_file id="fl-19">
         <path>.\</path>
         <kind>object</kind>
         <file>system.obj</file>
         <name>system.obj</name>
      </input_file>
      <input_file id="fl-1a">
         <path>.\</path>
         <kind>object</kind>
         <file>ymodem_crc16.obj</file>
         <name>ymodem_crc16.obj</name>
      </input_file>
      <input_file id="fl-20">
         <kind>object</kind>
         <file>&lt;internal&gt;</file>
         <name>&lt;internal&gt;</name>
      </input_file>
      <input_file id="fl-21">
         <path>..\..\..\lib\</path>
         <kind>archive</kind>
         <file>F021_API_CortexR4_BE.lib</file>
         <name>Async.WithAddress.obj</name>
      </input_file>
      <input_file id="fl-22">
         <path>..\..\..\lib\</path>
         <kind>archive</kind>
         <file>F021_API_CortexR4_BE.lib</file>
         <name>FlashStateMachine.EnableMainSectors.obj</name>
      </input_file>
      <input_file id="fl-23">
         <path>..\..\..\lib\</path>
         <kind>archive</kind>
         <file>F021_API_CortexR4_BE.lib</file>
         <name>FlashStateMachine.InitializeFlashBanks.obj</name>
      </input_file>
      <input_file id="fl-24">
         <path>..\..\..\lib\</path>
         <kind>archive</kind>
         <file>F021_API_CortexR4_BE.lib</file>
         <name>FlashStateMachine.IssueFsmCommand.obj</name>
      </input_file>
      <input_file id="fl-25">
         <path>..\..\..\lib\</path>
         <kind>archive</kind>
         <file>F021_API_CortexR4_BE.lib</file>
         <name>FlashStateMachine.ScaleFclk.obj</name>
      </input_file>
      <input_file id="fl-26">
         <path>..\..\..\lib\</path>
         <kind>archive</kind>
         <file>F021_API_CortexR4_BE.lib</file>
         <name>FlashStateMachine.SetActiveBank.obj</name>
      </input_file>
      <input_file id="fl-27">
         <path>..\..\..\lib\</path>
         <kind>archive</kind>
         <file>F021_API_CortexR4_BE.lib</file>
         <name>Program.obj</name>
      </input_file>
      <input_file id="fl-28">
         <path>..\..\..\lib\</path>
         <kind>archive</kind>
         <file>F021_API_CortexR4_BE.lib</file>
         <name>Read.MarginByByte.obj</name>
      </input_file>
      <input_file id="fl-29">
         <path>..\..\..\lib\</path>
         <kind>archive</kind>
         <file>F021_API_CortexR4_BE.lib</file>
         <name>Read.WdService.obj</name>
      </input_file>
      <input_file id="fl-2a">
         <path>..\..\..\lib\</path>
         <kind>archive</kind>
         <file>F021_API_CortexR4_BE.lib</file>
         <name>Utilities.CalculateEcc.obj</name>
      </input_file>
      <input_file id="fl-2b">
         <path>..\..\..\lib\</path>
         <kind>archive</kind>
         <file>F021_API_CortexR4_BE.lib</file>
         <name>Utilities.CalculateFletcher.obj</name>
      </input_file>
      <input_file id="fl-2c">
         <path>..\..\..\lib\</path>
         <kind>archive</kind>
         <file>F021_API_CortexR4_BE.lib</file>
         <name>Utilities.GetNumberOfSectors.obj</name>
      </input_file>
      <input_file id="fl-2d">
         <path>..\..\..\lib\</path>
         <kind>archive</kind>
         <file>F021_API_CortexR4_BE.lib</file>
         <name>Read.Common.obj</name>
      </input_file>
      <input_file id="fl-2e">
         <path>..\..\..\lib\</path>
         <kind>archive</kind>
         <file>F021_API_CortexR4_BE.lib</file>
         <name>Read.FlushPipeline.obj</name>
      </input_file>
      <input_file id="fl-2f">
         <path>..\..\..\lib\</path>
         <kind>archive</kind>
         <file>F021_API_CortexR4_BE.lib</file>
         <name>Utilities.WaitDelay.obj</name>
      </input_file>
      <input_file id="fl-30">
         <path>..\..\..\lib\</path>
         <kind>archive</kind>
         <file>F021_API_CortexR4_BE.lib</file>
         <name>FlashStateMachine.Hercules.IsEccAddress.obj</name>
      </input_file>
      <input_file id="fl-31">
         <path>D:\CCS12.7.0.00007_win64\ccs\tools\compiler\ti-cgt-arm_20.2.7.LTS\lib\</path>
         <kind>archive</kind>
         <file>rtsv7R4_T_be_eabi.lib</file>
         <name>fd_add_t2.asm.obj</name>
      </input_file>
      <input_file id="fl-32">
         <path>D:\CCS12.7.0.00007_win64\ccs\tools\compiler\ti-cgt-arm_20.2.7.LTS\lib\</path>
         <kind>archive</kind>
         <file>rtsv7R4_T_be_eabi.lib</file>
         <name>fd_div_t2.asm.obj</name>
      </input_file>
      <input_file id="fl-33">
         <path>D:\CCS12.7.0.00007_win64\ccs\tools\compiler\ti-cgt-arm_20.2.7.LTS\lib\</path>
         <kind>archive</kind>
         <file>rtsv7R4_T_be_eabi.lib</file>
         <name>fd_tou_t2.asm.obj</name>
      </input_file>
      <input_file id="fl-34">
         <path>D:\CCS12.7.0.00007_win64\ccs\tools\compiler\ti-cgt-arm_20.2.7.LTS\lib\</path>
         <kind>archive</kind>
         <file>rtsv7R4_T_be_eabi.lib</file>
         <name>memcpy_t2.asm.obj</name>
      </input_file>
      <input_file id="fl-35">
         <path>D:\CCS12.7.0.00007_win64\ccs\tools\compiler\ti-cgt-arm_20.2.7.LTS\lib\</path>
         <kind>archive</kind>
         <file>rtsv7R4_T_be_eabi.lib</file>
         <name>u_tofd_t2.asm.obj</name>
      </input_file>
      <input_file id="fl-36">
         <path>D:\CCS12.7.0.00007_win64\ccs\tools\compiler\ti-cgt-arm_20.2.7.LTS\lib\</path>
         <kind>archive</kind>
         <file>rtsv7R4_T_be_eabi.lib</file>
         <name>boot_non_cortex_m.asm.obj</name>
      </input_file>
      <input_file id="fl-37">
         <path>D:\CCS12.7.0.00007_win64\ccs\tools\compiler\ti-cgt-arm_20.2.7.LTS\lib\</path>
         <kind>archive</kind>
         <file>rtsv7R4_T_be_eabi.lib</file>
         <name>u_div32.asm.obj</name>
      </input_file>
      <input_file id="fl-38">
         <path>D:\CCS12.7.0.00007_win64\ccs\tools\compiler\ti-cgt-arm_20.2.7.LTS\lib\</path>
         <kind>archive</kind>
         <file>rtsv7R4_T_be_eabi.lib</file>
         <name>mpu_init.c.obj</name>
      </input_file>
      <input_file id="fl-39">
         <path>D:\CCS12.7.0.00007_win64\ccs\tools\compiler\ti-cgt-arm_20.2.7.LTS\lib\</path>
         <kind>archive</kind>
         <file>rtsv7R4_T_be_eabi.lib</file>
         <name>autoinit.c.obj</name>
      </input_file>
      <input_file id="fl-3a">
         <path>D:\CCS12.7.0.00007_win64\ccs\tools\compiler\ti-cgt-arm_20.2.7.LTS\lib\</path>
         <kind>archive</kind>
         <file>rtsv7R4_T_be_eabi.lib</file>
         <name>pre_init.c.obj</name>
      </input_file>
      <input_file id="fl-3b">
         <path>D:\CCS12.7.0.00007_win64\ccs\tools\compiler\ti-cgt-arm_20.2.7.LTS\lib\</path>
         <kind>archive</kind>
         <file>rtsv7R4_T_be_eabi.lib</file>
         <name>cpy_tbl.c.obj</name>
      </input_file>
      <input_file id="fl-3c">
         <path>D:\CCS12.7.0.00007_win64\ccs\tools\compiler\ti-cgt-arm_20.2.7.LTS\lib\</path>
         <kind>archive</kind>
         <file>rtsv7R4_T_be_eabi.lib</file>
         <name>copy_zero_init.c.obj</name>
      </input_file>
      <input_file id="fl-3d">
         <path>D:\CCS12.7.0.00007_win64\ccs\tools\compiler\ti-cgt-arm_20.2.7.LTS\lib\</path>
         <kind>archive</kind>
         <file>rtsv7R4_T_be_eabi.lib</file>
         <name>copy_decompress_none.c.obj</name>
      </input_file>
      <input_file id="fl-3e">
         <path>D:\CCS12.7.0.00007_win64\ccs\tools\compiler\ti-cgt-arm_20.2.7.LTS\lib\</path>
         <kind>archive</kind>
         <file>rtsv7R4_T_be_eabi.lib</file>
         <name>copy_decompress_lzss.c.obj</name>
      </input_file>
      <input_file id="fl-3f">
         <path>D:\CCS12.7.0.00007_win64\ccs\tools\compiler\ti-cgt-arm_20.2.7.LTS\lib\</path>
         <kind>archive</kind>
         <file>rtsv7R4_T_be_eabi.lib</file>
         <name>exit.c.obj</name>
      </input_file>
      <input_file id="fl-40">
         <path>D:\CCS12.7.0.00007_win64\ccs\tools\compiler\ti-cgt-arm_20.2.7.LTS\lib\</path>
         <kind>archive</kind>
         <file>rtsv7R4_T_be_eabi.lib</file>
         <name>_lock.c.obj</name>
      </input_file>
      <input_file id="fl-41">
         <path>D:\CCS12.7.0.00007_win64\ccs\tools\compiler\ti-cgt-arm_20.2.7.LTS\lib\</path>
         <kind>archive</kind>
         <file>rtsv7R4_T_be_eabi.lib</file>
         <name>args_main.c.obj</name>
      </input_file>
      <input_file id="fl-42">
         <path>D:\CCS12.7.0.00007_win64\ccs\tools\compiler\ti-cgt-arm_20.2.7.LTS\lib\</path>
         <kind>archive</kind>
         <file>rtsv7R4_T_be_eabi.lib</file>
         <name>div0.asm.obj</name>
      </input_file>
      <input_file id="fl-43">
         <path>D:\CCS12.7.0.00007_win64\ccs\tools\compiler\ti-cgt-arm_20.2.7.LTS\lib\</path>
         <kind>archive</kind>
         <file>rtsv7R4_T_be_eabi.lib</file>
         <name>memset_t2.asm.obj</name>
      </input_file>
   </input_file_list>
   <object_component_list>
      <object_component id="oc-27">
         <name>.intvecs</name>
         <load_address>0x0</load_address>
         <run_address>0x0</run_address>
         <size>0x20</size>
         <input_file_ref idref="fl-16"/>
      </object_component>
      <object_component id="oc-2b3">
         <name>.text</name>
         <load_address>0x20</load_address>
         <run_address>0x8002000</run_address>
         <size>0x8</size>
         <input_file_ref idref="fl-2"/>
      </object_component>
      <object_component id="oc-1d7">
         <name>.text</name>
         <load_address>0x28</load_address>
         <run_address>0x8002008</run_address>
         <size>0x71c</size>
         <input_file_ref idref="fl-5"/>
      </object_component>
      <object_component id="oc-1f3">
         <name>.text:Fapi_initializeFlashBanks</name>
         <load_address>0x744</load_address>
         <run_address>0x8002724</run_address>
         <size>0x260</size>
         <input_file_ref idref="fl-23"/>
      </object_component>
      <object_component id="oc-1f9">
         <name>.text:Fapi_setActiveFlashBank</name>
         <load_address>0x9a4</load_address>
         <run_address>0x8002984</run_address>
         <size>0x17c</size>
         <input_file_ref idref="fl-26"/>
      </object_component>
      <object_component id="oc-20b">
         <name>.text:Fapi_issueProgrammingCommand</name>
         <load_address>0xb20</load_address>
         <run_address>0x8002b00</run_address>
         <size>0x178</size>
         <input_file_ref idref="fl-27"/>
      </object_component>
      <object_component id="oc-1ff">
         <name>.text:Fapi_enableMainBankSectors</name>
         <load_address>0xc98</load_address>
         <run_address>0x8002c78</run_address>
         <size>0x70</size>
         <input_file_ref idref="fl-22"/>
      </object_component>
      <object_component id="oc-26c">
         <name>.text:_Fapi_enterMarginMode</name>
         <load_address>0xd08</load_address>
         <run_address>0x8002ce8</run_address>
         <size>0x68</size>
         <input_file_ref idref="fl-2d"/>
      </object_component>
      <object_component id="oc-211">
         <name>.text:Fapi_doMarginReadByByte</name>
         <load_address>0xd70</load_address>
         <run_address>0x8002d50</run_address>
         <size>0x40</size>
         <input_file_ref idref="fl-28"/>
      </object_component>
      <object_component id="oc-257">
         <name>.text:_Fapi_issueFsmCommand</name>
         <load_address>0xdb0</load_address>
         <run_address>0x8002d90</run_address>
         <size>0x3c</size>
         <input_file_ref idref="fl-24"/>
      </object_component>
      <object_component id="oc-228">
         <name>.text:Fapi_calculateFletcherChecksum</name>
         <load_address>0xdec</load_address>
         <run_address>0x8002dcc</run_address>
         <size>0x36</size>
         <input_file_ref idref="fl-2b"/>
      </object_component>
      <object_component id="oc-205">
         <name>.text:Fapi_issueAsyncCommandWithAddress</name>
         <load_address>0xe24</load_address>
         <run_address>0x8002e04</run_address>
         <size>0x30</size>
         <input_file_ref idref="fl-21"/>
      </object_component>
      <object_component id="oc-2c8">
         <name>.text:Fapi_waitDelay</name>
         <load_address>0xe54</load_address>
         <run_address>0x8002e34</run_address>
         <size>0x30</size>
         <input_file_ref idref="fl-2f"/>
      </object_component>
      <object_component id="oc-278">
         <name>.text:_Fapi_exitMarginMode</name>
         <load_address>0xe84</load_address>
         <run_address>0x8002e64</run_address>
         <size>0x2c</size>
         <input_file_ref idref="fl-2d"/>
      </object_component>
      <object_component id="oc-2ab">
         <name>.text:Fapi_flushPipeline</name>
         <load_address>0xeb0</load_address>
         <run_address>0x8002e90</run_address>
         <size>0x22</size>
         <input_file_ref idref="fl-2e"/>
      </object_component>
      <object_component id="oc-22e">
         <name>.text:_Fapi_divideUnsignedLong</name>
         <load_address>0xed2</load_address>
         <run_address>0x8002eb2</run_address>
         <size>0x1c</size>
         <input_file_ref idref="fl-23"/>
      </object_component>
      <object_component id="oc-25f">
         <name>.text:Fapi_calculateEcc</name>
         <load_address>0xef0</load_address>
         <run_address>0x8002ed0</run_address>
         <size>0x14</size>
         <input_file_ref idref="fl-2a"/>
      </object_component>
      <object_component id="oc-24f">
         <name>.text:Fapi_getNumberOfBankSectors</name>
         <load_address>0xf04</load_address>
         <run_address>0x8002ee4</run_address>
         <size>0x10</size>
         <input_file_ref idref="fl-2c"/>
      </object_component>
      <object_component id="oc-23a">
         <name>.text:_scaleEEFclk</name>
         <load_address>0xf14</load_address>
         <run_address>0x8002ef4</run_address>
         <size>0x10</size>
         <input_file_ref idref="fl-25"/>
      </object_component>
      <object_component id="oc-234">
         <name>.text:_scaleMainFclk</name>
         <load_address>0xf24</load_address>
         <run_address>0x8002f04</run_address>
         <size>0x10</size>
         <input_file_ref idref="fl-25"/>
      </object_component>
      <object_component id="oc-272">
         <name>.text:_Fapi_checkWdService</name>
         <load_address>0xf34</load_address>
         <run_address>0x8002f14</run_address>
         <size>0xc</size>
         <input_file_ref idref="fl-29"/>
      </object_component>
      <object_component id="oc-307">
         <name>.tramp.Fapi_serviceWatchdogTimer.1</name>
         <load_address>0xf40</load_address>
         <run_address>0x8002f20</run_address>
         <size>0x8</size>
         <input_file_ref idref="fl-2"/>
      </object_component>
      <object_component id="oc-160">
         <name>.text</name>
         <load_address>0x1500</load_address>
         <run_address>0x1500</run_address>
         <size>0xa58</size>
         <input_file_ref idref="fl-b"/>
      </object_component>
      <object_component id="oc-f2">
         <name>.text</name>
         <load_address>0x1f58</load_address>
         <run_address>0x1f58</run_address>
         <size>0x768</size>
         <input_file_ref idref="fl-13"/>
      </object_component>
      <object_component id="oc-fe">
         <name>.text</name>
         <load_address>0x26c0</load_address>
         <run_address>0x26c0</run_address>
         <size>0x658</size>
         <input_file_ref idref="fl-a"/>
      </object_component>
      <object_component id="oc-ec">
         <name>.text</name>
         <load_address>0x2d18</load_address>
         <run_address>0x2d18</run_address>
         <size>0x4ec</size>
         <input_file_ref idref="fl-10"/>
      </object_component>
      <object_component id="oc-ba">
         <name>.text</name>
         <load_address>0x3204</load_address>
         <run_address>0x3204</run_address>
         <size>0x298</size>
         <input_file_ref idref="fl-7"/>
      </object_component>
      <object_component id="oc-140">
         <name>.text</name>
         <load_address>0x349c</load_address>
         <run_address>0x349c</run_address>
         <size>0x1b6</size>
         <input_file_ref idref="fl-31"/>
      </object_component>
      <object_component id="oc-56">
         <name>.text:__mpu_init</name>
         <load_address>0x3652</load_address>
         <run_address>0x3652</run_address>
         <size>0x2</size>
         <input_file_ref idref="fl-38"/>
      </object_component>
      <object_component id="oc-16c">
         <name>.text</name>
         <load_address>0x3654</load_address>
         <run_address>0x3654</run_address>
         <size>0x158</size>
         <input_file_ref idref="fl-14"/>
      </object_component>
      <object_component id="oc-13b">
         <name>.text</name>
         <load_address>0x37ac</load_address>
         <run_address>0x37ac</run_address>
         <size>0x136</size>
         <input_file_ref idref="fl-32"/>
      </object_component>
      <object_component id="oc-1c4">
         <name>.text</name>
         <load_address>0x38e2</load_address>
         <run_address>0x38e2</run_address>
         <size>0x2</size>
         <input_file_ref idref="fl-42"/>
      </object_component>
      <object_component id="oc-f8">
         <name>.text</name>
         <load_address>0x38e4</load_address>
         <run_address>0x38e4</run_address>
         <size>0xec</size>
         <input_file_ref idref="fl-3"/>
      </object_component>
      <object_component id="oc-166">
         <name>.text</name>
         <load_address>0x39d0</load_address>
         <run_address>0x39d0</run_address>
         <size>0xdc</size>
         <input_file_ref idref="fl-6"/>
      </object_component>
      <object_component id="oc-3e">
         <name>.text</name>
         <load_address>0x3aac</load_address>
         <run_address>0x3aac</run_address>
         <size>0x9c</size>
         <input_file_ref idref="fl-34"/>
      </object_component>
      <object_component id="oc-12">
         <name>.text:decompress:lzss:__TI_decompress_lzss</name>
         <load_address>0x3b48</load_address>
         <run_address>0x3b48</run_address>
         <size>0x6c</size>
         <input_file_ref idref="fl-3e"/>
      </object_component>
      <object_component id="oc-1d2">
         <name>.text</name>
         <load_address>0x3bb4</load_address>
         <run_address>0x3bb4</run_address>
         <size>0x5c</size>
         <input_file_ref idref="fl-1a"/>
      </object_component>
      <object_component id="oc-14e">
         <name>.text</name>
         <load_address>0x3c10</load_address>
         <run_address>0x3c10</run_address>
         <size>0x50</size>
         <input_file_ref idref="fl-37"/>
      </object_component>
      <object_component id="oc-8a">
         <name>.text:__TI_auto_init_nobinit_nopinit:__TI_auto_init_nobinit_nopinit</name>
         <load_address>0x3c60</load_address>
         <run_address>0x3c60</run_address>
         <size>0x44</size>
         <input_file_ref idref="fl-39"/>
      </object_component>
      <object_component id="oc-145">
         <name>.text</name>
         <load_address>0x3ca4</load_address>
         <run_address>0x3ca4</run_address>
         <size>0x42</size>
         <input_file_ref idref="fl-33"/>
      </object_component>
      <object_component id="oc-1f">
         <name>.text</name>
         <load_address>0x3ce8</load_address>
         <run_address>0x3ce8</run_address>
         <size>0x3c</size>
         <input_file_ref idref="fl-36"/>
      </object_component>
      <object_component id="oc-136">
         <name>.text</name>
         <load_address>0x3d24</load_address>
         <run_address>0x3d24</run_address>
         <size>0x20</size>
         <input_file_ref idref="fl-35"/>
      </object_component>
      <object_component id="oc-4a">
         <name>.text:decompress:ZI:__TI_zero_init_nomemset:__TI_zero_init_nomemset</name>
         <load_address>0x3d44</load_address>
         <run_address>0x3d44</run_address>
         <size>0x1c</size>
         <input_file_ref idref="fl-3c"/>
      </object_component>
      <object_component id="oc-63">
         <name>.text:_args_main</name>
         <load_address>0x3d60</load_address>
         <run_address>0x3d60</run_address>
         <size>0x18</size>
         <input_file_ref idref="fl-41"/>
      </object_component>
      <object_component id="oc-18">
         <name>.text:decompress:none:__TI_decompress_none</name>
         <load_address>0x3d78</load_address>
         <run_address>0x3d78</run_address>
         <size>0xe</size>
         <input_file_ref idref="fl-3d"/>
      </object_component>
      <object_component id="oc-5c">
         <name>.text:_system_pre_init</name>
         <load_address>0x3d86</load_address>
         <run_address>0x3d86</run_address>
         <size>0x4</size>
         <input_file_ref idref="fl-3a"/>
      </object_component>
      <object_component id="oc-c2">
         <name>.text:abort:abort</name>
         <load_address>0x3d8a</load_address>
         <run_address>0x3d8a</run_address>
         <size>0x4</size>
         <input_file_ref idref="fl-3f"/>
      </object_component>
      <object_component id="oc-2c">
         <name>.text:retain</name>
         <load_address>0x3d90</load_address>
         <run_address>0x3d90</run_address>
         <size>0x4</size>
         <input_file_ref idref="fl-17"/>
      </object_component>
      <object_component id="oc-30b">
         <name>.tramp.main.1</name>
         <load_address>0x3d94</load_address>
         <run_address>0x3d94</run_address>
         <size>0x8</size>
         <input_file_ref idref="fl-7"/>
      </object_component>
      <object_component id="oc-30a">
         <name>.tramp.Fapi_BlockProgram.1</name>
         <load_address>0x3d9c</load_address>
         <run_address>0x3d9c</run_address>
         <size>0x8</size>
         <input_file_ref idref="fl-5"/>
      </object_component>
      <object_component id="oc-309">
         <name>.tramp.Fapi_BlockErase.1</name>
         <load_address>0x3da4</load_address>
         <run_address>0x3da4</run_address>
         <size>0x8</size>
         <input_file_ref idref="fl-5"/>
      </object_component>
      <object_component id="oc-308">
         <name>.tramp.BLInternalFlashStartAddrCheck.1</name>
         <load_address>0x3dac</load_address>
         <run_address>0x3dac</run_address>
         <size>0x8</size>
         <input_file_ref idref="fl-5"/>
      </object_component>
      <object_component id="oc-217">
         <name>.const:flash_sector</name>
         <load_address>0x3db4</load_address>
         <run_address>0x3db4</run_address>
         <size>0x21c</size>
         <input_file_ref idref="fl-5"/>
      </object_component>
      <object_component id="oc-172">
         <name>.const:.string:$P$T0$1</name>
         <load_address>0x3fd0</load_address>
         <run_address>0x3fd0</run_address>
         <size>0xa</size>
         <input_file_ref idref="fl-a"/>
      </object_component>
      <object_component id="oc-303">
         <name>.cinit..data.load</name>
         <load_address>0x47e0</load_address>
         <run_address>0x47e0</run_address>
         <size>0x15</size>
      </object_component>
      <object_component id="oc-301">
         <name>__TI_handler_table</name>
         <load_address>0x47f8</load_address>
         <run_address>0x47f8</run_address>
         <size>0xc</size>
      </object_component>
      <object_component id="oc-304">
         <name>.cinit..bss.load</name>
         <load_address>0x4808</load_address>
         <run_address>0x4808</run_address>
         <size>0x8</size>
      </object_component>
      <object_component id="oc-302">
         <name>__TI_cinit_table</name>
         <load_address>0x4810</load_address>
         <run_address>0x4810</run_address>
         <size>0x10</size>
      </object_component>
      <object_component id="oc-15c">
         <name>.data:g_pulUpdateSuccess</name>
         <load_address>0x8003328</load_address>
         <run_address>0x8003328</run_address>
         <size>0x20</size>
         <input_file_ref idref="fl-7"/>
      </object_component>
      <object_component id="oc-159">
         <name>.data</name>
         <load_address>0x8003350</load_address>
         <run_address>0x8003350</run_address>
         <size>0x8</size>
         <input_file_ref idref="fl-7"/>
      </object_component>
      <object_component id="oc-175">
         <name>.data:tab_1024</name>
         <load_address>0x8002f28</load_address>
         <run_address>0x8002f28</run_address>
         <size>0x400</size>
         <input_file_ref idref="fl-a"/>
      </object_component>
      <object_component id="oc-28c">
         <name>.data</name>
         <load_address>0x8003348</load_address>
         <run_address>0x8003348</run_address>
         <size>0x8</size>
         <input_file_ref idref="fl-25"/>
      </object_component>
      <object_component id="oc-24c">
         <name>.data</name>
         <load_address>0x8003358</load_address>
         <run_address>0x8003358</run_address>
         <size>0x1</size>
         <input_file_ref idref="fl-26"/>
      </object_component>
      <object_component id="oc-153">
         <name>.bss:num_str$1</name>
         <uninitialized>true</uninitialized>
         <run_address>0x80033d4</run_address>
         <size>0xc</size>
         <input_file_ref idref="fl-13"/>
      </object_component>
      <object_component id="oc-156">
         <name>.common:g_ulForced</name>
         <uninitialized>true</uninitialized>
         <run_address>0x80033e4</run_address>
         <size>0x4</size>
      </object_component>
      <object_component id="oc-104">
         <name>.common:g_ulTransferAddress</name>
         <uninitialized>true</uninitialized>
         <run_address>0x80033e8</run_address>
         <size>0x4</size>
      </object_component>
      <object_component id="oc-17b">
         <name>.common:JumpAddress</name>
         <uninitialized>true</uninitialized>
         <run_address>0x80033e0</run_address>
         <size>0x4</size>
      </object_component>
      <object_component id="oc-178">
         <name>.common:fileName</name>
         <uninitialized>true</uninitialized>
         <run_address>0x800335c</run_address>
         <size>0x60</size>
      </object_component>
      <object_component id="oc-14a">
         <name>.common:g_sciTransfer</name>
         <uninitialized>true</uninitialized>
         <run_address>0x80033bc</run_address>
         <size>0x18</size>
      </object_component>
      <object_component id="oc-1ed">
         <name>.debug_info</name>
         <load_address>0x0</load_address>
         <run_address>0x0</run_address>
         <size>0x2f5</size>
         <input_file_ref idref="fl-2"/>
      </object_component>
      <object_component id="oc-2b4">
         <name>.debug_info</name>
         <load_address>0x2f5</load_address>
         <run_address>0x2f5</run_address>
         <size>0x30e</size>
         <input_file_ref idref="fl-2"/>
      </object_component>
      <object_component id="oc-21e">
         <name>.debug_info</name>
         <load_address>0x603</load_address>
         <run_address>0x603</run_address>
         <size>0xe57</size>
         <input_file_ref idref="fl-2"/>
      </object_component>
      <object_component id="oc-186">
         <name>.debug_info</name>
         <load_address>0x145a</load_address>
         <run_address>0x145a</run_address>
         <size>0x26b</size>
         <input_file_ref idref="fl-2"/>
      </object_component>
      <object_component id="oc-223">
         <name>.debug_info</name>
         <load_address>0x16c5</load_address>
         <run_address>0x16c5</run_address>
         <size>0x26d5</size>
         <input_file_ref idref="fl-2"/>
      </object_component>
      <object_component id="oc-39">
         <name>.debug_info</name>
         <load_address>0x3d9a</load_address>
         <run_address>0x3d9a</run_address>
         <size>0x84</size>
         <input_file_ref idref="fl-2"/>
      </object_component>
      <object_component id="oc-19a">
         <name>.debug_info</name>
         <load_address>0x3e1e</load_address>
         <run_address>0x3e1e</run_address>
         <size>0x2a4</size>
         <input_file_ref idref="fl-2"/>
      </object_component>
      <object_component id="oc-108">
         <name>.debug_info</name>
         <load_address>0x40c2</load_address>
         <run_address>0x40c2</run_address>
         <size>0xbb</size>
         <input_file_ref idref="fl-2"/>
      </object_component>
      <object_component id="oc-157">
         <name>.debug_info</name>
         <load_address>0x417d</load_address>
         <run_address>0x417d</run_address>
         <size>0x2b4</size>
         <input_file_ref idref="fl-3"/>
      </object_component>
      <object_component id="oc-fc">
         <name>.debug_info</name>
         <load_address>0x4431</load_address>
         <run_address>0x4431</run_address>
         <size>0x441</size>
         <input_file_ref idref="fl-3"/>
      </object_component>
      <object_component id="oc-11e">
         <name>.debug_info</name>
         <load_address>0x4872</load_address>
         <run_address>0x4872</run_address>
         <size>0x8b</size>
         <input_file_ref idref="fl-3"/>
      </object_component>
      <object_component id="oc-190">
         <name>.debug_info</name>
         <load_address>0x48fd</load_address>
         <run_address>0x48fd</run_address>
         <size>0x1d1</size>
         <input_file_ref idref="fl-3"/>
      </object_component>
      <object_component id="oc-195">
         <name>.debug_info</name>
         <load_address>0x4ace</load_address>
         <run_address>0x4ace</run_address>
         <size>0x292</size>
         <input_file_ref idref="fl-3"/>
      </object_component>
      <object_component id="oc-21b">
         <name>.debug_info</name>
         <load_address>0x4d60</load_address>
         <run_address>0x4d60</run_address>
         <size>0x504</size>
         <input_file_ref idref="fl-5"/>
      </object_component>
      <object_component id="oc-218">
         <name>.debug_info</name>
         <load_address>0x5264</load_address>
         <run_address>0x5264</run_address>
         <size>0x1ab</size>
         <input_file_ref idref="fl-5"/>
      </object_component>
      <object_component id="oc-1da">
         <name>.debug_info</name>
         <load_address>0x540f</load_address>
         <run_address>0x540f</run_address>
         <size>0x16fd</size>
         <input_file_ref idref="fl-5"/>
      </object_component>
      <object_component id="oc-284">
         <name>.debug_info</name>
         <load_address>0x6b0c</load_address>
         <run_address>0x6b0c</run_address>
         <size>0x11d</size>
         <input_file_ref idref="fl-5"/>
      </object_component>
      <object_component id="oc-169">
         <name>.debug_info</name>
         <load_address>0x6c29</load_address>
         <run_address>0x6c29</run_address>
         <size>0x31d</size>
         <input_file_ref idref="fl-6"/>
      </object_component>
      <object_component id="oc-d5">
         <name>.debug_info</name>
         <load_address>0x6f46</load_address>
         <run_address>0x6f46</run_address>
         <size>0x2c</size>
         <input_file_ref idref="fl-6"/>
      </object_component>
      <object_component id="oc-105">
         <name>.debug_info</name>
         <load_address>0x6f72</load_address>
         <run_address>0x6f72</run_address>
         <size>0x467</size>
         <input_file_ref idref="fl-7"/>
      </object_component>
      <object_component id="oc-15d">
         <name>.debug_info</name>
         <load_address>0x73d9</load_address>
         <run_address>0x73d9</run_address>
         <size>0x1b6</size>
         <input_file_ref idref="fl-7"/>
      </object_component>
      <object_component id="oc-15a">
         <name>.debug_info</name>
         <load_address>0x758f</load_address>
         <run_address>0x758f</run_address>
         <size>0x1f3</size>
         <input_file_ref idref="fl-7"/>
      </object_component>
      <object_component id="oc-bc">
         <name>.debug_info</name>
         <load_address>0x7782</load_address>
         <run_address>0x7782</run_address>
         <size>0xbb3</size>
         <input_file_ref idref="fl-7"/>
      </object_component>
      <object_component id="oc-181">
         <name>.debug_info</name>
         <load_address>0x8335</load_address>
         <run_address>0x8335</run_address>
         <size>0x306</size>
         <input_file_ref idref="fl-7"/>
      </object_component>
      <object_component id="oc-18b">
         <name>.debug_info</name>
         <load_address>0x863b</load_address>
         <run_address>0x863b</run_address>
         <size>0xebd</size>
         <input_file_ref idref="fl-7"/>
      </object_component>
      <object_component id="oc-17c">
         <name>.debug_info</name>
         <load_address>0x94f8</load_address>
         <run_address>0x94f8</run_address>
         <size>0x462</size>
         <input_file_ref idref="fl-a"/>
      </object_component>
      <object_component id="oc-176">
         <name>.debug_info</name>
         <load_address>0x995a</load_address>
         <run_address>0x995a</run_address>
         <size>0x1a2</size>
         <input_file_ref idref="fl-a"/>
      </object_component>
      <object_component id="oc-173">
         <name>.debug_info</name>
         <load_address>0x9afc</load_address>
         <run_address>0x9afc</run_address>
         <size>0x19f</size>
         <input_file_ref idref="fl-a"/>
      </object_component>
      <object_component id="oc-101">
         <name>.debug_info</name>
         <load_address>0x9c9b</load_address>
         <run_address>0x9c9b</run_address>
         <size>0x86c</size>
         <input_file_ref idref="fl-a"/>
      </object_component>
      <object_component id="oc-179">
         <name>.debug_info</name>
         <load_address>0xa507</load_address>
         <run_address>0xa507</run_address>
         <size>0x4f0</size>
         <input_file_ref idref="fl-b"/>
      </object_component>
      <object_component id="oc-161">
         <name>.debug_info</name>
         <load_address>0xa9f7</load_address>
         <run_address>0xa9f7</run_address>
         <size>0xe61</size>
         <input_file_ref idref="fl-b"/>
      </object_component>
      <object_component id="oc-1de">
         <name>.debug_info</name>
         <load_address>0xb858</load_address>
         <run_address>0xb858</run_address>
         <size>0x87</size>
         <input_file_ref idref="fl-b"/>
      </object_component>
      <object_component id="oc-14b">
         <name>.debug_info</name>
         <load_address>0xb8df</load_address>
         <run_address>0xb8df</run_address>
         <size>0x248</size>
         <input_file_ref idref="fl-10"/>
      </object_component>
      <object_component id="oc-ee">
         <name>.debug_info</name>
         <load_address>0xbb27</load_address>
         <run_address>0xbb27</run_address>
         <size>0x10a5</size>
         <input_file_ref idref="fl-10"/>
      </object_component>
      <object_component id="oc-1bf">
         <name>.debug_info</name>
         <load_address>0xcbcc</load_address>
         <run_address>0xcbcc</run_address>
         <size>0x69</size>
         <input_file_ref idref="fl-10"/>
      </object_component>
      <object_component id="oc-155">
         <name>.debug_info</name>
         <load_address>0xcc35</load_address>
         <run_address>0xcc35</run_address>
         <size>0x245</size>
         <input_file_ref idref="fl-13"/>
      </object_component>
      <object_component id="oc-f3">
         <name>.debug_info</name>
         <load_address>0xce7a</load_address>
         <run_address>0xce7a</run_address>
         <size>0x115e</size>
         <input_file_ref idref="fl-13"/>
      </object_component>
      <object_component id="oc-16e">
         <name>.debug_info</name>
         <load_address>0xdfd8</load_address>
         <run_address>0xdfd8</run_address>
         <size>0x53e</size>
         <input_file_ref idref="fl-14"/>
      </object_component>
      <object_component id="oc-28">
         <name>.debug_info</name>
         <load_address>0xe516</load_address>
         <run_address>0xe516</run_address>
         <size>0x231</size>
         <input_file_ref idref="fl-16"/>
      </object_component>
      <object_component id="oc-2e">
         <name>.debug_info</name>
         <load_address>0xe747</load_address>
         <run_address>0xe747</run_address>
         <size>0x2c4</size>
         <input_file_ref idref="fl-17"/>
      </object_component>
      <object_component id="oc-1d3">
         <name>.debug_info</name>
         <load_address>0xea0b</load_address>
         <run_address>0xea0b</run_address>
         <size>0x229</size>
         <input_file_ref idref="fl-1a"/>
      </object_component>
      <object_component id="oc-25e">
         <name>.debug_info</name>
         <load_address>0xec34</load_address>
         <run_address>0xec34</run_address>
         <size>0x253</size>
         <input_file_ref idref="fl-21"/>
      </object_component>
      <object_component id="oc-207">
         <name>.debug_info</name>
         <load_address>0xee87</load_address>
         <run_address>0xee87</run_address>
         <size>0x24a</size>
         <input_file_ref idref="fl-21"/>
      </object_component>
      <object_component id="oc-241">
         <name>.debug_info</name>
         <load_address>0xf0d1</load_address>
         <run_address>0xf0d1</run_address>
         <size>0xe55</size>
         <input_file_ref idref="fl-21"/>
      </object_component>
      <object_component id="oc-298">
         <name>.debug_info</name>
         <load_address>0xff26</load_address>
         <run_address>0xff26</run_address>
         <size>0x26d5</size>
         <input_file_ref idref="fl-21"/>
      </object_component>
      <object_component id="oc-293">
         <name>.debug_info</name>
         <load_address>0x125fb</load_address>
         <run_address>0x125fb</run_address>
         <size>0x1bff</size>
         <input_file_ref idref="fl-21"/>
      </object_component>
      <object_component id="oc-246">
         <name>.debug_info</name>
         <load_address>0x141fa</load_address>
         <run_address>0x141fa</run_address>
         <size>0x18b</size>
         <input_file_ref idref="fl-21"/>
      </object_component>
      <object_component id="oc-256">
         <name>.debug_info</name>
         <load_address>0x14385</load_address>
         <run_address>0x14385</run_address>
         <size>0x266</size>
         <input_file_ref idref="fl-22"/>
      </object_component>
      <object_component id="oc-201">
         <name>.debug_info</name>
         <load_address>0x145eb</load_address>
         <run_address>0x145eb</run_address>
         <size>0x26a</size>
         <input_file_ref idref="fl-22"/>
      </object_component>
      <object_component id="oc-24b">
         <name>.debug_info</name>
         <load_address>0x14855</load_address>
         <run_address>0x14855</run_address>
         <size>0x2d4</size>
         <input_file_ref idref="fl-23"/>
      </object_component>
      <object_component id="oc-230">
         <name>.debug_info</name>
         <load_address>0x14b29</load_address>
         <run_address>0x14b29</run_address>
         <size>0x232</size>
         <input_file_ref idref="fl-23"/>
      </object_component>
      <object_component id="oc-1f4">
         <name>.debug_info</name>
         <load_address>0x14d5b</load_address>
         <run_address>0x14d5b</run_address>
         <size>0x3f8</size>
         <input_file_ref idref="fl-23"/>
      </object_component>
      <object_component id="oc-2a4">
         <name>.debug_info</name>
         <load_address>0x15153</load_address>
         <run_address>0x15153</run_address>
         <size>0x218</size>
         <input_file_ref idref="fl-24"/>
      </object_component>
      <object_component id="oc-258">
         <name>.debug_info</name>
         <load_address>0x1536b</load_address>
         <run_address>0x1536b</run_address>
         <size>0x1b7</size>
         <input_file_ref idref="fl-24"/>
      </object_component>
      <object_component id="oc-28e">
         <name>.debug_info</name>
         <load_address>0x15522</load_address>
         <run_address>0x15522</run_address>
         <size>0x278</size>
         <input_file_ref idref="fl-25"/>
      </object_component>
      <object_component id="oc-236">
         <name>.debug_info</name>
         <load_address>0x1579a</load_address>
         <run_address>0x1579a</run_address>
         <size>0x1d6</size>
         <input_file_ref idref="fl-25"/>
      </object_component>
      <object_component id="oc-23c">
         <name>.debug_info</name>
         <load_address>0x15970</load_address>
         <run_address>0x15970</run_address>
         <size>0x1ce</size>
         <input_file_ref idref="fl-25"/>
      </object_component>
      <object_component id="oc-24e">
         <name>.debug_info</name>
         <load_address>0x15b3e</load_address>
         <run_address>0x15b3e</run_address>
         <size>0x27c</size>
         <input_file_ref idref="fl-26"/>
      </object_component>
      <object_component id="oc-1fa">
         <name>.debug_info</name>
         <load_address>0x15dba</load_address>
         <run_address>0x15dba</run_address>
         <size>0x328</size>
         <input_file_ref idref="fl-26"/>
      </object_component>
      <object_component id="oc-266">
         <name>.debug_info</name>
         <load_address>0x160e2</load_address>
         <run_address>0x160e2</run_address>
         <size>0x296</size>
         <input_file_ref idref="fl-27"/>
      </object_component>
      <object_component id="oc-20c">
         <name>.debug_info</name>
         <load_address>0x16378</load_address>
         <run_address>0x16378</run_address>
         <size>0x61b</size>
         <input_file_ref idref="fl-27"/>
      </object_component>
      <object_component id="oc-267">
         <name>.debug_info</name>
         <load_address>0x16993</load_address>
         <run_address>0x16993</run_address>
         <size>0x72</size>
         <input_file_ref idref="fl-27"/>
      </object_component>
      <object_component id="oc-27f">
         <name>.debug_info</name>
         <load_address>0x16a05</load_address>
         <run_address>0x16a05</run_address>
         <size>0x2cd</size>
         <input_file_ref idref="fl-28"/>
      </object_component>
      <object_component id="oc-212">
         <name>.debug_info</name>
         <load_address>0x16cd2</load_address>
         <run_address>0x16cd2</run_address>
         <size>0x2fb</size>
         <input_file_ref idref="fl-28"/>
      </object_component>
      <object_component id="oc-2ba">
         <name>.debug_info</name>
         <load_address>0x16fcd</load_address>
         <run_address>0x16fcd</run_address>
         <size>0x243</size>
         <input_file_ref idref="fl-29"/>
      </object_component>
      <object_component id="oc-274">
         <name>.debug_info</name>
         <load_address>0x17210</load_address>
         <run_address>0x17210</run_address>
         <size>0x1a1</size>
         <input_file_ref idref="fl-29"/>
      </object_component>
      <object_component id="oc-2a8">
         <name>.debug_info</name>
         <load_address>0x173b1</load_address>
         <run_address>0x173b1</run_address>
         <size>0x212</size>
         <input_file_ref idref="fl-2a"/>
      </object_component>
      <object_component id="oc-262">
         <name>.debug_info</name>
         <load_address>0x175c3</load_address>
         <run_address>0x175c3</run_address>
         <size>0x1c9</size>
         <input_file_ref idref="fl-2a"/>
      </object_component>
      <object_component id="oc-28a">
         <name>.debug_info</name>
         <load_address>0x1778c</load_address>
         <run_address>0x1778c</run_address>
         <size>0x212</size>
         <input_file_ref idref="fl-2b"/>
      </object_component>
      <object_component id="oc-22b">
         <name>.debug_info</name>
         <load_address>0x1799e</load_address>
         <run_address>0x1799e</run_address>
         <size>0x223</size>
         <input_file_ref idref="fl-2b"/>
      </object_component>
      <object_component id="oc-2a0">
         <name>.debug_info</name>
         <load_address>0x17bc1</load_address>
         <run_address>0x17bc1</run_address>
         <size>0x213</size>
         <input_file_ref idref="fl-2c"/>
      </object_component>
      <object_component id="oc-250">
         <name>.debug_info</name>
         <load_address>0x17dd4</load_address>
         <run_address>0x17dd4</run_address>
         <size>0x1b0</size>
         <input_file_ref idref="fl-2c"/>
      </object_component>
      <object_component id="oc-2b2">
         <name>.debug_info</name>
         <load_address>0x17f84</load_address>
         <run_address>0x17f84</run_address>
         <size>0x281</size>
         <input_file_ref idref="fl-2d"/>
      </object_component>
      <object_component id="oc-27b">
         <name>.debug_info</name>
         <load_address>0x18205</load_address>
         <run_address>0x18205</run_address>
         <size>0x1a8</size>
         <input_file_ref idref="fl-2d"/>
      </object_component>
      <object_component id="oc-26d">
         <name>.debug_info</name>
         <load_address>0x183ad</load_address>
         <run_address>0x183ad</run_address>
         <size>0x22f</size>
         <input_file_ref idref="fl-2d"/>
      </object_component>
      <object_component id="oc-2cf">
         <name>.debug_info</name>
         <load_address>0x185dc</load_address>
         <run_address>0x185dc</run_address>
         <size>0x236</size>
         <input_file_ref idref="fl-2e"/>
      </object_component>
      <object_component id="oc-2ac">
         <name>.debug_info</name>
         <load_address>0x18812</load_address>
         <run_address>0x18812</run_address>
         <size>0x185</size>
         <input_file_ref idref="fl-2e"/>
      </object_component>
      <object_component id="oc-2d6">
         <name>.debug_info</name>
         <load_address>0x18997</load_address>
         <run_address>0x18997</run_address>
         <size>0x20a</size>
         <input_file_ref idref="fl-2f"/>
      </object_component>
      <object_component id="oc-2ca">
         <name>.debug_info</name>
         <load_address>0x18ba1</load_address>
         <run_address>0x18ba1</run_address>
         <size>0x1d2</size>
         <input_file_ref idref="fl-2f"/>
      </object_component>
      <object_component id="oc-143">
         <name>.debug_info</name>
         <load_address>0x18d73</load_address>
         <run_address>0x18d73</run_address>
         <size>0x14c</size>
         <input_file_ref idref="fl-31"/>
      </object_component>
      <object_component id="oc-13c">
         <name>.debug_info</name>
         <load_address>0x18ebf</load_address>
         <run_address>0x18ebf</run_address>
         <size>0x13a</size>
         <input_file_ref idref="fl-32"/>
      </object_component>
      <object_component id="oc-146">
         <name>.debug_info</name>
         <load_address>0x18ff9</load_address>
         <run_address>0x18ff9</run_address>
         <size>0x139</size>
         <input_file_ref idref="fl-33"/>
      </object_component>
      <object_component id="oc-40">
         <name>.debug_info</name>
         <load_address>0x19132</load_address>
         <run_address>0x19132</run_address>
         <size>0x119</size>
         <input_file_ref idref="fl-34"/>
      </object_component>
      <object_component id="oc-138">
         <name>.debug_info</name>
         <load_address>0x1924b</load_address>
         <run_address>0x1924b</run_address>
         <size>0x12e</size>
         <input_file_ref idref="fl-35"/>
      </object_component>
      <object_component id="oc-20">
         <name>.debug_info</name>
         <load_address>0x19379</load_address>
         <run_address>0x19379</run_address>
         <size>0x17e</size>
         <input_file_ref idref="fl-36"/>
      </object_component>
      <object_component id="oc-150">
         <name>.debug_info</name>
         <load_address>0x194f7</load_address>
         <run_address>0x194f7</run_address>
         <size>0x151</size>
         <input_file_ref idref="fl-37"/>
      </object_component>
      <object_component id="oc-57">
         <name>.debug_info</name>
         <load_address>0x19648</load_address>
         <run_address>0x19648</run_address>
         <size>0x143</size>
         <input_file_ref idref="fl-38"/>
      </object_component>
      <object_component id="oc-de">
         <name>.debug_info</name>
         <load_address>0x1978b</load_address>
         <run_address>0x1978b</run_address>
         <size>0x385</size>
         <input_file_ref idref="fl-39"/>
      </object_component>
      <object_component id="oc-8b">
         <name>.debug_info</name>
         <load_address>0x19b10</load_address>
         <run_address>0x19b10</run_address>
         <size>0x1a6</size>
         <input_file_ref idref="fl-39"/>
      </object_component>
      <object_component id="oc-125">
         <name>.debug_info</name>
         <load_address>0x19cb6</load_address>
         <run_address>0x19cb6</run_address>
         <size>0x39</size>
         <input_file_ref idref="fl-39"/>
      </object_component>
      <object_component id="oc-1ad">
         <name>.debug_info</name>
         <load_address>0x19cef</load_address>
         <run_address>0x19cef</run_address>
         <size>0x39</size>
         <input_file_ref idref="fl-39"/>
      </object_component>
      <object_component id="oc-12a">
         <name>.debug_info</name>
         <load_address>0x19d28</load_address>
         <run_address>0x19d28</run_address>
         <size>0x39</size>
         <input_file_ref idref="fl-39"/>
      </object_component>
      <object_component id="oc-12f">
         <name>.debug_info</name>
         <load_address>0x19d61</load_address>
         <run_address>0x19d61</run_address>
         <size>0xcd</size>
         <input_file_ref idref="fl-39"/>
      </object_component>
      <object_component id="oc-60">
         <name>.debug_info</name>
         <load_address>0x19e2e</load_address>
         <run_address>0x19e2e</run_address>
         <size>0x153</size>
         <input_file_ref idref="fl-3a"/>
      </object_component>
      <object_component id="oc-81">
         <name>.debug_info</name>
         <load_address>0x19f81</load_address>
         <run_address>0x19f81</run_address>
         <size>0x1a6</size>
         <input_file_ref idref="fl-3c"/>
      </object_component>
      <object_component id="oc-4d">
         <name>.debug_info</name>
         <load_address>0x1a127</load_address>
         <run_address>0x1a127</run_address>
         <size>0x1d2</size>
         <input_file_ref idref="fl-3c"/>
      </object_component>
      <object_component id="oc-7c">
         <name>.debug_info</name>
         <load_address>0x1a2f9</load_address>
         <run_address>0x1a2f9</run_address>
         <size>0x46</size>
         <input_file_ref idref="fl-3c"/>
      </object_component>
      <object_component id="oc-49">
         <name>.debug_info</name>
         <load_address>0x1a33f</load_address>
         <run_address>0x1a33f</run_address>
         <size>0x175</size>
         <input_file_ref idref="fl-3d"/>
      </object_component>
      <object_component id="oc-1a">
         <name>.debug_info</name>
         <load_address>0x1a4b4</load_address>
         <run_address>0x1a4b4</run_address>
         <size>0x1d5</size>
         <input_file_ref idref="fl-3d"/>
      </object_component>
      <object_component id="oc-44">
         <name>.debug_info</name>
         <load_address>0x1a689</load_address>
         <run_address>0x1a689</run_address>
         <size>0x46</size>
         <input_file_ref idref="fl-3d"/>
      </object_component>
      <object_component id="oc-74">
         <name>.debug_info</name>
         <load_address>0x1a6cf</load_address>
         <run_address>0x1a6cf</run_address>
         <size>0x2c</size>
         <input_file_ref idref="fl-3d"/>
      </object_component>
      <object_component id="oc-72">
         <name>.debug_info</name>
         <load_address>0x1a6fb</load_address>
         <run_address>0x1a6fb</run_address>
         <size>0x170</size>
         <input_file_ref idref="fl-3e"/>
      </object_component>
      <object_component id="oc-13">
         <name>.debug_info</name>
         <load_address>0x1a86b</load_address>
         <run_address>0x1a86b</run_address>
         <size>0x250</size>
         <input_file_ref idref="fl-3e"/>
      </object_component>
      <object_component id="oc-34">
         <name>.debug_info</name>
         <load_address>0x1aabb</load_address>
         <run_address>0x1aabb</run_address>
         <size>0x60</size>
         <input_file_ref idref="fl-3e"/>
      </object_component>
      <object_component id="oc-ce">
         <name>.debug_info</name>
         <load_address>0x1ab1b</load_address>
         <run_address>0x1ab1b</run_address>
         <size>0x46</size>
         <input_file_ref idref="fl-3e"/>
      </object_component>
      <object_component id="oc-6d">
         <name>.debug_info</name>
         <load_address>0x1ab61</load_address>
         <run_address>0x1ab61</run_address>
         <size>0x39</size>
         <input_file_ref idref="fl-3e"/>
      </object_component>
      <object_component id="oc-c3">
         <name>.debug_info</name>
         <load_address>0x1ab9a</load_address>
         <run_address>0x1ab9a</run_address>
         <size>0x122</size>
         <input_file_ref idref="fl-3f"/>
      </object_component>
      <object_component id="oc-c1">
         <name>.debug_info</name>
         <load_address>0x1acbc</load_address>
         <run_address>0x1acbc</run_address>
         <size>0x1b1</size>
         <input_file_ref idref="fl-41"/>
      </object_component>
      <object_component id="oc-64">
         <name>.debug_info</name>
         <load_address>0x1ae6d</load_address>
         <run_address>0x1ae6d</run_address>
         <size>0x172</size>
         <input_file_ref idref="fl-41"/>
      </object_component>
      <object_component id="oc-10f">
         <name>.debug_info</name>
         <load_address>0x1afdf</load_address>
         <run_address>0x1afdf</run_address>
         <size>0x5e</size>
         <input_file_ref idref="fl-41"/>
      </object_component>
      <object_component id="oc-1c6">
         <name>.debug_info</name>
         <load_address>0x1b03d</load_address>
         <run_address>0x1b03d</run_address>
         <size>0x115</size>
         <input_file_ref idref="fl-42"/>
      </object_component>
      <object_component id="oc-30c">
         <name>.debug_info</name>
         <load_address>0x1b152</load_address>
         <run_address>0x1b152</run_address>
         <size>0x291</size>
      </object_component>
      <object_component id="oc-21d">
         <name>.debug_line</name>
         <load_address>0x0</load_address>
         <run_address>0x0</run_address>
         <size>0x20</size>
         <input_file_ref idref="fl-2"/>
      </object_component>
      <object_component id="oc-2b8">
         <name>.debug_line</name>
         <load_address>0x20</load_address>
         <run_address>0x20</run_address>
         <size>0xc7</size>
         <input_file_ref idref="fl-2"/>
      </object_component>
      <object_component id="oc-221">
         <name>.debug_line</name>
         <load_address>0xe7</load_address>
         <run_address>0xe7</run_address>
         <size>0xa7</size>
         <input_file_ref idref="fl-2"/>
      </object_component>
      <object_component id="oc-189">
         <name>.debug_line</name>
         <load_address>0x18e</load_address>
         <run_address>0x18e</run_address>
         <size>0x7a</size>
         <input_file_ref idref="fl-2"/>
      </object_component>
      <object_component id="oc-226">
         <name>.debug_line</name>
         <load_address>0x208</load_address>
         <run_address>0x208</run_address>
         <size>0xb2</size>
         <input_file_ref idref="fl-2"/>
      </object_component>
      <object_component id="oc-3c">
         <name>.debug_line</name>
         <load_address>0x2ba</load_address>
         <run_address>0x2ba</run_address>
         <size>0x20</size>
         <input_file_ref idref="fl-2"/>
      </object_component>
      <object_component id="oc-19d">
         <name>.debug_line</name>
         <load_address>0x2da</load_address>
         <run_address>0x2da</run_address>
         <size>0x7e</size>
         <input_file_ref idref="fl-2"/>
      </object_component>
      <object_component id="oc-10b">
         <name>.debug_line</name>
         <load_address>0x358</load_address>
         <run_address>0x358</run_address>
         <size>0x7b</size>
         <input_file_ref idref="fl-2"/>
      </object_component>
      <object_component id="oc-1cd">
         <name>.debug_line</name>
         <load_address>0x3d3</load_address>
         <run_address>0x3d3</run_address>
         <size>0xa1</size>
         <input_file_ref idref="fl-3"/>
      </object_component>
      <object_component id="oc-f9">
         <name>.debug_line</name>
         <load_address>0x474</load_address>
         <run_address>0x474</run_address>
         <size>0xe9</size>
         <input_file_ref idref="fl-3"/>
      </object_component>
      <object_component id="oc-121">
         <name>.debug_line</name>
         <load_address>0x55d</load_address>
         <run_address>0x55d</run_address>
         <size>0x20</size>
         <input_file_ref idref="fl-3"/>
      </object_component>
      <object_component id="oc-193">
         <name>.debug_line</name>
         <load_address>0x57d</load_address>
         <run_address>0x57d</run_address>
         <size>0x9f</size>
         <input_file_ref idref="fl-3"/>
      </object_component>
      <object_component id="oc-198">
         <name>.debug_line</name>
         <load_address>0x61c</load_address>
         <run_address>0x61c</run_address>
         <size>0x9f</size>
         <input_file_ref idref="fl-3"/>
      </object_component>
      <object_component id="oc-283">
         <name>.debug_line</name>
         <load_address>0x6bb</load_address>
         <run_address>0x6bb</run_address>
         <size>0xaf</size>
         <input_file_ref idref="fl-5"/>
      </object_component>
      <object_component id="oc-281">
         <name>.debug_line</name>
         <load_address>0x76a</load_address>
         <run_address>0x76a</run_address>
         <size>0xa6</size>
         <input_file_ref idref="fl-5"/>
      </object_component>
      <object_component id="oc-1d9">
         <name>.debug_line</name>
         <load_address>0x810</load_address>
         <run_address>0x810</run_address>
         <size>0x2cc</size>
         <input_file_ref idref="fl-5"/>
      </object_component>
      <object_component id="oc-287">
         <name>.debug_line</name>
         <load_address>0xadc</load_address>
         <run_address>0xadc</run_address>
         <size>0xa6</size>
         <input_file_ref idref="fl-5"/>
      </object_component>
      <object_component id="oc-167">
         <name>.debug_line</name>
         <load_address>0xb82</load_address>
         <run_address>0xb82</run_address>
         <size>0xe4</size>
         <input_file_ref idref="fl-6"/>
      </object_component>
      <object_component id="oc-d8">
         <name>.debug_line</name>
         <load_address>0xc66</load_address>
         <run_address>0xc66</run_address>
         <size>0x76</size>
         <input_file_ref idref="fl-6"/>
      </object_component>
      <object_component id="oc-180">
         <name>.debug_line</name>
         <load_address>0xcdc</load_address>
         <run_address>0xcdc</run_address>
         <size>0x322</size>
         <input_file_ref idref="fl-7"/>
      </object_component>
      <object_component id="oc-1d1">
         <name>.debug_line</name>
         <load_address>0xffe</load_address>
         <run_address>0xffe</run_address>
         <size>0xa0</size>
         <input_file_ref idref="fl-7"/>
      </object_component>
      <object_component id="oc-1cf">
         <name>.debug_line</name>
         <load_address>0x109e</load_address>
         <run_address>0x109e</run_address>
         <size>0xa0</size>
         <input_file_ref idref="fl-7"/>
      </object_component>
      <object_component id="oc-bf">
         <name>.debug_line</name>
         <load_address>0x113e</load_address>
         <run_address>0x113e</run_address>
         <size>0x199</size>
         <input_file_ref idref="fl-7"/>
      </object_component>
      <object_component id="oc-184">
         <name>.debug_line</name>
         <load_address>0x12d7</load_address>
         <run_address>0x12d7</run_address>
         <size>0x9c</size>
         <input_file_ref idref="fl-7"/>
      </object_component>
      <object_component id="oc-18e">
         <name>.debug_line</name>
         <load_address>0x1373</load_address>
         <run_address>0x1373</run_address>
         <size>0x9f</size>
         <input_file_ref idref="fl-7"/>
      </object_component>
      <object_component id="oc-1ec">
         <name>.debug_line</name>
         <load_address>0x1412</load_address>
         <run_address>0x1412</run_address>
         <size>0x229</size>
         <input_file_ref idref="fl-a"/>
      </object_component>
      <object_component id="oc-1e8">
         <name>.debug_line</name>
         <load_address>0x163b</load_address>
         <run_address>0x163b</run_address>
         <size>0xa0</size>
         <input_file_ref idref="fl-a"/>
      </object_component>
      <object_component id="oc-1e6">
         <name>.debug_line</name>
         <load_address>0x16db</load_address>
         <run_address>0x16db</run_address>
         <size>0xa0</size>
         <input_file_ref idref="fl-a"/>
      </object_component>
      <object_component id="oc-103">
         <name>.debug_line</name>
         <load_address>0x177b</load_address>
         <run_address>0x177b</run_address>
         <size>0x13f</size>
         <input_file_ref idref="fl-a"/>
      </object_component>
      <object_component id="oc-1ea">
         <name>.debug_line</name>
         <load_address>0x18ba</load_address>
         <run_address>0x18ba</run_address>
         <size>0x228</size>
         <input_file_ref idref="fl-b"/>
      </object_component>
      <object_component id="oc-164">
         <name>.debug_line</name>
         <load_address>0x1ae2</load_address>
         <run_address>0x1ae2</run_address>
         <size>0x2e9</size>
         <input_file_ref idref="fl-b"/>
      </object_component>
      <object_component id="oc-1e1">
         <name>.debug_line</name>
         <load_address>0x1dcb</load_address>
         <run_address>0x1dcb</run_address>
         <size>0xa2</size>
         <input_file_ref idref="fl-b"/>
      </object_component>
      <object_component id="oc-1be">
         <name>.debug_line</name>
         <load_address>0x1e6d</load_address>
         <run_address>0x1e6d</run_address>
         <size>0x9f</size>
         <input_file_ref idref="fl-10"/>
      </object_component>
      <object_component id="oc-ed">
         <name>.debug_line</name>
         <load_address>0x1f0c</load_address>
         <run_address>0x1f0c</run_address>
         <size>0x208</size>
         <input_file_ref idref="fl-10"/>
      </object_component>
      <object_component id="oc-1c2">
         <name>.debug_line</name>
         <load_address>0x2114</load_address>
         <run_address>0x2114</run_address>
         <size>0x9f</size>
         <input_file_ref idref="fl-10"/>
      </object_component>
      <object_component id="oc-1cb">
         <name>.debug_line</name>
         <load_address>0x21b3</load_address>
         <run_address>0x21b3</run_address>
         <size>0x20</size>
         <input_file_ref idref="fl-13"/>
      </object_component>
      <object_component id="oc-f6">
         <name>.debug_line</name>
         <load_address>0x21d3</load_address>
         <run_address>0x21d3</run_address>
         <size>0x2c4</size>
         <input_file_ref idref="fl-13"/>
      </object_component>
      <object_component id="oc-171">
         <name>.debug_line</name>
         <load_address>0x2497</load_address>
         <run_address>0x2497</run_address>
         <size>0xe0</size>
         <input_file_ref idref="fl-14"/>
      </object_component>
      <object_component id="oc-2b">
         <name>.debug_line</name>
         <load_address>0x2577</load_address>
         <run_address>0x2577</run_address>
         <size>0xb8</size>
         <input_file_ref idref="fl-16"/>
      </object_component>
      <object_component id="oc-2d">
         <name>.debug_line</name>
         <load_address>0x262f</load_address>
         <run_address>0x262f</run_address>
         <size>0xb6</size>
         <input_file_ref idref="fl-17"/>
      </object_component>
      <object_component id="oc-1d6">
         <name>.debug_line</name>
         <load_address>0x26e5</load_address>
         <run_address>0x26e5</run_address>
         <size>0xc8</size>
         <input_file_ref idref="fl-1a"/>
      </object_component>
      <object_component id="oc-2a6">
         <name>.debug_line</name>
         <load_address>0x27ad</load_address>
         <run_address>0x27ad</run_address>
         <size>0x47</size>
         <input_file_ref idref="fl-21"/>
      </object_component>
      <object_component id="oc-20a">
         <name>.debug_line</name>
         <load_address>0x27f4</load_address>
         <run_address>0x27f4</run_address>
         <size>0x5e</size>
         <input_file_ref idref="fl-21"/>
      </object_component>
      <object_component id="oc-244">
         <name>.debug_line</name>
         <load_address>0x2852</load_address>
         <run_address>0x2852</run_address>
         <size>0x3f</size>
         <input_file_ref idref="fl-21"/>
      </object_component>
      <object_component id="oc-29b">
         <name>.debug_line</name>
         <load_address>0x2891</load_address>
         <run_address>0x2891</run_address>
         <size>0x4a</size>
         <input_file_ref idref="fl-21"/>
      </object_component>
      <object_component id="oc-296">
         <name>.debug_line</name>
         <load_address>0x28db</load_address>
         <run_address>0x28db</run_address>
         <size>0x4f</size>
         <input_file_ref idref="fl-21"/>
      </object_component>
      <object_component id="oc-249">
         <name>.debug_line</name>
         <load_address>0x292a</load_address>
         <run_address>0x292a</run_address>
         <size>0x59</size>
         <input_file_ref idref="fl-21"/>
      </object_component>
      <object_component id="oc-2a2">
         <name>.debug_line</name>
         <load_address>0x2983</load_address>
         <run_address>0x2983</run_address>
         <size>0x47</size>
         <input_file_ref idref="fl-22"/>
      </object_component>
      <object_component id="oc-203">
         <name>.debug_line</name>
         <load_address>0x29ca</load_address>
         <run_address>0x29ca</run_address>
         <size>0x8f</size>
         <input_file_ref idref="fl-22"/>
      </object_component>
      <object_component id="oc-292">
         <name>.debug_line</name>
         <load_address>0x2a59</load_address>
         <run_address>0x2a59</run_address>
         <size>0x6e</size>
         <input_file_ref idref="fl-23"/>
      </object_component>
      <object_component id="oc-22f">
         <name>.debug_line</name>
         <load_address>0x2ac7</load_address>
         <run_address>0x2ac7</run_address>
         <size>0x79</size>
         <input_file_ref idref="fl-23"/>
      </object_component>
      <object_component id="oc-1f7">
         <name>.debug_line</name>
         <load_address>0x2b40</load_address>
         <run_address>0x2b40</run_address>
         <size>0x19b</size>
         <input_file_ref idref="fl-23"/>
      </object_component>
      <object_component id="oc-2c5">
         <name>.debug_line</name>
         <load_address>0x2cdb</load_address>
         <run_address>0x2cdb</run_address>
         <size>0x20</size>
         <input_file_ref idref="fl-24"/>
      </object_component>
      <object_component id="oc-25b">
         <name>.debug_line</name>
         <load_address>0x2cfb</load_address>
         <run_address>0x2cfb</run_address>
         <size>0x69</size>
         <input_file_ref idref="fl-24"/>
      </object_component>
      <object_component id="oc-2c1">
         <name>.debug_line</name>
         <load_address>0x2d64</load_address>
         <run_address>0x2d64</run_address>
         <size>0x20</size>
         <input_file_ref idref="fl-25"/>
      </object_component>
      <object_component id="oc-235">
         <name>.debug_line</name>
         <load_address>0x2d84</load_address>
         <run_address>0x2d84</run_address>
         <size>0x63</size>
         <input_file_ref idref="fl-25"/>
      </object_component>
      <object_component id="oc-23b">
         <name>.debug_line</name>
         <load_address>0x2de7</load_address>
         <run_address>0x2de7</run_address>
         <size>0x65</size>
         <input_file_ref idref="fl-25"/>
      </object_component>
      <object_component id="oc-29e">
         <name>.debug_line</name>
         <load_address>0x2e4c</load_address>
         <run_address>0x2e4c</run_address>
         <size>0x47</size>
         <input_file_ref idref="fl-26"/>
      </object_component>
      <object_component id="oc-1fd">
         <name>.debug_line</name>
         <load_address>0x2e93</load_address>
         <run_address>0x2e93</run_address>
         <size>0xea</size>
         <input_file_ref idref="fl-26"/>
      </object_component>
      <object_component id="oc-2aa">
         <name>.debug_line</name>
         <load_address>0x2f7d</load_address>
         <run_address>0x2f7d</run_address>
         <size>0x6e</size>
         <input_file_ref idref="fl-27"/>
      </object_component>
      <object_component id="oc-210">
         <name>.debug_line</name>
         <load_address>0x2feb</load_address>
         <run_address>0x2feb</run_address>
         <size>0x170</size>
         <input_file_ref idref="fl-27"/>
      </object_component>
      <object_component id="oc-26a">
         <name>.debug_line</name>
         <load_address>0x315b</load_address>
         <run_address>0x315b</run_address>
         <size>0x37</size>
         <input_file_ref idref="fl-27"/>
      </object_component>
      <object_component id="oc-2bd">
         <name>.debug_line</name>
         <load_address>0x3192</load_address>
         <run_address>0x3192</run_address>
         <size>0x3a</size>
         <input_file_ref idref="fl-28"/>
      </object_component>
      <object_component id="oc-215">
         <name>.debug_line</name>
         <load_address>0x31cc</load_address>
         <run_address>0x31cc</run_address>
         <size>0x79</size>
         <input_file_ref idref="fl-28"/>
      </object_component>
      <object_component id="oc-2d4">
         <name>.debug_line</name>
         <load_address>0x3245</load_address>
         <run_address>0x3245</run_address>
         <size>0x47</size>
         <input_file_ref idref="fl-29"/>
      </object_component>
      <object_component id="oc-276">
         <name>.debug_line</name>
         <load_address>0x328c</load_address>
         <run_address>0x328c</run_address>
         <size>0x53</size>
         <input_file_ref idref="fl-29"/>
      </object_component>
      <object_component id="oc-2c7">
         <name>.debug_line</name>
         <load_address>0x32df</load_address>
         <run_address>0x32df</run_address>
         <size>0x20</size>
         <input_file_ref idref="fl-2a"/>
      </object_component>
      <object_component id="oc-260">
         <name>.debug_line</name>
         <load_address>0x32ff</load_address>
         <run_address>0x32ff</run_address>
         <size>0x5e</size>
         <input_file_ref idref="fl-2a"/>
      </object_component>
      <object_component id="oc-2bf">
         <name>.debug_line</name>
         <load_address>0x335d</load_address>
         <run_address>0x335d</run_address>
         <size>0x20</size>
         <input_file_ref idref="fl-2b"/>
      </object_component>
      <object_component id="oc-229">
         <name>.debug_line</name>
         <load_address>0x337d</load_address>
         <run_address>0x337d</run_address>
         <size>0x71</size>
         <input_file_ref idref="fl-2b"/>
      </object_component>
      <object_component id="oc-2c3">
         <name>.debug_line</name>
         <load_address>0x33ee</load_address>
         <run_address>0x33ee</run_address>
         <size>0x20</size>
         <input_file_ref idref="fl-2c"/>
      </object_component>
      <object_component id="oc-253">
         <name>.debug_line</name>
         <load_address>0x340e</load_address>
         <run_address>0x340e</run_address>
         <size>0x5e</size>
         <input_file_ref idref="fl-2c"/>
      </object_component>
      <object_component id="oc-2d1">
         <name>.debug_line</name>
         <load_address>0x346c</load_address>
         <run_address>0x346c</run_address>
         <size>0x47</size>
         <input_file_ref idref="fl-2d"/>
      </object_component>
      <object_component id="oc-279">
         <name>.debug_line</name>
         <load_address>0x34b3</load_address>
         <run_address>0x34b3</run_address>
         <size>0x5a</size>
         <input_file_ref idref="fl-2d"/>
      </object_component>
      <object_component id="oc-270">
         <name>.debug_line</name>
         <load_address>0x350d</load_address>
         <run_address>0x350d</run_address>
         <size>0x78</size>
         <input_file_ref idref="fl-2d"/>
      </object_component>
      <object_component id="oc-2d8">
         <name>.debug_line</name>
         <load_address>0x3585</load_address>
         <run_address>0x3585</run_address>
         <size>0x47</size>
         <input_file_ref idref="fl-2e"/>
      </object_component>
      <object_component id="oc-2af">
         <name>.debug_line</name>
         <load_address>0x35cc</load_address>
         <run_address>0x35cc</run_address>
         <size>0x58</size>
         <input_file_ref idref="fl-2e"/>
      </object_component>
      <object_component id="oc-2da">
         <name>.debug_line</name>
         <load_address>0x3624</load_address>
         <run_address>0x3624</run_address>
         <size>0x20</size>
         <input_file_ref idref="fl-2f"/>
      </object_component>
      <object_component id="oc-2c9">
         <name>.debug_line</name>
         <load_address>0x3644</load_address>
         <run_address>0x3644</run_address>
         <size>0x6b</size>
         <input_file_ref idref="fl-2f"/>
      </object_component>
      <object_component id="oc-142">
         <name>.debug_line</name>
         <load_address>0x36af</load_address>
         <run_address>0x36af</run_address>
         <size>0xd2</size>
         <input_file_ref idref="fl-31"/>
      </object_component>
      <object_component id="oc-13f">
         <name>.debug_line</name>
         <load_address>0x3781</load_address>
         <run_address>0x3781</run_address>
         <size>0xa8</size>
         <input_file_ref idref="fl-32"/>
      </object_component>
      <object_component id="oc-149">
         <name>.debug_line</name>
[...]
         <caller_list>
            <trampoline_call_site>
               <caller_address>0x19b0</caller_address>
               <caller_object_component_ref idref="oc-160-271ff208"/>
            </trampoline_call_site>
            <trampoline_call_site>
               <caller_address>0x1a70</caller_address>
               <caller_object_component_ref idref="oc-160-271ff208"/>
            </trampoline_call_site>
         </caller_list>
      </far_call_trampoline>
      <far_call_trampoline>
         <callee_name>Fapi_BlockErase</callee_name>
         <callee_addr>0x8002170</callee_addr>
         <trampoline_object_component_ref idref="oc-309"/>
         <trampoline_address>0x3da4</trampoline_address>
         <caller_list>
            <trampoline_call_site>
               <caller_address>0x193c</caller_address>
               <caller_object_component_ref idref="oc-160-271ff208"/>
            </trampoline_call_site>
         </caller_list>
      </far_call_trampoline>
      <far_call_trampoline>
         <callee_name>BLInternalFlashStartAddrCheck</callee_name>
         <callee_addr>0x8002058</callee_addr>
         <trampoline_object_component_ref idref="oc-308"/>
         <trampoline_address>0x3dac</trampoline_address>
         <caller_list>
            <trampoline_call_site>
               <caller_address>0x1914</caller_address>
               <caller_object_component_ref idref="oc-160-271ff208"/>
            </trampoline_call_site>
         </caller_list>
      </far_call_trampoline>
   </far_call_trampoline_list>
   <trampoline_count>0x3</trampoline_count>
   <trampoline_call_count>0x4</trampoline_call_count>
   <symbol_table>
      <symbol id="sm-1">
         <name>api_load</name>
         <value>0x20</value>
      </symbol>
      <symbol id="sm-2">
         <name>api_run</name>
         <value>0x8002000</value>
      </symbol>
      <symbol id="sm-3">
         <name>api_size</name>
         <value>0xf28</value>
      </symbol>
      <symbol id="sm-4">
         <name>__start___llvm_prf_cnts</name>
         <value>0x8002000</value>
      </symbol>
      <symbol id="sm-5">
         <name>__stop___llvm_prf_cnts</name>
         <value>0x8002000</value>
      </symbol>
      <symbol id="sm-6">
         <name>__TI_CINIT_Base</name>
         <value>0x4810</value>
      </symbol>
      <symbol id="sm-7">
         <name>__TI_CINIT_Limit</name>
         <value>0x4820</value>
      </symbol>
      <symbol id="sm-8">
         <name>__TI_Handler_Table_Base</name>
         <value>0x47f8</value>
      </symbol>
      <symbol id="sm-9">
         <name>__TI_Handler_Table_Limit</name>
         <value>0x4804</value>
      </symbol>
      <symbol id="sm-a">
         <name>binit</name>
         <value>0xffffffff</value>
      </symbol>
      <symbol id="sm-b">
         <name>__binit__</name>
         <value>0xffffffff</value>
      </symbol>
      <symbol id="sm-c">
         <name>__STACK_SIZE</name>
         <value>0x800</value>
      </symbol>
      <symbol id="sm-d">
         <name>__STACK_END</name>
         <value>0x47e0</value>
      </symbol>
      <symbol id="sm-e">
         <name>__c_args__</name>
         <value>0xffffffff</value>
      </symbol>
      <symbol id="sm-f">
         <name>__TI_pprof_out_hndl</name>
         <value>0xffffffff</value>
      </symbol>
      <symbol id="sm-10">
         <name>__TI_prof_data_start</name>
         <value>0xffffffff</value>
      </symbol>
      <symbol id="sm-11">
         <name>__TI_prof_data_size</name>
         <value>0xffffffff</value>
      </symbol>
      <symbol id="sm-51">
         <name>Fapi_serviceWatchdogTimer</name>
         <value>0x8002000</value>
         <object_component_ref idref="oc-2b3"/>
      </symbol>
      <symbol id="sm-81">
         <name>g_ulForced</name>
         <value>0x80033e4</value>
      </symbol>
      <symbol id="sm-82">
         <name>CheckForceUpdate</name>
         <value>0x3964</value>
         <object_component_ref idref="oc-f8"/>
      </symbol>
      <symbol id="sm-83">
         <name>CheckGPIOForceUpdate</name>
         <value>0x38e4</value>
         <object_component_ref idref="oc-f8"/>
      </symbol>
      <symbol id="sm-e2">
         <name>Flash_Erase_Check</name>
         <value>0x800262c</value>
         <object_component_ref idref="oc-1d7"/>
      </symbol>
      <symbol id="sm-e3">
         <name>Fapi_BlockRead</name>
         <value>0x8002678</value>
         <object_component_ref idref="oc-1d7"/>
      </symbol>
      <symbol id="sm-e4">
         <name>Flash_Program_Check</name>
         <value>0x80025dc</value>
         <object_component_ref idref="oc-1d7"/>
      </symbol>
      <symbol id="sm-e5">
         <name>flash_sector</name>
         <value>0x3db4</value>
         <object_component_ref idref="oc-217"/>
      </symbol>
      <symbol id="sm-e6">
         <name>Fapi_BlockErase</name>
         <value>0x8002170</value>
         <object_component_ref idref="oc-1d7"/>
      </symbol>
      <symbol id="sm-e7">
         <name>BLInternalFlashSizeGet</name>
         <value>0x8002030</value>
         <object_component_ref idref="oc-1d7"/>
      </symbol>
      <symbol id="sm-e8">
         <name>Fapi_BlockProgram</name>
         <value>0x80023d8</value>
         <object_component_ref idref="oc-1d7"/>
      </symbol>
      <symbol id="sm-e9">
         <name>Fapi_UpdateStatusProgram</name>
         <value>0x8002520</value>
         <object_component_ref idref="oc-1d7"/>
      </symbol>
      <symbol id="sm-ea">
         <name>BLInternalFlashStartAddrCheck</name>
         <value>0x8002058</value>
         <object_component_ref idref="oc-1d7"/>
      </symbol>
      <symbol id="sm-eb">
         <name>BLInternalFlashFirstSectorSizeGet</name>
         <value>0x8002008</value>
         <object_component_ref idref="oc-1d7"/>
      </symbol>
      <symbol id="sm-10e">
         <name>run_LED_StartUp</name>
         <value>0x39d0</value>
         <object_component_ref idref="oc-166"/>
      </symbol>
      <symbol id="sm-15a">
         <name>g_ulTransferAddress</name>
         <value>0x80033e8</value>
      </symbol>
      <symbol id="sm-15b">
         <name>SYS_S_IntDisable</name>
         <value>0x3374</value>
         <object_component_ref idref="oc-ba"/>
      </symbol>
      <symbol id="sm-15c">
         <name>ConfigureUartDevice</name>
         <value>0x3264</value>
         <object_component_ref idref="oc-ba"/>
      </symbol>
      <symbol id="sm-15d">
         <name>SYS_S_InitRti</name>
         <value>0x32a8</value>
         <object_component_ref idref="oc-ba"/>
      </symbol>
      <symbol id="sm-15e">
         <name>SYS_S_CopyFlashModuleToRam</name>
         <value>0x3394</value>
         <object_component_ref idref="oc-ba"/>
      </symbol>
      <symbol id="sm-15f">
         <name>g_ulUpdateStatusAddr</name>
         <value>0x8003350</value>
         <object_component_ref idref="oc-159"/>
      </symbol>
      <symbol id="sm-160">
         <name>main</name>
         <value>0x3204</value>
         <object_component_ref idref="oc-ba"/>
      </symbol>
      <symbol id="sm-161">
         <name>g_pulUpdateSuccess</name>
         <value>0x8003328</value>
         <object_component_ref idref="oc-15c"/>
      </symbol>
      <symbol id="sm-162">
         <name>SYS_Delay</name>
         <value>0x3270</value>
         <object_component_ref idref="oc-ba"/>
      </symbol>
      <symbol id="sm-163">
         <name>SYS_S_IntEnable</name>
         <value>0x3384</value>
         <object_component_ref idref="oc-ba"/>
      </symbol>
      <symbol id="sm-164">
         <name>g_ulUpdateBufferSize</name>
         <value>0x8003354</value>
         <object_component_ref idref="oc-159"/>
      </symbol>
      <symbol id="sm-1af">
         <name>JumpAddress</name>
         <value>0x80033e0</value>
      </symbol>
      <symbol id="sm-1b0">
         <name>UART_Upload</name>
         <value>0x2780</value>
         <object_component_ref idref="oc-fe"/>
      </symbol>
      <symbol id="sm-1b1">
         <name>UpdaterUART</name>
         <value>0x2828</value>
         <object_component_ref idref="oc-fe"/>
      </symbol>
      <symbol id="sm-1b2">
         <name>tab_1024</name>
         <value>0x8002f28</value>
         <object_component_ref idref="oc-175"/>
      </symbol>
      <symbol id="sm-1b3">
         <name>UART_Download</name>
         <value>0x26c0</value>
         <object_component_ref idref="oc-fe"/>
      </symbol>
      <symbol id="sm-223">
         <name>fileName</name>
         <value>0x800335c</value>
      </symbol>
      <symbol id="sm-224">
         <name>SendDataPacket</name>
         <value>0x1b94</value>
         <object_component_ref idref="oc-160"/>
      </symbol>
      <symbol id="sm-225">
         <name>Ymodem_Receive</name>
         <value>0x1500</value>
         <object_component_ref idref="oc-160"/>
      </symbol>
      <symbol id="sm-226">
         <name>Ymodem_Transmit</name>
         <value>0x1d6c</value>
         <object_component_ref idref="oc-160"/>
      </symbol>
      <symbol id="sm-26f">
         <name>g_sciTransfer</name>
         <value>0x80033bc</value>
      </symbol>
      <symbol id="sm-270">
         <name>sciIsTxReady</name>
         <value>0x2ef4</value>
         <object_component_ref idref="oc-ec"/>
      </symbol>
      <symbol id="sm-271">
         <name>sciIsRxReady</name>
         <value>0x3054</value>
         <object_component_ref idref="oc-ec"/>
      </symbol>
      <symbol id="sm-272">
         <name>sciSetBaudrate</name>
         <value>0x2e70</value>
         <object_component_ref idref="oc-ec"/>
      </symbol>
      <symbol id="sm-273">
         <name>sciInit</name>
         <value>0x2d18</value>
         <object_component_ref idref="oc-ec"/>
      </symbol>
      <symbol id="sm-274">
         <name>sciReceive</name>
         <value>0x30d8</value>
         <object_component_ref idref="oc-ec"/>
      </symbol>
      <symbol id="sm-275">
         <name>sciSetFunctional</name>
         <value>0x2e50</value>
         <object_component_ref idref="oc-ec"/>
      </symbol>
      <symbol id="sm-276">
         <name>sciSend</name>
         <value>0x2f40</value>
         <object_component_ref idref="oc-ec"/>
      </symbol>
      <symbol id="sm-277">
         <name>sciRxError</name>
         <value>0x3070</value>
         <object_component_ref idref="oc-ec"/>
      </symbol>
      <symbol id="sm-278">
         <name>sciReceiveByte</name>
         <value>0x30a0</value>
         <object_component_ref idref="oc-ec"/>
      </symbol>
      <symbol id="sm-279">
         <name>sciSendByte</name>
         <value>0x2f10</value>
         <object_component_ref idref="oc-ec"/>
      </symbol>
      <symbol id="sm-2ce">
         <name>UART_getChar</name>
         <value>0x2404</value>
         <object_component_ref idref="oc-f2"/>
      </symbol>
      <symbol id="sm-2cf">
         <name>UART_txByte</name>
         <value>0x24e0</value>
         <object_component_ref idref="oc-f2"/>
      </symbol>
      <symbol id="sm-2d0">
         <name>UART_rxByte</name>
         <value>0x2468</value>
         <object_component_ref idref="oc-f2"/>
      </symbol>
      <symbol id="sm-2d1">
         <name>UART_putChar</name>
         <value>0x2680</value>
         <object_component_ref idref="oc-f2"/>
      </symbol>
      <symbol id="sm-2d2">
         <name>UART_putString</name>
         <value>0x2640</value>
         <object_component_ref idref="oc-f2"/>
      </symbol>
      <symbol id="sm-2d3">
         <name>UART_getKey</name>
         <value>0x23c8</value>
         <object_component_ref idref="oc-f2"/>
      </symbol>
      <symbol id="sm-2d4">
         <name>Int2Str</name>
         <value>0x1f58</value>
         <object_component_ref idref="oc-f2"/>
      </symbol>
      <symbol id="sm-2d5">
         <name>UART_send32BitData</name>
         <value>0x25a0</value>
         <object_component_ref idref="oc-f2"/>
      </symbol>
      <symbol id="sm-2d6">
         <name>Str2Int</name>
         <value>0x204c</value>
         <object_component_ref idref="oc-f2"/>
      </symbol>
      <symbol id="sm-2d7">
         <name>U32toStr</name>
         <value>0x2514</value>
         <object_component_ref idref="oc-f2"/>
      </symbol>
      <symbol id="sm-2ef">
         <name>get_software_Version</name>
         <value>0x3654</value>
         <object_component_ref idref="oc-16c"/>
      </symbol>
      <symbol id="sm-2f0">
         <name>get_hardware_Info</name>
         <value>0x3668</value>
         <object_component_ref idref="oc-16c"/>
      </symbol>
      <symbol id="sm-305">
         <name>phantomInterrupt</name>
         <value>0x3d90</value>
         <object_component_ref idref="oc-2c"/>
      </symbol>
      <symbol id="sm-316">
         <name>_cal_crc16_</name>
         <value>0x3bb4</value>
         <object_component_ref idref="oc-1d2"/>
      </symbol>
      <symbol id="sm-33b">
         <name>Fapi_issueAsyncCommandWithAddress</name>
         <value>0x8002e05</value>
         <object_component_ref idref="oc-205"/>
      </symbol>
      <symbol id="sm-34c">
         <name>Fapi_enableMainBankSectors</name>
         <value>0x8002c79</value>
         <object_component_ref idref="oc-1ff"/>
      </symbol>
      <symbol id="sm-36f">
         <name>Fapi_initializeFlashBanks</name>
         <value>0x8002725</value>
         <object_component_ref idref="oc-1f3"/>
      </symbol>
      <symbol id="sm-37e">
         <name>_Fapi_issueFsmCommand</name>
         <value>0x8002d91</value>
         <object_component_ref idref="oc-257"/>
      </symbol>
      <symbol id="sm-39b">
         <name>_scaleMainFclk</name>
         <value>0x8002f05</value>
         <object_component_ref idref="oc-234"/>
      </symbol>
      <symbol id="sm-39c">
         <name>_scaleEEFclk</name>
         <value>0x8002ef5</value>
         <object_component_ref idref="oc-23a"/>
      </symbol>
      <symbol id="sm-3b6">
         <name>Fapi_setActiveFlashBank</name>
         <value>0x8002985</value>
         <object_component_ref idref="oc-1f9"/>
      </symbol>
      <symbol id="sm-3d9">
         <name>Fapi_issueProgrammingCommand</name>
         <value>0x8002b01</value>
         <object_component_ref idref="oc-20b"/>
      </symbol>
      <symbol id="sm-3e9">
         <name>Fapi_doMarginReadByByte</name>
         <value>0x8002d51</value>
         <object_component_ref idref="oc-211"/>
      </symbol>
      <symbol id="sm-3f7">
         <name>_Fapi_checkWdService</name>
         <value>0x8002f15</value>
         <object_component_ref idref="oc-272"/>
      </symbol>
      <symbol id="sm-406">
         <name>Fapi_calculateEcc</name>
         <value>0x8002ed1</value>
         <object_component_ref idref="oc-25f"/>
      </symbol>
      <symbol id="sm-415">
         <name>Fapi_calculateFletcherChecksum</name>
         <value>0x8002dcd</value>
         <object_component_ref idref="oc-228"/>
      </symbol>
      <symbol id="sm-424">
         <name>Fapi_getNumberOfBankSectors</name>
         <value>0x8002ee5</value>
         <object_component_ref idref="oc-24f"/>
      </symbol>
      <symbol id="sm-441">
         <name>_Fapi_enterMarginMode</name>
         <value>0x8002ce9</value>
         <object_component_ref idref="oc-26c"/>
      </symbol>
      <symbol id="sm-442">
         <name>_Fapi_exitMarginMode</name>
         <value>0x8002e65</value>
         <object_component_ref idref="oc-278"/>
      </symbol>
      <symbol id="sm-44f">
         <name>Fapi_flushPipeline</name>
         <value>0x8002e91</value>
         <object_component_ref idref="oc-2ab"/>
      </symbol>
      <symbol id="sm-45f">
         <name>Fapi_waitDelay</name>
         <value>0x8002e35</value>
         <object_component_ref idref="oc-2c8"/>
      </symbol>
      <symbol id="sm-477">
         <name>__aeabi_dsub</name>
         <value>0x349d</value>
         <object_component_ref idref="oc-140"/>
      </symbol>
      <symbol id="sm-478">
         <name>__aeabi_dadd</name>
         <value>0x34a7</value>
         <object_component_ref idref="oc-140"/>
      </symbol>
      <symbol id="sm-48c">
         <name>__aeabi_ddiv</name>
         <value>0x37ad</value>
         <object_component_ref idref="oc-13b"/>
      </symbol>
      <symbol id="sm-496">
         <name>__aeabi_d2uiz</name>
         <value>0x3ca5</value>
         <object_component_ref idref="oc-145"/>
      </symbol>
      <symbol id="sm-4b1">
         <name>memcpy</name>
         <value>0x3aad</value>
         <object_component_ref idref="oc-3e"/>
      </symbol>
      <symbol id="sm-4b2">
         <name>__aeabi_memcpy</name>
         <value>0x3aad</value>
         <object_component_ref idref="oc-3e"/>
      </symbol>
      <symbol id="sm-4b3">
         <name>__aeabi_memcpy8</name>
         <value>0x3aad</value>
         <object_component_ref idref="oc-3e"/>
      </symbol>
      <symbol id="sm-4b4">
         <name>__aeabi_memcpy4</name>
         <value>0x3aad</value>
         <object_component_ref idref="oc-3e"/>
      </symbol>
      <symbol id="sm-4be">
         <name>__aeabi_ui2d</name>
         <value>0x3d25</value>
         <object_component_ref idref="oc-136"/>
      </symbol>
      <symbol id="sm-4cd">
         <name>_c_int00</name>
         <value>0x3ce8</value>
         <object_component_ref idref="oc-1f"/>
      </symbol>
      <symbol id="sm-4ce">
         <name>__stack</name>
         <value>0x3fe0</value>
         <object_component_ref idref="oc-32"/>
      </symbol>
      <symbol id="sm-4da">
         <name>__aeabi_uidivmod</name>
         <value>0x3c10</value>
         <object_component_ref idref="oc-14e"/>
      </symbol>
      <symbol id="sm-4db">
         <name>__aeabi_uidiv</name>
         <value>0x3c10</value>
         <object_component_ref idref="oc-14e"/>
      </symbol>
      <symbol id="sm-4e5">
         <name>__mpu_init</name>
         <value>0x3653</value>
         <object_component_ref idref="oc-56"/>
      </symbol>
      <symbol id="sm-50d">
         <name>__TI_auto_init_nobinit_nopinit</name>
         <value>0x3c61</value>
         <object_component_ref idref="oc-8a"/>
      </symbol>
      <symbol id="sm-517">
         <name>_system_pre_init</name>
         <value>0x3d87</value>
         <object_component_ref idref="oc-5c"/>
      </symbol>
      <symbol id="sm-52c">
         <name>__TI_zero_init_nomemset</name>
         <value>0x3d45</value>
         <object_component_ref idref="oc-4a"/>
      </symbol>
      <symbol id="sm-543">
         <name>__TI_decompress_none</name>
         <value>0x3d79</value>
         <object_component_ref idref="oc-18"/>
      </symbol>
      <symbol id="sm-566">
         <name>__TI_decompress_lzss</name>
         <value>0x3b49</value>
         <object_component_ref idref="oc-12"/>
      </symbol>
      <symbol id="sm-571">
         <name>C$$EXIT</name>
         <value>0x3d8b</value>
         <object_component_ref idref="oc-c2"/>
      </symbol>
      <symbol id="sm-572">
         <name>abort</name>
         <value>0x3d8b</value>
         <object_component_ref idref="oc-c2"/>
      </symbol>
      <symbol id="sm-587">
         <name>_args_main</name>
         <value>0x3d61</value>
         <object_component_ref idref="oc-63"/>
      </symbol>
      <symbol id="sm-591">
         <name>__aeabi_idiv0</name>
         <value>0x38e3</value>
         <object_component_ref idref="oc-1c4"/>
      </symbol>
      <symbol id="sm-592">
         <name>__aeabi_ldiv0</name>
         <value>0x38e3</value>
         <object_component_ref idref="oc-1c4"/>
      </symbol>
      <symbol id="sm-594">
         <name>__TI_static_base__</name>
         <value>0x0</value>
      </symbol>
      <symbol id="sm-599">
         <name>Sendbasemessage</name>
         <value>0x0</value>
      </symbol>
      <symbol id="sm-59a">
         <name>_system_post_cinit</name>
         <value>0x0</value>
      </symbol>
   </symbol_table>
   <title>Link errors: red sections failed placement</title>
</link_info>
