******************************************************************************
                  TI ARM Linker PC v20.2.7                     
******************************************************************************
>> Linked Tue May 28 18:25:55 2024

OUTPUT FILE NAME:   <ls31_uart_boot.out>
ENTRY POINT SYMBOL: "_c_int00"  address: 00003ce8


MEMORY CONFIGURATION

         name            origin    length      used     unused   attr    fill
----------------------  --------  ---------  --------  --------  ----  --------
  VECTORS               00000000   00000020  00000020  00000000     X
  FLASH_API             00000020   000014e0  00000f28  000005b8  R  X
  FLASH0                00001500   002feb00  0000331a  002fb7e6  R  X
  STACK                 08000000   00002000  00000000  00002000  RW  
  SRAM                  08002000   0002d000  000013e9  0002bc17  RW  


SEGMENT ALLOCATION MAP

run origin  load origin   length   init length attrs members
----------  ----------- ---------- ----------- ----- -------
00000000    00000000    00000020   00000020    r-x
  00000000    00000000    00000020   00000020    r-x .intvecs
00001500    00001500    00002ada   00002ada    r-x
  00001500    00001500    000028b4   000028b4    r-x .text
  00003db4    00003db4    00000226   00000226    r-- .const
00003fe0    00003fe0    00000800   00000000    rw-
  00003fe0    00003fe0    00000800   00000000    rw- .stack
000047e0    000047e0    00000040   00000040    r--
  000047e0    000047e0    00000040   00000040    r-- .cinit
08002000    00000020    00000f28   00000f28    r-x
  08002000    00000020    00000f28   00000f28    r-x flashAPI
08002f28    08002f28    000004c4   00000000    rw-
  08002f28    08002f28    00000431   00000000    rw- .data
  0800335c    0800335c    00000090   00000000    rw- .bss


SECTION ALLOCATION MAP

 output                                  attributes/
section   page    origin      length       input sections
--------  ----  ----------  ----------   ----------------
.intvecs   0    00000000    00000020     
                  00000000    00000020     sys_intvecs.obj (.intvecs)

flashAPI   0    00000020    00000f28     RUN ADDR = 08002000
                  00000020    00000008     Fapi_UserDefinedFunctions.obj (.text)
                  00000028    0000071c     bl_flash.obj (.text)
                  00000744    00000260     F021_API_CortexR4_BE.lib : FlashStateMachine.InitializeFlashBanks.obj (.text:Fapi_initializeFlashBanks)
                  000009a4    0000017c                              : FlashStateMachine.SetActiveBank.obj (.text:Fapi_setActiveFlashBank)
                  00000b20    00000178                              : Program.obj (.text:Fapi_issueProgrammingCommand)
                  00000c98    00000070                              : FlashStateMachine.EnableMainSectors.obj (.text:Fapi_enableMainBankSectors)
                  00000d08    00000068                              : Read.Common.obj (.text:_Fapi_enterMarginMode)
                  00000d70    00000040                              : Read.MarginByByte.obj (.text:Fapi_doMarginReadByByte)
                  00000db0    0000003c                              : FlashStateMachine.IssueFsmCommand.obj (.text:_Fapi_issueFsmCommand)
                  00000dec    00000036                              : Utilities.CalculateFletcher.obj (.text:Fapi_calculateFletcherChecksum)
                  00000e22    00000002     --HOLE-- [fill = 0]
                  00000e24    00000030                              : Async.WithAddress.obj (.text:Fapi_issueAsyncCommandWithAddress)
                  00000e54    00000030                              : Utilities.WaitDelay.obj (.text:Fapi_waitDelay)
                  00000e84    0000002c                              : Read.Common.obj (.text:_Fapi_exitMarginMode)
                  00000eb0    00000022                              : Read.FlushPipeline.obj (.text:Fapi_flushPipeline)
                  00000ed2    0000001c                              : FlashStateMachine.InitializeFlashBanks.obj (.text:_Fapi_divideUnsignedLong)
                  00000eee    00000002     --HOLE-- [fill = 0]
                  00000ef0    00000014                              : Utilities.CalculateEcc.obj (.text:Fapi_calculateEcc)
                  00000f04    00000010                              : Utilities.GetNumberOfSectors.obj (.text:Fapi_getNumberOfBankSectors)
                  00000f14    00000010                              : FlashStateMachine.ScaleFclk.obj (.text:_scaleEEFclk)
                  00000f24    00000010                              : FlashStateMachine.ScaleFclk.obj (.text:_scaleMainFclk)
                  00000f34    0000000c                              : Read.WdService.obj (.text:_Fapi_checkWdService)
                  00000f40    00000008     Fapi_UserDefinedFunctions.obj (.tramp.Fapi_serviceWatchdogTimer.1)

.text      0    00001500    000028b4     
                  00001500    00000a58     bl_ymodem.obj (.text)
                  00001f58    00000768     sci_common.obj (.text)
                  000026c0    00000658     bl_uart.obj (.text)
                  00002d18    000004ec     hw_sci.obj (.text)
                  00003204    00000298     bl_main.obj (.text)
                  0000349c    000001b6     rtsv7R4_T_be_eabi.lib : fd_add_t2.asm.obj (.text)
                  00003652    00000002                           : mpu_init.c.obj (.text:__mpu_init)
                  00003654    00000158     sw_hw_ver.obj (.text)
                  000037ac    00000136     rtsv7R4_T_be_eabi.lib : fd_div_t2.asm.obj (.text)
                  000038e2    00000002                           : div0.asm.obj (.text)
                  000038e4    000000ec     bl_check.obj (.text)
                  000039d0    000000dc     bl_led_demo.obj (.text)
                  00003aac    0000009c     rtsv7R4_T_be_eabi.lib : memcpy_t2.asm.obj (.text)
                  00003b48    0000006c                           : copy_decompress_lzss.c.obj (.text:decompress:lzss:__TI_decompress_lzss)
                  00003bb4    0000005c     ymodem_crc16.obj (.text)
                  00003c10    00000050     rtsv7R4_T_be_eabi.lib : u_div32.asm.obj (.text)
                  00003c60    00000044                           : autoinit.c.obj (.text:__TI_auto_init_nobinit_nopinit:__TI_auto_init_nobinit_nopinit)
                  00003ca4    00000042                           : fd_tou_t2.asm.obj (.text)
                  00003ce6    00000002     --HOLE-- [fill = 0]
                  00003ce8    0000003c                           : boot_non_cortex_m.asm.obj (.text)
                  00003d24    00000020                           : u_tofd_t2.asm.obj (.text)
                  00003d44    0000001c                           : copy_zero_init.c.obj (.text:decompress:ZI:__TI_zero_init_nomemset:__TI_zero_init_nomemset)
                  00003d60    00000018                           : args_main.c.obj (.text:_args_main)
                  00003d78    0000000e                           : copy_decompress_none.c.obj (.text:decompress:none:__TI_decompress_none)
                  00003d86    00000004                           : pre_init.c.obj (.text:_system_pre_init)
                  00003d8a    00000004                           : exit.c.obj (.text:abort:abort)
                  00003d8e    00000002     --HOLE-- [fill = 0]
                  00003d90    00000004     sys_phantom.obj (.text:retain)
                  00003d94    00000008     bl_main.obj (.tramp.main.1)
                  00003d9c    00000008     bl_flash.obj (.tramp.Fapi_BlockProgram.1)
                  00003da4    00000008     bl_flash.obj (.tramp.Fapi_BlockErase.1)
                  00003dac    00000008     bl_flash.obj (.tramp.BLInternalFlashStartAddrCheck.1)

.const     0    00003db4    00000226     
                  00003db4    0000021c     bl_flash.obj (.const:flash_sector)
                  00003fd0    0000000a     bl_uart.obj (.const:.string:$P$T0$1)

.cinit     0    000047e0    00000040     
                  000047e0    00000015     (.cinit..data.load) [load image, compression = lzss]
                  000047f5    00000003     --HOLE-- [fill = 0]
                  000047f8    0000000c     (__TI_handler_table)
                  00004804    00000004     --HOLE-- [fill = 0]
                  00004808    00000008     (.cinit..bss.load) [load image, compression = zero_init]
                  00004810    00000010     (__TI_cinit_table)

.data      0    08002f28    00000431     UNINITIALIZED
                  08002f28    00000400     bl_uart.obj (.data:tab_1024)
                  08003328    00000020     bl_main.obj (.data:g_pulUpdateSuccess)
                  08003348    00000008     F021_API_CortexR4_BE.lib : FlashStateMachine.ScaleFclk.obj (.data)
                  08003350    00000008     bl_main.obj (.data)
                  08003358    00000001     F021_API_CortexR4_BE.lib : FlashStateMachine.SetActiveBank.obj (.data)

.bss       0    0800335c    00000090     UNINITIALIZED
                  0800335c    00000060     (.common:fileName)
                  080033bc    00000018     (.common:g_sciTransfer)
                  080033d4    0000000c     sci_common.obj (.bss:num_str$1)
                  080033e0    00000004     (.common:JumpAddress)
                  080033e4    00000004     (.common:g_ulForced)
                  080033e8    00000004     (.common:g_ulTransferAddress)

__llvm_prf_cnts 
*          0    08002000    00000000     UNINITIALIZED

.stack     0    00003fe0    00000800     UNINITIALIZED
                  00003fe0    00000800     --HOLE--

MODULE SUMMARY

       Module                                       code    ro data   rw data
       ------                                       ----    -------   -------
    .\
       bl_flash.obj                                 3664    540       0      
       bl_ymodem.obj                                2648    0         96     
       bl_uart.obj                                  1624    10        1028   
       sci_common.obj                               1896    0         12     
       hw_sci.obj                                   1260    0         24     
       bl_main.obj                                  672     0         44     
       sw_hw_ver.obj                                344     0         0      
       bl_check.obj                                 236     0         4      
       bl_led_demo.obj                              220     0         0      
       ymodem_crc16.obj                             92      0         0      
       Fapi_UserDefinedFunctions.obj                32      0         0      
       sys_intvecs.obj                              32      0         0      
       sys_phantom.obj                              4       0         0      
    +--+--------------------------------------------+-------+---------+---------+
       Total:                                       12724   550       1208   
                                                                             
    ..\..\..\lib\F021_API_CortexR4_BE.lib
       FlashStateMachine.InitializeFlashBanks.obj   1272    0         0      
       FlashStateMachine.SetActiveBank.obj          760     0         1      
       Program.obj                                  752     0         0      
       Read.Common.obj                              296     0         0      
       FlashStateMachine.EnableMainSectors.obj      224     0         0      
       Read.MarginByByte.obj                        128     0         0      
       FlashStateMachine.IssueFsmCommand.obj        120     0         0      
       Utilities.CalculateFletcher.obj              108     0         0      
       Async.WithAddress.obj                        96      0         0      
       Utilities.WaitDelay.obj                      96      0         0      
       FlashStateMachine.ScaleFclk.obj              64      0         8      
       Read.FlushPipeline.obj                       68      0         0      
       Utilities.CalculateEcc.obj                   40      0         0      
       Utilities.GetNumberOfSectors.obj             32      0         0      
       Read.WdService.obj                           24      0         0      
    +--+--------------------------------------------+-------+---------+---------+
       Total:                                       4080    0         9      
                                                                             
    D:/CCS12.7.0.00007_win64/ccs/tools/compiler/ti-cgt-arm_20.2.7.LTS/lib/rtsv7R4_T_be_eabi.lib
       fd_add_t2.asm.obj                            438     0         0      
       fd_div_t2.asm.obj                            310     0         0      
       memcpy_t2.asm.obj                            156     0         0      
       copy_decompress_lzss.c.obj                   108     0         0      
       u_div32.asm.obj                              80      0         0      
       autoinit.c.obj                               68      0         0      
       fd_tou_t2.asm.obj                            66      0         0      
       boot_non_cortex_m.asm.obj                    60      0         0      
       u_tofd_t2.asm.obj                            32      0         0      
       copy_zero_init.c.obj                         28      0         0      
       args_main.c.obj                              24      0         0      
       copy_decompress_none.c.obj                   14      0         0      
       exit.c.obj                                   4       0         0      
       pre_init.c.obj                               4       0         0      
       div0.asm.obj                                 2       0         0      
       mpu_init.c.obj                               2       0         0      
    +--+--------------------------------------------+-------+---------+---------+
       Total:                                       1396    0         0      
                                                                             
       Stack:                                       0       0         2048   
       Linker Generated:                            0       57        0      
    +--+--------------------------------------------+-------+---------+---------+
       Grand Total:                                 18200   607       3265   


LINKER GENERATED COPY TABLES

__TI_cinit_table @ 00004810 records: 2, size/record: 8, table size: 16
	.data: load addr=000047e0, load size=00000015 bytes, run addr=08002f28, run size=00000431 bytes, compression=lzss
	.bss: load addr=00004808, load size=00000008 bytes, run addr=0800335c, run size=00000090 bytes, compression=zero_init


LINKER GENERATED HANDLER TABLE

__TI_handler_table @ 000047f8 records: 3, size/record: 4, table size: 12
	index: 0, handler: __TI_decompress_lzss
	index: 1, handler: __TI_decompress_none
	index: 2, handler: __TI_zero_init

VENEERS

callee name               veneer name
   callee addr  veneer addr  call addr  call info
--------------  -----------  ---------  ----------------
Fapi_serviceWatchdogTimer  $Ven$TA$L$PI$$Fapi_serviceWatchdogTimer
   08002000     08002f20     08002f1a   F021_API_CortexR4_BE.lib : Read.WdService.obj (.text:_Fapi_checkWdService)
main                      $Ven$TA$L$PI$$main
   00003204     00003d94     00003d70   rtsv7R4_T_be_eabi.lib : args_main.c.obj (.text:_args_main)

[2 trampolines]
[2 trampoline calls]


FAR CALL TRAMPOLINES

callee name               trampoline name
   callee addr  tramp addr   call addr  call info
--------------  -----------  ---------  ----------------
Fapi_BlockProgram         $Tramp$AA$L$PI$$Fapi_BlockProgram
   080023d8     00003d9c     000019b0   bl_ymodem.obj (.text)
                             00001a70   bl_ymodem.obj (.text)
Fapi_BlockErase           $Tramp$AA$L$PI$$Fapi_BlockErase
   08002170     00003da4     0000193c   bl_ymodem.obj (.text)
BLInternalFlashStartAddrCheck  $Tramp$AA$L$PI$$BLInternalFlashStartAddrCheck
   08002058     00003dac     00001914   bl_ymodem.obj (.text)

[3 trampolines]
[4 trampoline calls]


GLOBAL SYMBOLS: SORTED ALPHABETICALLY BY Name 

address   name                             
-------   ----                             
08002008  BLInternalFlashFirstSectorSizeGet
08002030  BLInternalFlashSizeGet           
08002058  BLInternalFlashStartAddrCheck    
00003d8b  C$$EXIT                          
00003964  CheckForceUpdate                 
000038e4  CheckGPIOForceUpdate             
00003264  ConfigureUartDevice              
08002170  Fapi_BlockErase                  
080023d8  Fapi_BlockProgram                
08002678  Fapi_BlockRead                   
08002520  Fapi_UpdateStatusProgram         
08002ed1  Fapi_calculateEcc                
08002dcd  Fapi_calculateFletcherChecksum   
08002d51  Fapi_doMarginReadByByte          
08002c79  Fapi_enableMainBankSectors       
08002e91  Fapi_flushPipeline               
08002ee5  Fapi_getNumberOfBankSectors      
08002725  Fapi_initializeFlashBanks        
08002e05  Fapi_issueAsyncCommandWithAddress
08002b01  Fapi_issueProgrammingCommand     
08002000  Fapi_serviceWatchdogTimer        
08002985  Fapi_setActiveFlashBank          
08002e35  Fapi_waitDelay                   
0800262c  Flash_Erase_Check                
080025dc  Flash_Program_Check              
00001f58  Int2Str                          
080033e0  JumpAddress                      
00003270  SYS_Delay                        
00003394  SYS_S_CopyFlashModuleToRam       
000032a8  SYS_S_InitRti                    
00003374  SYS_S_IntDisable                 
00003384  SYS_S_IntEnable                  
00001b94  SendDataPacket                   
UNDEFED   Sendbasemessage                  
0000204c  Str2Int                          
00002514  U32toStr                         
000026c0  UART_Download                    
00002780  UART_Upload                      
00002404  UART_getChar                     
000023c8  UART_getKey                      
00002680  UART_putChar                     
00002640  UART_putString                   
00002468  UART_rxByte                      
000025a0  UART_send32BitData               
000024e0  UART_txByte                      
00002828  UpdaterUART                      
00001500  Ymodem_Receive                   
00001d6c  Ymodem_Transmit                  
08002f15  _Fapi_checkWdService             
08002ce9  _Fapi_enterMarginMode            
08002e65  _Fapi_exitMarginMode             
08002d91  _Fapi_issueFsmCommand            
000047e0  __STACK_END                      
00000800  __STACK_SIZE                     
00004810  __TI_CINIT_Base                  
00004820  __TI_CINIT_Limit                 
000047f8  __TI_Handler_Table_Base          
00004804  __TI_Handler_Table_Limit         
00003c61  __TI_auto_init_nobinit_nopinit   
00003b49  __TI_decompress_lzss             
00003d79  __TI_decompress_none             
ffffffff  __TI_pprof_out_hndl              
ffffffff  __TI_prof_data_size              
ffffffff  __TI_prof_data_start             
00000000  __TI_static_base__               
00003d45  __TI_zero_init_nomemset          
00003ca5  __aeabi_d2uiz                    
000034a7  __aeabi_dadd                     
000037ad  __aeabi_ddiv                     
0000349d  __aeabi_dsub                     
000038e3  __aeabi_idiv0                    
000038e3  __aeabi_ldiv0                    
00003aad  __aeabi_memcpy                   
00003aad  __aeabi_memcpy4                  
00003aad  __aeabi_memcpy8                  
00003d25  __aeabi_ui2d                     
00003c10  __aeabi_uidiv                    
00003c10  __aeabi_uidivmod                 
ffffffff  __binit__                        
ffffffff  __c_args__                       
00003653  __mpu_init                       
00003fe0  __stack                          
08002000  __start___llvm_prf_cnts          
08002000  __stop___llvm_prf_cnts           
00003d61  _args_main                       
00003ce8  _c_int00                         
00003bb4  _cal_crc16_                      
08002ef5  _scaleEEFclk                     
08002f05  _scaleMainFclk                   
UNDEFED   _system_post_cinit               
00003d87  _system_pre_init                 
00003d8b  abort                            
00000020  api_load                         
08002000  api_run                          
00000f28  api_size                         
ffffffff  binit                            
0800335c  fileName                         
00003db4  flash_sector                     
08003328  g_pulUpdateSuccess               
080033bc  g_sciTransfer                    
080033e4  g_ulForced                       
080033e8  g_ulTransferAddress              
08003354  g_ulUpdateBufferSize             
08003350  g_ulUpdateStatusAddr             
00003668  get_hardware_Info                
00003654  get_software_Version             
00003204  main                             
00003aad  memcpy                           
00003d90  phantomInterrupt                 
000039d0  run_LED_StartUp                  
00002d18  sciInit                          
00003054  sciIsRxReady                     
00002ef4  sciIsTxReady                     
000030d8  sciReceive                       
000030a0  sciReceiveByte                   
00003070  sciRxError                       
00002f40  sciSend                          
00002f10  sciSendByte                      
00002e70  sciSetBaudrate                   
00002e50  sciSetFunctional                 
08002f28  tab_1024                         


GLOBAL SYMBOLS: SORTED BY Symbol Address 

address   name                             
-------   ----                             
00000000  __TI_static_base__               
00000020  api_load                         
00000800  __STACK_SIZE                     
00000f28  api_size                         
00001500  Ymodem_Receive                   
00001b94  SendDataPacket                   
00001d6c  Ymodem_Transmit                  
00001f58  Int2Str                          
0000204c  Str2Int                          
000023c8  UART_getKey                      
00002404  UART_getChar                     
00002468  UART_rxByte                      
000024e0  UART_txByte                      
00002514  U32toStr                         
000025a0  UART_send32BitData               
00002640  UART_putString                   
00002680  UART_putChar                     
000026c0  UART_Download                    
00002780  UART_Upload                      
00002828  UpdaterUART                      
00002d18  sciInit                          
00002e50  sciSetFunctional                 
00002e70  sciSetBaudrate                   
00002ef4  sciIsTxReady                     
00002f10  sciSendByte                      
00002f40  sciSend                          
00003054  sciIsRxReady                     
00003070  sciRxError                       
000030a0  sciReceiveByte                   
000030d8  sciReceive                       
00003204  main                             
00003264  ConfigureUartDevice              
00003270  SYS_Delay                        
000032a8  SYS_S_InitRti                    
00003374  SYS_S_IntDisable                 
00003384  SYS_S_IntEnable                  
00003394  SYS_S_CopyFlashModuleToRam       
0000349d  __aeabi_dsub                     
000034a7  __aeabi_dadd                     
00003653  __mpu_init                       
00003654  get_software_Version             
00003668  get_hardware_Info                
000037ad  __aeabi_ddiv                     
000038e3  __aeabi_idiv0                    
000038e3  __aeabi_ldiv0                    
000038e4  CheckGPIOForceUpdate             
00003964  CheckForceUpdate                 
000039d0  run_LED_StartUp                  
00003aad  __aeabi_memcpy                   
00003aad  __aeabi_memcpy4                  
00003aad  __aeabi_memcpy8                  
00003aad  memcpy                           
00003b49  __TI_decompress_lzss             
00003bb4  _cal_crc16_                      
00003c10  __aeabi_uidiv                    
00003c10  __aeabi_uidivmod                 
00003c61  __TI_auto_init_nobinit_nopinit   
00003ca5  __aeabi_d2uiz                    
00003ce8  _c_int00                         
00003d25  __aeabi_ui2d                     
00003d45  __TI_zero_init_nomemset          
00003d61  _args_main                       
00003d79  __TI_decompress_none             
00003d87  _system_pre_init                 
00003d8b  C$$EXIT                          
00003d8b  abort                            
00003d90  phantomInterrupt                 
00003db4  flash_sector                     
00003fe0  __stack                          
000047e0  __STACK_END                      
000047f8  __TI_Handler_Table_Base          
00004804  __TI_Handler_Table_Limit         
00004810  __TI_CINIT_Base                  
00004820  __TI_CINIT_Limit                 
08002000  Fapi_serviceWatchdogTimer        
08002000  __start___llvm_prf_cnts          
08002000  __stop___llvm_prf_cnts           
08002000  api_run                          
08002008  BLInternalFlashFirstSectorSizeGet
08002030  BLInternalFlashSizeGet           
08002058  BLInternalFlashStartAddrCheck    
08002170  Fapi_BlockErase                  
080023d8  Fapi_BlockProgram                
08002520  Fapi_UpdateStatusProgram         
080025dc  Flash_Program_Check              
0800262c  Flash_Erase_Check                
08002678  Fapi_BlockRead                   
08002725  Fapi_initializeFlashBanks        
08002985  Fapi_setActiveFlashBank          
08002b01  Fapi_issueProgrammingCommand     
08002c79  Fapi_enableMainBankSectors       
08002ce9  _Fapi_enterMarginMode            
08002d51  Fapi_doMarginReadByByte          
08002d91  _Fapi_issueFsmCommand            
08002dcd  Fapi_calculateFletcherChecksum   
08002e05  Fapi_issueAsyncCommandWithAddress
08002e35  Fapi_waitDelay                   
08002e65  _Fapi_exitMarginMode             
08002e91  Fapi_flushPipeline               
08002ed1  Fapi_calculateEcc                
08002ee5  Fapi_getNumberOfBankSectors      
08002ef5  _scaleEEFclk                     
08002f05  _scaleMainFclk                   
08002f15  _Fapi_checkWdService             
08002f28  tab_1024                         
08003328  g_pulUpdateSuccess               
08003350  g_ulUpdateStatusAddr             
08003354  g_ulUpdateBufferSize             
0800335c  fileName                         
080033bc  g_sciTransfer                    
080033e0  JumpAddress                      
080033e4  g_ulForced                       
080033e8  g_ulTransferAddress              
ffffffff  __TI_pprof_out_hndl              
ffffffff  __TI_prof_data_size              
ffffffff  __TI_prof_data_start             
ffffffff  __binit__                        
ffffffff  __c_args__                       
ffffffff  binit                            
UNDEFED   Sendbasemessage                  
UNDEFED   _system_post_cinit               

[121 symbols]
